[  0%] Generating Docs/INFO_SRC
[  0%] Built target absl_spinlock_wait
[  0%] Built target abi_check
[  0%] Built target absl_leak_check
[  0%] Built target absl_utf8_for_code_point
[  0%] Built target GenLiteProtos
[  0%] Built target absl_flags_commandlineflag_internal
[  0%] Built target libedit_common
[  0%] Built target libedit_vi
[  0%] Built target libedit_emacs
[  0%] Built target absl_log_internal_nullguard
[  0%] Built target absl_strerror
[  0%] Built target libedit_help
[  0%] Built target xxhash_lib
[  0%] Built target all_sys_schema
[  0%] Built target stack_direction
[  0%] Built target lz4_lib
[  0%] Built target opentelemetry_version
[  0%] Built target utf8_range
[  0%] Built target absl_random_internal_platform
[  0%] Built target absl_exponential_biased
[  0%] Built target mysqlservices
[  0%] Built target absl_log_severity
[  0%] Built target absl_civil_time
[  0%] Built target build_id_test
[  0%] Built target libedit_func
[  0%] Built target libedit_fcns
[  0%] Built target INFO_SRC
[  0%] Built target icustubdata
[  0%] Built target json_schema_embedder
[  0%] Built target uca9dump
[  0%] Built target gen_lex_hash
[  0%] Built target mysqltest_safe_process
[  0%] Built target backtrace_objlib
[  0%] Built target kmip
[  0%] Built target cno_huffman_generator
[  0%] Built target router_mysqlclient_shim_objlib
[  1%] Built target zlib_objlib
[  1%] Built target comp_sql
[  2%] Built target mysql_containers
[  2%] Built target absl_periodic_sampler
[  2%] Built target decimal_objlib
[  3%] Built target mytime_objlib
[  3%] Built target oci_common_objlib
[  3%] Built target create_id_token
[  3%] Built target absl_random_internal_randen_hwaes_impl
[  3%] Built target harness_stdx
[  3%] Built target fido_client_common_objlib
[  3%] Built target absl_random_internal_randen_slow
[  3%] Built target absl_raw_logging_internal
[  4%] Built target cbor
[  4%] Built target json_schema_target_configuration_update_schema
[  4%] Built target strings_ja_hans
[  4%] Built target json_schema_target_dynamic_state_schema
[  4%] Built target GenServerSource
[  4%] Built target strings_zh_hans
[  4%] Built target backtrace
[  4%] Built target opentelemetry_common
[  4%] Built target mysql_serialization
[  5%] Built target zstd_objlib
[  5%] Built target vio_objlib
[  5%] Built target harness_tls
[  5%] Built target router_mysqlclient_shim
[  5%] Built target do_cno_huffman_generator
[  5%] Built target demo_create
[  5%] Built target mysql_gtid
[  5%] Built target absl_time_zone
[  5%] Built target zlib
[  5%] Built target demo_get
[  5%] Built target demo_locate
[  5%] Built target demo_destroy
[  5%] Built target mytime
[  5%] Built target demo_register
[  5%] Built target demo_query
[  5%] Built target GenBootstrapPriv
[  5%] Built target oci_common
[  5%] Built target sql_commands
[  5%] Built target decimal
[  5%] Built target kmippp
[  5%] Built target GenFixPrivs
[  5%] Built target kmipcore
[  5%] Built target absl_random_internal_randen_hwaes
[  6%] Built target edit
[  7%] Built target OpenSSLPP
[  7%] Built target routing_frontend_lib
[  7%] Built target absl_throw_delegate
[  7%] Built target zstd
[  7%] Built target vio
[  7%] Built target absl_cordz_functions
[  7%] Built target gen_lex_token
[  7%] Built target absl_scoped_set_env
[  7%] Built target absl_random_seed_gen_exception
[  7%] Built target absl_debugging_internal
[  8%] Built target cno
[  8%] Built target GenSysSchema
[  8%] Generating Sys Schema C code
[  8%] Built target opentelemetry_resources
[  8%] Built target routing_connections
[  8%] Built target absl_base
[  8%] Built target GenSysSchemaC
[  8%] Built target demo_pp_create
[  8%] Built target demo_pp_activate
[  8%] Built target demo_pp_get
[  9%] Built target GenDigestServerSource
[  9%] Built target demo_pp_register
[  9%] Built target demo_pp_get_name
[  9%] Built target demo_pp_locate
[  9%] Built target demo_pp_get_secret
[  9%] Built target demo_pp_revoke
[  9%] Built target demo_pp_destroy
[  9%] Built target demo_pp_all
[  9%] Built target demo_pp_register_secret
[  9%] Built target demo_pp_all_secrets
[  9%] Built target kmip_parser_test
[  9%] Built target absl_random_internal_randen
[  9%] Built target kmip_core_test
[  9%] Built target kmip_serialization_buffer_test
[  9%] Built target opentelemetry_http_client_curl
[  9%] Built target changestreams_standalone_static
[  9%] Built target absl_tracing_internal
[  9%] Built target absl_int128
[  9%] Built target absl_strings_internal
[  9%] Built target absl_log_internal_conditions
[  9%] Built target absl_crc_cpu_detect
[  9%] Built target absl_string_view
[ 10%] Built target kmipclient
[ 10%] Built target absl_city
[ 10%] Built target absl_malloc_internal
[ 10%] Built target absl_decode_rust_punycode
[ 10%] Built target connection_pool
[ 10%] Built target absl_demangle_rust
[ 11%] Built target strings_objlib
[ 11%] Built target absl_poison
[ 11%] Built target example_activate
[ 11%] Built target example_get
[ 11%] Built target example_create_aes
[ 11%] Built target example_register_secret
[ 11%] Built target example_get_tls_verify
[ 11%] Built target example_get_name
[ 11%] Built target example_revoke
[ 11%] Built target example_get_secret
[ 11%] Built target example_destroy
[ 12%] Built target example_locate
[ 12%] Built target example_get_logger
[ 12%] Built target absl_stacktrace
[ 12%] Built target absl_crc_internal
[ 12%] Built target example_get_all_ids
[ 12%] Built target example_register_key
[ 12%] Built target example_locate_by_group
[ 12%] Built target example_get_attributes
[ 12%] Built target example_supported_versions
[ 12%] Built target example_pool
[ 12%] Built target absl_graphcycles_internal
[ 12%] Built target example_query_server_info
[ 12%] Built target absl_demangle_internal
[ 12%] Built target strings
[ 12%] Built target strings_shared
[ 12%] Built target mysql_binlog_event_standalone
[ 13%] Built target fido2
[ 14%] Built target opentelemetry_logs
[ 14%] Built target absl_strings
[ 14%] Built target opentelemetry_trace
[ 14%] Built target conf_to_src
[ 15%] Built target opentelemetry_metrics
[ 15%] Built target opentelemetry_exporter_ostream_logs
[ 15%] Built target utf8_validity
[ 15%] Built target absl_log_internal_fnmatch
[ 15%] Built target absl_flags_commandlineflag
[ 15%] Built target absl_log_internal_proto
[ 15%] Built target absl_symbolize
[ 15%] Built target absl_hash
[ 15%] Built target absl_random_internal_seed_material
[ 15%] Built target opentelemetry_exporter_in_memory
[ 15%] Built target absl_random_distributions
[ 15%] Built target opentelemetry_exporter_ostream_span
[ 16%] Built target absl_time
[ 17%] Built target absl_str_format_internal
[ 17%] Built target opentelemetry_exporter_ostream_metrics
[ 17%] Built target opentelemetry_exporter_in_memory_metric
[ 17%] Built target absl_flags_private_handle_accessor
[ 17%] Built target absl_log_internal_structured_proto
[ 17%] Built target absl_examine_stack
[ 17%] Built target absl_log_internal_globals
[ 17%] Built target absl_kernel_timeout_internal
[ 17%] Built target absl_log_entry
[ 17%] Built target absl_flags_marshalling
[ 17%] Built target absl_random_internal_distribution_test_util
[ 17%] Built target absl_failure_signal_handler
[ 17%] Built target absl_crc32c
[ 18%] Built target mysqlgcs
[ 18%] Built target absl_log_internal_format
[ 18%] Built target absl_log_sink
[ 18%] Built target absl_crc_cord_state
[ 18%] Built target absl_synchronization
[ 20%] Built target mysys_objlib
[ 20%] Built target mysys
[ 20%] Built target absl_cordz_handle
[ 20%] Built target absl_flags_program_name
[ 20%] Built target absl_random_internal_entropy_pool
[ 20%] Built target absl_vlog_config_internal
[ 21%] Built target absl_hashtablez_sampler
[ 21%] Built target absl_cord_internal
[ 21%] Built target thr_lock
[ 21%] Built target comp_err
[ 21%] Built target my_print_defaults
[ 21%] Built target mf_iocache_test
[ 21%] Built target comp_client_err
[ 21%] Built target absl_flags_config
[ 21%] Built target absl_random_seed_sequences
[ 21%] Built target absl_log_globals
[ 21%] Built target absl_cordz_info
[ 21%] Built target GenError
[ 21%] Built target GenClientError
[ 21%] Built target absl_flags_internal
[ 21%] Built target absl_log_initialize
[ 21%] Built target absl_cordz_sample_token
[ 21%] Built target absl_log_internal_log_sink_set
[ 21%] Built target installed_headers
[ 21%] Built target absl_cord
[ 21%] Built target qa_auth_client
[ 25%] Built target icuuc
[ 25%] Built target component_test_backup_lock_service
[ 25%] Built target component_example_component2
[ 25%] Built target component_example_component1
[ 25%] Built target component_example_component3
[ 25%] Built target ngram_parser
[ 25%] Built target component_classic_hashing
[ 25%] Built target component_group_replication_flow_control_stats
[ 25%] Built target authentication_openid_connect_client
[ 25%] Built target component_mysqlx_global_reset
[ 25%] Built target mysql_native_password
[ 25%] Built target authentication_oci_client
[ 26%] Built target component_group_replication_elect_prefers_most_updated
[ 26%] Built target audit_null
[ 26%] Built target qa_auth_interface
[ 26%] Built target mysql_no_login
[ 26%] Built target component_audit_api_message_emit
[ 26%] Built target test_udf_wrappers
[ 26%] Built target ftexample
[ 26%] Built target auth
[ 26%] Built target component_test_string_service
[ 26%] Built target auth_test_plugin
[ 26%] Built target test_security_context
[ 26%] Built target qa_auth_server
[ 26%] Built target component_test_string_service_long
[ 26%] Built target component_log_sink_test
[ 26%] Built target auth_socket
[ 26%] Built target conflicting_variables
[ 26%] Built target daemon_example
[ 26%] Built target rewrite_example
[ 26%] Built target test_x_sessions_deinit
[ 26%] Built target component_log_sink_syseventlog
[ 26%] Built target component_test_string_service_charset
[ 26%] Built target test_x_sessions_init
[ 26%] Built target test_session_in_thd
[ 26%] Built target test_sql_processlist
[ 26%] Built target test_sql_sleep_is_connected
[ 26%] Built target test_session_attach
[ 26%] Built target test_sql_shutdown
[ 26%] Built target test_sql_views_triggers
[ 26%] Built target validate_password
[ 26%] Built target test_sql_stored_procedures_functions
[ 26%] Built target test_sql_cmds_1
[ 26%] Built target test_sql_commit
[ 26%] Built target test_sql_2_sessions
[ 26%] Built target test_sql_all_col_types
[ 26%] Built target test_sql_lock
[ 27%] Built target test_sql_complex
[ 27%] Built target test_sql_sqlmode
[ 27%] Built target test_session_detach
[ 27%] Built target test_sql_replication
[ 27%] Built target test_sql_errors
[ 27%] Built target test_sql_stmt
[ 27%] Built target blackhole
[ 27%] Built target test_services_plugin_registry
[ 27%] Built target test_framework
[ 27%] Built target test_services_host_application_signal
[ 27%] Built target test_sql_reset_connection
[ 27%] Built target component_udf_reg_3_func
[ 27%] Built target test_services
[ 27%] Built target test_services_command_services
[ 27%] Built target component_pfs_example
[ 27%] Built target test_services_thread
[ 27%] Built target component_log_sink_json
[ 27%] Built target test_session_info
[ 27%] Built target component_udf_unreg_3_func
[ 27%] Built target ddl_rewriter
[ 27%] Built target component_udf_reg_only_3_func
[ 27%] Built target component_test_udf_registration
[ 27%] Built target component_pfs_example_component_population
[ 27%] Built target component_log_filter_dragnet
[ 27%] Built target component_udf_reg_int_same_func
[ 27%] Built target archive
[ 27%] Built target component_udf_reg_int_func
[ 27%] Built target component_udf_unreg_real_func
[ 27%] Built target component_udf_reg_avg_func
[ 27%] Built target component_udf_reg_real_func
[ 27%] Built target component_udf_unreg_int_func
[ 27%] Built target library_mysys
[ 27%] Built target example
[ 27%] Built target test_udf_services
[ 27%] Built target federated
[ 27%] Built target authentication_ldap_sasl_client
[ 27%] Built target keyring_udf
[ 27%] Built target component_test_host_application_signal
[ 27%] Built target component_test_component_init_then_register
[ 27%] Built target component_test_sensitive_system_variables
[ 27%] Built target component_test_status_var_service_int
[ 27%] Built target component_test_component_init_fail
[ 27%] Built target component_test_mysql_runtime_error
[ 27%] Built target component_test_status_var_service_unreg_only
[ 28%] Built target component_test_system_variable_source
[ 28%] Built target csv
[ 28%] Built target component_test_component_deinit_no_deadlock
[ 28%] Built target component_test_sys_var_service_int
[ 28%] Built target component_percona_udf
[ 28%] Built target component_test_mysql_current_thread_reader
[ 28%] Built target component_test_telemetry_resource_provider
[ 28%] Built target component_test_status_var_service_str
[ 28%] Built target component_test_sys_var_service_str
[ 28%] Built target procfs
[ 28%] Built target component_test_telemetry_secret_provider
[ 28%] Built target component_test_udf_aggregate
[ 28%] Built target component_test_status_var_service_reg_only
[ 28%] Built target mock
[ 28%] Built target component_test_status_var_service
[ 28%] Built target rewriter
[ 28%] Built target component_test_mysql_thd_store_service
[ 28%] Built target pfs_example_plugin_employee
[ 28%] Built target locking_service
[ 28%] Built target component_test_status_var_reader
[ 28%] Built target component_test_sys_var_service_same
[ 28%] Built target component_test_mysql_system_variable_set
[ 28%] Built target component_test_mysql_signal_handler
[ 28%] Built target component_test_sys_var_service
[ 28%] Built target component_test_component_deinit
[ 28%] Built target component_test_session_var_service
[ 28%] Built target component_test_audit_api_message
[ 28%] Built target component_group_replication_resource_manager
[ 28%] Built target minchassis
[ 28%] Built target component_test_event_tracking_consumer_b
[ 28%] Built target component_binlog_utils_udf
[ 28%] Built target component_test_mysql_file_service
[ 28%] Built target component_test_event_tracking_producer_b
[ 28%] Built target component_test_event_tracking_consumer_c
[ 28%] Built target component_test_event_tracking_producer_a
[ 28%] Built target component_test_mysql_command_services
[ 28%] Built target component_test_event_tracking_consumer
[ 28%] Built target component_test_event_tracking_consumer_a
[ 29%] Built target range_check_err
[ 29%] Built target component_test_pfs_resource_group
[ 29%] Built target component_query_attributes
[ 29%] Built target component_test_server_telemetry_metrics
[ 29%] Built target component_test_execute_regular_statement
[ 29%] Built target component_test_table_access
[ 29%] Built target udf_example
[ 29%] Built target component_test_server_telemetry_logs_client
[ 29%] Built target keyring_common_objlib
[ 30%] Built target component_test_pfs_notification
[ 30%] Built target component_test_server_telemetry_logs_export
[ 30%] Built target perror
[ 30%] Built target component_test_udf_services
[ 30%] Built target component_test_execute_prepared_statement
[ 30%] Built target component_replication_applier_metrics
[ 30%] Built target replication_observers_example
[ 30%] Built target component_uuid_vx_udf
[ 31%] Built target component_mysqlbackup
[ 31%] Built target absl_log_internal_message
[ 31%] Built target auth_openid_connect
[ 31%] Built target semisync_replica
[ 31%] Built target component_encryption_udf
[ 31%] Built target keyring_common
[ 31%] Built target component_validate_password
[ 31%] Built target component_test_server_telemetry_traces
[ 31%] Built target component_reference_cache
[ 31%] Built target absl_raw_hash_set
[ 31%] Built target mysql_tzinfo_to_sql
[ 31%] Built target sql_lexer
[ 31%] Built target mysql_test_event_tracking
[ 32%] Built target semisync_source
[ 32%] Built target absl_status
[ 32%] Built target json_binlog
[ 32%] Built target component_connection_control
[ 32%] Built target clone
[ 32%] Built target authentication_ldap_simple
[ 32%] Built target mysql_keyring_encryption_test
[ 33%] Built target authentication_ldap_sasl
[ 33%] Built target absl_log_internal_check_op
[ 33%] Built target absl_die_if_null
[ 33%] Built target clientlib_objlib
[ 33%] Built target json_client_library_objlib
[ 33%] Built target json_binlog_main
[ 33%] Built target absl_flags_reflection
[ 34%] Built target absl_profile_builder
[ 35%] Built target connection_control
[ 35%] Built target absl_statusor
[ 35%] Built target json_client_library
[ 35%] Built target clientlib
[ 35%] Built target component_masking_functions
[ 36%] Built target mysql_binlog_event
[ 37%] Built target temptable
[ 37%] Building CXX object storage/innobase/CMakeFiles/innodb_zipdecompress.dir/buf/checksum.cc.o
[ 37%] Building CXX object storage/innobase/CMakeFiles/innodb_zipdecompress.dir/dict/dict.cc.o
[ 37%] Building CXX object storage/innobase/CMakeFiles/innodb_zipdecompress.dir/dict/mem.cc.o
[ 37%] Building CXX object storage/innobase/CMakeFiles/innodb_zipdecompress.dir/page/zipdecompress.cc.o
[ 37%] Built target heap_library
[ 37%] Building CXX object storage/innobase/CMakeFiles/innodb_zipdecompress.dir/rem/rec.cc.o
[ 37%] Building CXX object storage/innobase/CMakeFiles/innodb_zipdecompress.dir/rem/rem0wrec.cc.o
[ 37%] Built target myisammrg
[ 38%] Built target json_binlog_static
[ 38%] Built target router_mysqlclient
[ 38%] Built target libmysql
[ 38%] Built target component_keyring_kmip
[ 39%] Built target perconaserverclient
[ 39%] Built target absl_log_flags
[ 39%] Built target absl_flags_usage_internal
[ 39%] Built target absl_hashtable_profiler
[ 39%] Built target component_keyring_file
[ 39%] Built target json_client_library_main
[ 40%] Built target component_keyring_kms
[ 40%] Built target libmysql_api_test
[ 41%] Built target fido_client_common
[ 41%] Built target json_binlog_main_static
[ 41%] Built target heap
[ 41%] Built target component_keyring_vault
[ 41%] Built target run_libmysql_api_test
[ 41%] Built target mysql_secure_installation
[ 41%] Built target mysql_config_editor
[ 41%] Built target absl_flags_usage
[ 41%] Built target mysql_client_test
[ 41%] Built target mysqlimport
[ 41%] Built target mysqlshow
[ 41%] Built target mysqlslap
[ 41%] Built target mysqladmin
[ 41%] Built target mysqlcheck
[ 42%] Built target mysqldump
[ 42%] Built target authentication_kerberos_client
[ 42%] Built target authentication_webauthn_client
[ 42%] Built target mysql_migrate_keyring
[ 42%] Built target mysqltest
[ 42%] Built target mysql
[ 42%] Built target absl_flags_parse
[ 44%] Built target myisam_library
[ 45%] Built target component_audit_log_filter
[ 45%] Built target mysqlbinlog
[ 45%] Built target libprotobuf-lite
[ 45%] Built target myisamlog
[ 45%] Built target myisamchk
[ 45%] Built target myisam_ftdump
[ 45%] Built target myisampack
[ 45%] Built target myisam
[ 47%] Built target mysql_server_component_services
[ 50%] Built target libprotobuf
[ 55%] Built target icui18n
[ 55%] Built target gen_keyword_list
[ 56%] Built target libprotoc
[ 56%] Built target GenKeywordList
[ 56%] Built target protoc
[ 56%] Built target rpl_protobuf_lite
[ 56%] Built target gr_protobuf_lite
[ 56%] Built target opentelemetry_proto
[ 56%] Built target mysqlxmessages_lite
[ 56%] Built target mysqlxmessages
[ 56%] Built target opentelemetry_exporter_otlp_http_client
[ 58%] Built target harness-library
[ 61%] Built target perfschema
[ 61%] Built target opentelemetry_otlp_recordable
[ 61%] Built target xprotocol_plugin
[ 61%] Built target xprotocol_tags
[ 61%] Built target router_openssl
[ 61%] Built target keepalive
[ 61%] Built target connection_pool_plugin
[ 61%] Built target mock_host_resolver
[ 61%] Built target router_protobuf
[ 61%] Built target mysqlrouter_plugin_info
[ 61%] Built target io_component
[ 61%] Built target opentelemetry_exporter_otlp_http_metric
[ 61%] Built target opentelemetry_exporter_otlp_http
[ 61%] Built target opentelemetry_exporter_otlp_http_log
[ 62%] Built target host_cache
[ 62%] Built target router_mysql
[ 62%] Built target router_utils
[ 63%] Built target mysqlxclient_lite
[ 63%] Built target mysqlxclient
[ 64%] Built target io
[ 64%] Built target router_mysqlxmessages
[ 64%] Built target mysqlrouter_keyring
[ 64%] Built target telemetry_client
[ 64%] Built target http_common
[ 64%] Built target routing_guidelines-objects
[ 64%] Built target routing_guidelines-static
[ 64%] Built target routing_guidelines
[ 64%] Built target http_auth_backend_lib
[ 64%] Built target http_client
[ 65%] Built target component_telemetry
[ 65%] Built target router_mysqlxclient
[ 65%] Built target router_cluster
[ 65%] Built target http_auth_realm_lib
[ 66%] Built target rest_cli
[ 66%] Built target mysqlrouter_passwd
[ 66%] Built target mock_server_rest_client
[ 66%] Built target router_lib
[ 66%] Built target http_auth_realm
[ 67%] Built target mysqlxtest
[ 67%] Built target destination_status
[ 67%] Built target http_server_lib
[ 67%] Built target mysql_rest_service_json
[ 67%] Built target router_frontend_lib
[ 68%] Built target mysql_rest_service_helper
[ 69%] Built target metadata_cache
[ 69%] Built target destination_status_plugin
[ 69%] Built target rest_api_lib
[ 69%] Built target http_server
[ 69%] Built target mysqlrouter
[ 69%] Built target metadata_cache_plugin
[ 69%] Built target mysqlrouter_mrs_client
[ 69%] Built target http_auth_backend
[ 69%] Built target rest_api
[ 69%] Built target rest_router
[ 69%] Built target rest_connection_pool
[ 69%] Built target rest_host_cache
[ 69%] Built target rest_metadata_cache
[ 70%] Built target mysql_rest_service_db
[ 70%] Built target mysqlrouter_bootstrap
[ 72%] Built target routing
[ 75%] Built target mysqlx
[ 76%] Built target mysql_rest_service_impl
[ 76%] Built target routing_plugin
[ 77%] Built target rest_routing
[ 77%] Built target mysql_rest_service
[ 79%] Built target group_replication
[ 80%] Built target rpl_replica
[ 80%] Built target rpl_source
[ 80%] Built target rpl
[ 81%] Built target binlog
[ 84%] Built target sql_dd
[ 85%] Built target sql_gis
[ 85%] Linking CXX static library libinnodb_zipdecompress.a
[ 85%] Built target innodb_zipdecompress
[ 85%] Building CXX object utilities/CMakeFiles/ibd2sdi.dir/ibd2sdi.cc.o
[ 85%] Building CXX object utilities/CMakeFiles/innochecksum.dir/innochecksum.cc.o
[ 93%] Built target sql_main
[ 93%] Building CXX object storage/innobase/CMakeFiles/innobase.dir/arch/arch0arch.cc.o
[ 93%] Building CXX object storage/innobase/CMakeFiles/innobase.dir/api/api0api.cc.o
[ 93%] Building CXX object storage/innobase/CMakeFiles/innobase.dir/api/api0misc.cc.o
[ 93%] Building CXX object storage/innobase/CMakeFiles/innobase.dir/arch/arch0page.cc.o
[ 93%] Building CXX object storage/innobase/CMakeFiles/innobase.dir/btr/btr0btr.cc.o
[ 93%] Building CXX object storage/innobase/CMakeFiles/innobase.dir/arch/arch0log.cc.o
[ 93%] Building CXX object storage/innobase/CMakeFiles/innobase.dir/arch/arch0recv.cc.o
[ 93%] Building CXX object storage/innobase/CMakeFiles/innobase.dir/btr/btr0cur.cc.o
[ 93%] Building CXX object storage/innobase/CMakeFiles/innobase.dir/btr/btr0pcur.cc.o
[ 93%] Building CXX object storage/innobase/CMakeFiles/innobase.dir/btr/btr0sea.cc.o
[ 93%] Building CXX object storage/innobase/CMakeFiles/innobase.dir/buf/buf0block_hint.cc.o
[ 93%] Building CXX object storage/innobase/CMakeFiles/innobase.dir/buf/buf0buddy.cc.o
[ 94%] Building CXX object storage/innobase/CMakeFiles/innobase.dir/buf/buf0buf.cc.o
[ 94%] Building CXX object storage/innobase/CMakeFiles/innobase.dir/buf/buf0dblwr.cc.o
[ 94%] Building CXX object storage/innobase/CMakeFiles/innobase.dir/buf/buf0dump.cc.o
[ 94%] Building CXX object storage/innobase/CMakeFiles/innobase.dir/buf/buf0flu.cc.o
[ 94%] Building CXX object storage/innobase/CMakeFiles/innobase.dir/btr/btr0load.cc.o
[ 94%] Building CXX object storage/innobase/CMakeFiles/innobase.dir/btr/btr0mtib.cc.o
[ 94%] Building CXX object storage/innobase/CMakeFiles/innobase.dir/buf/buf0lru.cc.o
[ 94%] Building CXX object storage/innobase/CMakeFiles/innobase.dir/buf/buf0rea.cc.o
[ 94%] Building CXX object storage/innobase/CMakeFiles/innobase.dir/clone/clone0api.cc.o
[ 94%] Building CXX object storage/innobase/CMakeFiles/innobase.dir/clone/clone0clone.cc.o
[ 94%] Building CXX object storage/innobase/CMakeFiles/innobase.dir/clone/clone0copy.cc.o
[ 94%] Building CXX object storage/innobase/CMakeFiles/innobase.dir/clone/clone0apply.cc.o
[ 94%] Building CXX object storage/innobase/CMakeFiles/innobase.dir/clone/clone0desc.cc.o
[ 94%] Building CXX object storage/innobase/CMakeFiles/innobase.dir/clone/clone0snapshot.cc.o
[ 94%] Building CXX object storage/innobase/CMakeFiles/innobase.dir/clone/clone0repl.cc.o
[ 94%] Building CXX object storage/innobase/CMakeFiles/innobase.dir/data/data0data.cc.o
[ 94%] Building CXX object storage/innobase/CMakeFiles/innobase.dir/data/data0type.cc.o
[ 94%] Building CXX object storage/innobase/CMakeFiles/innobase.dir/dict/dict0boot.cc.o
[ 94%] Building CXX object storage/innobase/CMakeFiles/innobase.dir/dict/dict0crea.cc.o
[ 94%] Building CXX object storage/innobase/CMakeFiles/innobase.dir/dict/dict0dict.cc.o
[ 94%] Building CXX object storage/innobase/CMakeFiles/innobase.dir/dict/dict0dd.cc.o
[ 94%] Building CXX object storage/innobase/CMakeFiles/innobase.dir/dict/dict0inst.cc.o
[ 94%] Building CXX object storage/innobase/CMakeFiles/innobase.dir/dict/dict0load.cc.o
[ 94%] Building CXX object storage/innobase/CMakeFiles/innobase.dir/dict/dict0mem.cc.o
[ 94%] Building CXX object storage/innobase/CMakeFiles/innobase.dir/dict/dict0stats.cc.o
[ 94%] Building CXX object storage/innobase/CMakeFiles/innobase.dir/dict/dict0sdi.cc.o
[ 94%] Building CXX object storage/innobase/CMakeFiles/innobase.dir/dict/dict0stats_bg.cc.o
[ 94%] Building CXX object storage/innobase/CMakeFiles/innobase.dir/dict/dict0upgrade.cc.o
[ 94%] Building CXX object storage/innobase/CMakeFiles/innobase.dir/ddl/ddl0buffer.cc.o
[ 94%] Building CXX object storage/innobase/CMakeFiles/innobase.dir/ddl/ddl0builder.cc.o
[ 94%] Building CXX object storage/innobase/CMakeFiles/innobase.dir/ddl/ddl0ctx.cc.o
[ 94%] Building CXX object storage/innobase/CMakeFiles/innobase.dir/ddl/ddl0ddl.cc.o
[ 94%] Building CXX object storage/innobase/CMakeFiles/innobase.dir/ddl/ddl0bulk.cc.o
[ 94%] Building CXX object storage/innobase/CMakeFiles/innobase.dir/ddl/ddl0file-reader.cc.o
[ 94%] Building CXX object storage/innobase/CMakeFiles/innobase.dir/ddl/ddl0fts.cc.o
[ 94%] Building CXX object storage/innobase/CMakeFiles/innobase.dir/ddl/ddl0loader.cc.o
[ 94%] Building CXX object storage/innobase/CMakeFiles/innobase.dir/ddl/ddl0merge.cc.o
[ 94%] Building CXX object storage/innobase/CMakeFiles/innobase.dir/ddl/ddl0rtree.cc.o
[ 94%] Building CXX object storage/innobase/CMakeFiles/innobase.dir/ddl/ddl0par-scan.cc.o
[ 94%] Building CXX object storage/innobase/CMakeFiles/innobase.dir/eval/eval0proc.cc.o
[ 94%] Building CXX object storage/innobase/CMakeFiles/innobase.dir/eval/eval0eval.cc.o
[ 94%] Building CXX object storage/innobase/CMakeFiles/innobase.dir/fsp/fsp0fsp.cc.o
[ 94%] Building CXX object storage/innobase/CMakeFiles/innobase.dir/fil/fil0fil.cc.o
[ 94%] Building CXX object storage/innobase/CMakeFiles/innobase.dir/fsp/fsp0file.cc.o
[ 94%] Building CXX object storage/innobase/CMakeFiles/innobase.dir/fsp/fsp0space.cc.o
[ 94%] Building CXX object storage/innobase/CMakeFiles/innobase.dir/fut/fut0lst.cc.o
[ 94%] Building CXX object storage/innobase/CMakeFiles/innobase.dir/fsp/fsp0sysspace.cc.o
[ 95%] Building CXX object storage/innobase/CMakeFiles/innobase.dir/ha/ha0ha.cc.o
[ 95%] Building CXX object storage/innobase/CMakeFiles/innobase.dir/fts/fts0config.cc.o
[ 95%] Building CXX object storage/innobase/CMakeFiles/innobase.dir/fts/fts0opt.cc.o
[ 95%] Building CXX object storage/innobase/CMakeFiles/innobase.dir/fts/fts0fts.cc.o
[ 95%] Building CXX object storage/innobase/CMakeFiles/innobase.dir/fts/fts0ast.cc.o
[ 95%] Building CXX object storage/innobase/CMakeFiles/innobase.dir/fts/fts0que.cc.o
[ 95%] Building CXX object storage/innobase/CMakeFiles/innobase.dir/fts/fts0sql.cc.o
[ 95%] Building CXX object storage/innobase/CMakeFiles/innobase.dir/gis/gis0rtree.cc.o
[ 95%] Building CXX object storage/innobase/CMakeFiles/innobase.dir/gis/gis0geo.cc.o
[ 95%] Building CXX object storage/innobase/CMakeFiles/innobase.dir/handler/ha_innopart.cc.o
[ 95%] Building CXX object storage/innobase/CMakeFiles/innobase.dir/gis/gis0sea.cc.o
[ 95%] Building CXX object storage/innobase/CMakeFiles/innobase.dir/handler/handler0alter.cc.o
[ 95%] Building CXX object storage/innobase/CMakeFiles/innobase.dir/handler/ha_innodb.cc.o
[ 95%] Building CXX object storage/innobase/CMakeFiles/innobase.dir/handler/i_s.cc.o
[ 95%] Building CXX object storage/innobase/CMakeFiles/innobase.dir/handler/p_s.cc.o
[ 95%] Building CXX object storage/innobase/CMakeFiles/innobase.dir/handler/ha0check.cc.o
[ 95%] Building CXX object storage/innobase/CMakeFiles/innobase.dir/vec/vec0label.cc.o
[ 95%] Building CXX object storage/innobase/CMakeFiles/innobase.dir/handler/xtradb_i_s.cc.o
[ 95%] Building CXX object storage/innobase/CMakeFiles/innobase.dir/vec/vec0index.cc.o
[ 95%] Building CXX object storage/innobase/CMakeFiles/innobase.dir/vec/vec0aux.cc.o
[ 95%] Building CXX object storage/innobase/CMakeFiles/innobase.dir/vec/vec0dml.cc.o
[ 95%] Building CXX object storage/innobase/CMakeFiles/innobase.dir/vec/vec0hnsw.cc.o
[ 95%] Building CXX object storage/innobase/CMakeFiles/innobase.dir/lob/lob0bulk.cc.o
[ 95%] Building CXX object storage/innobase/CMakeFiles/innobase.dir/lob/lob0first.cc.o
[ 95%] Building CXX object storage/innobase/CMakeFiles/innobase.dir/ibuf/ibuf0ibuf.cc.o
[ 95%] Building CXX object storage/innobase/CMakeFiles/innobase.dir/lob/lob0ins.cc.o
[ 95%] Building CXX object storage/innobase/CMakeFiles/innobase.dir/lob/lob0index.cc.o
[ 95%] Building CXX object storage/innobase/CMakeFiles/innobase.dir/lob/lob0update.cc.o
[ 95%] Building CXX object storage/innobase/CMakeFiles/innobase.dir/lob/lob0purge.cc.o
[ 95%] Building CXX object storage/innobase/CMakeFiles/innobase.dir/lob/lob0impl.cc.o
[ 95%] Building CXX object storage/innobase/CMakeFiles/innobase.dir/lob/lob0pages.cc.o
[ 95%] Building CXX object storage/innobase/CMakeFiles/innobase.dir/lob/lob0del.cc.o
[ 95%] Building CXX object storage/innobase/CMakeFiles/innobase.dir/lob/lob0lob.cc.o
[ 95%] Building CXX object storage/innobase/CMakeFiles/innobase.dir/lob/lob0undo.cc.o
[ 95%] Building CXX object storage/innobase/CMakeFiles/innobase.dir/lob/lob0util.cc.o
[ 95%] Linking CXX executable ../runtime_output_directory/innochecksum
[ 95%] Built target innochecksum
[ 95%] Building CXX object storage/innobase/CMakeFiles/innobase.dir/lob/zlob0index.cc.o
[ 95%] Building CXX object storage/innobase/CMakeFiles/innobase.dir/lob/zlob0ins.cc.o
[ 95%] Building CXX object storage/innobase/CMakeFiles/innobase.dir/lob/zlob0update.cc.o
[ 96%] Building CXX object storage/innobase/CMakeFiles/innobase.dir/lob/zlob0first.cc.o
[ 96%] Building CXX object storage/innobase/CMakeFiles/innobase.dir/lob/zlob0read.cc.o
[ 96%] Building CXX object storage/innobase/CMakeFiles/innobase.dir/lock/lock0guards.cc.o
[ 96%] Building CXX object storage/innobase/CMakeFiles/innobase.dir/lock/lock0iter.cc.o
[ 96%] Building CXX object storage/innobase/CMakeFiles/innobase.dir/lock/lock0prdt.cc.o
[ 97%] Linking CXX executable ../runtime_output_directory/ibd2sdi
[ 97%] Built target ibd2sdi
[ 97%] Building CXX object storage/innobase/CMakeFiles/innobase.dir/lock/lock0lock.cc.o
[ 97%] Building CXX object storage/innobase/CMakeFiles/innobase.dir/lock/lock0latches.cc.o
[ 97%] Building CXX object storage/innobase/CMakeFiles/innobase.dir/log/log0buf.cc.o
[ 97%] Building CXX object storage/innobase/CMakeFiles/innobase.dir/lock/lock0wait.cc.o
[ 97%] Building CXX object storage/innobase/CMakeFiles/innobase.dir/log/log0chkp.cc.o
[ 97%] Building CXX object storage/innobase/CMakeFiles/innobase.dir/log/log0consumer.cc.o
[ 97%] Building CXX object storage/innobase/CMakeFiles/innobase.dir/log/log0ddl.cc.o
[ 97%] Building CXX object storage/innobase/CMakeFiles/innobase.dir/log/log0encryption.cc.o
[ 97%] Building CXX object storage/innobase/CMakeFiles/innobase.dir/log/log0files_capacity.cc.o
[ 97%] Building CXX object storage/innobase/CMakeFiles/innobase.dir/log/log0files_governor.cc.o
[ 97%] Building CXX object storage/innobase/CMakeFiles/innobase.dir/log/log0files_io.cc.o
[ 97%] Building CXX object storage/innobase/CMakeFiles/innobase.dir/log/log0meb.cc.o
[ 97%] Building CXX object storage/innobase/CMakeFiles/innobase.dir/log/log0pfs.cc.o
[ 97%] Building CXX object storage/innobase/CMakeFiles/innobase.dir/log/log0log.cc.o
[ 97%] Building CXX object storage/innobase/CMakeFiles/innobase.dir/log/log0recv.cc.o
[ 97%] Building CXX object storage/innobase/CMakeFiles/innobase.dir/log/log0test.cc.o
[ 97%] Building CXX object storage/innobase/CMakeFiles/innobase.dir/log/log0write.cc.o
[ 97%] Building CXX object storage/innobase/CMakeFiles/innobase.dir/mtr/mtr0log.cc.o
[ 97%] Building CXX object storage/innobase/CMakeFiles/innobase.dir/mtr/mtr0mtr.cc.o
[ 97%] Building CXX object storage/innobase/CMakeFiles/innobase.dir/os/os0file.cc.o
[ 97%] Building CXX object storage/innobase/CMakeFiles/innobase.dir/os/os0enc.cc.o
[ 97%] Building CXX object storage/innobase/CMakeFiles/innobase.dir/os/os0proc.cc.o
[ 97%] Building CXX object storage/innobase/CMakeFiles/innobase.dir/page/page0cur.cc.o
[ 97%] Building CXX object storage/innobase/CMakeFiles/innobase.dir/page/page0page.cc.o
[ 97%] Building CXX object storage/innobase/CMakeFiles/innobase.dir/page/page0zip.cc.o
[ 97%] Building CXX object storage/innobase/CMakeFiles/innobase.dir/pars/lexyy.cc.o
[ 97%] Building CXX object storage/innobase/CMakeFiles/innobase.dir/pars/pars0grm.cc.o
[ 97%] Building CXX object storage/innobase/CMakeFiles/innobase.dir/pars/pars0opt.cc.o
[ 97%] Building CXX object storage/innobase/CMakeFiles/innobase.dir/pars/pars0pars.cc.o
[ 97%] Building CXX object storage/innobase/CMakeFiles/innobase.dir/pars/pars0sym.cc.o
[ 97%] Building CXX object storage/innobase/CMakeFiles/innobase.dir/que/que0que.cc.o
[ 97%] Building CXX object storage/innobase/CMakeFiles/innobase.dir/read/read0read.cc.o
[ 97%] Building CXX object storage/innobase/CMakeFiles/innobase.dir/rem/rem0cmp.cc.o
[ 97%] Building CXX object storage/innobase/CMakeFiles/innobase.dir/rem/rem0rec.cc.o
[ 97%] Building CXX object storage/innobase/CMakeFiles/innobase.dir/rem/rem0wrec.cc.o
[ 97%] Building CXX object storage/innobase/CMakeFiles/innobase.dir/row/row0ext.cc.o
[ 98%] Building CXX object storage/innobase/CMakeFiles/innobase.dir/row/row0import.cc.o
[ 98%] Building CXX object storage/innobase/CMakeFiles/innobase.dir/row/row0ins.cc.o
[ 98%] Building CXX object storage/innobase/CMakeFiles/innobase.dir/row/row0log.cc.o
[ 98%] Building CXX object storage/innobase/CMakeFiles/innobase.dir/row/row0mysql.cc.o
[ 98%] Building CXX object storage/innobase/CMakeFiles/innobase.dir/row/row0pread.cc.o
[ 98%] Building CXX object storage/innobase/CMakeFiles/innobase.dir/row/row0purge.cc.o
[ 98%] Building CXX object storage/innobase/CMakeFiles/innobase.dir/row/row0pread-histogram.cc.o
[ 98%] Building CXX object storage/innobase/CMakeFiles/innobase.dir/row/row0pread-adapter.cc.o
[ 98%] Building CXX object storage/innobase/CMakeFiles/innobase.dir/row/row0row.cc.o
[ 98%] Building CXX object storage/innobase/CMakeFiles/innobase.dir/row/row0sel.cc.o
[ 98%] Building CXX object storage/innobase/CMakeFiles/innobase.dir/row/row0umod.cc.o
[ 98%] Building CXX object storage/innobase/CMakeFiles/innobase.dir/row/row0uins.cc.o
[ 98%] Building CXX object storage/innobase/CMakeFiles/innobase.dir/row/row0undo.cc.o
[ 98%] Building CXX object storage/innobase/CMakeFiles/innobase.dir/row/row0upd.cc.o
[ 98%] Building CXX object storage/innobase/CMakeFiles/innobase.dir/row/row0quiesce.cc.o
[ 98%] Building CXX object storage/innobase/CMakeFiles/innobase.dir/row/row0vers.cc.o
[ 98%] Building CXX object storage/innobase/CMakeFiles/innobase.dir/srv/srv0conc.cc.o
[ 98%] Building CXX object storage/innobase/CMakeFiles/innobase.dir/srv/srv0mon.cc.o
[ 98%] Building CXX object storage/innobase/CMakeFiles/innobase.dir/srv/srv0srv.cc.o
[ 98%] Building CXX object storage/innobase/CMakeFiles/innobase.dir/srv/srv0start.cc.o
[ 98%] Building CXX object storage/innobase/CMakeFiles/innobase.dir/srv/srv0tmp.cc.o
[ 98%] Building CXX object storage/innobase/CMakeFiles/innobase.dir/sync/sync0arr.cc.o
[ 98%] Building CXX object storage/innobase/CMakeFiles/innobase.dir/sync/sync0rw.cc.o
[ 98%] Building CXX object storage/innobase/CMakeFiles/innobase.dir/sync/sync0debug.cc.o
[ 98%] Building CXX object storage/innobase/CMakeFiles/innobase.dir/trx/trx0i_s.cc.o
[ 98%] Building CXX object storage/innobase/CMakeFiles/innobase.dir/trx/trx0purge.cc.o
[ 98%] Building CXX object storage/innobase/CMakeFiles/innobase.dir/trx/trx0rec.cc.o
[ 98%] Building CXX object storage/innobase/CMakeFiles/innobase.dir/trx/trx0roll.cc.o
[ 98%] Building CXX object storage/innobase/CMakeFiles/innobase.dir/trx/trx0rseg.cc.o
[ 98%] Building CXX object storage/innobase/CMakeFiles/innobase.dir/trx/trx0sys.cc.o
[ 98%] Building CXX object storage/innobase/CMakeFiles/innobase.dir/trx/trx0trx.cc.o
[ 98%] Building CXX object storage/innobase/CMakeFiles/innobase.dir/ut/ut0test.cc.o
[ 98%] Building CXX object storage/innobase/CMakeFiles/innobase.dir/ut/ut0mem.cc.o
[ 98%] Building CXX object storage/innobase/CMakeFiles/innobase.dir/usr/usr0sess.cc.o
[ 98%] Building CXX object storage/innobase/CMakeFiles/innobase.dir/ut/ut0ut.cc.o
[ 98%] Building CXX object storage/innobase/CMakeFiles/innobase.dir/trx/trx0undo.cc.o
[ 98%] Building CXX object storage/innobase/CMakeFiles/innobase.dir/buf/checksum.cc.o
[100%] Building CXX object storage/innobase/CMakeFiles/innobase.dir/dict/dict.cc.o
[100%] Building CXX object storage/innobase/CMakeFiles/innobase.dir/dict/mem.cc.o
[100%] Building CXX object storage/innobase/CMakeFiles/innobase.dir/mem/memory.cc.o
[100%] Building CXX object storage/innobase/CMakeFiles/innobase.dir/rem/rec.cc.o
[100%] Building CXX object storage/innobase/CMakeFiles/innobase.dir/page/zipdecompress.cc.o
[100%] Linking CXX static library libinnobase.a
[100%] Built target innobase
[100%] Building CXX object sql/CMakeFiles/mysqld.dir/partitioning/partition_base.cc.o
[100%] Building CXX object sql/CMakeFiles/mysqld.dir/main.cc.o
[100%] Linking CXX executable ../runtime_output_directory/mysqld
[100%] Built target mysqld
[100%] Generating Docs/INFO_BIN
[100%] Built target INFO_BIN
