Logging: /home/satya/WORK/vector/vec-memory-i-s/mysql-test/mysql-test-run.pl  --mysqld=--log-error-suppression-list=MY-011873,MY-011879,MY-011875 --suite=percona_vector,sys_vars --parallel=32 --force --max-test-fail=0 --retry=0
MySQL Version 9.7.1
Checking supported features
 - Binaries are debug compiled
Using suite(s): percona_vector,sys_vars
Collecting tests
Removing old var directory
Creating var directory '/home/satya/WORK/vector/vec-memory-i-s/bld/mysql-test/var'
Installing system database
Using parallel: 32
ports_per_thread:30

==============================================================================
                  TEST NAME                   WORKER RESULT  TIME (ms) COMMENT
------------------------------------------------------------------------------
[  0%] sys_vars.caching_sha2_password_proxy_users_cmdl  [ skipped ]  Test needs 'big-test' or 'only-big-test' option.
[  0%] sys_vars.relay_log_space_limit_large      [ skipped ]  Test needs 'big-test' or 'only-big-test' option.
[  0%] percona_vector.index_syntax_rocksdb      w19 [ skipped ]  RocksDB requires the environment variable $ROCKSDB to be set (normally done by mtr)
[  0%] sys_vars.log_error_func2                 w25 [ pass ]      7
[  0%] sys_vars.rpl_semi_sync_source_enabled_basic w5  [ pass ]     41
[  0%] sys_vars.rpl_semi_sync_source_wait_point_basic w6  [ pass ]     26
[  0%] sys_vars.rpl_semi_sync_source_wait_no_replica_basic w27 [ pass ]     45
[  0%] sys_vars.rpl_semi_sync_source_timeout_basic w15 [ pass ]     41
[  0%] sys_vars.default_tmp_storage_engine_basic_myisam w28 [ pass ]     42
[  1%] sys_vars.rpl_semi_sync_source_trace_level_basic w12 [ pass ]     49
[  1%] sys_vars.rpl_semi_sync_replica_enabled_basic w22 [ pass ]     45
[  1%] sys_vars.rpl_semi_sync_source_wait_for_replica_count_basic w8  [ pass ]     45
[  1%] sys_vars.log_error_func                  w31 [ pass ]      8
[  1%] sys_vars.auto_increment_offset_func      w17 [ pass ]    110
[  1%] sys_vars.rpl_semi_sync_replica_trace_level_basic w29 [ pass ]     45
[  1%] sys_vars.autocommit_func5                w4  [ pass ]     87
[  1%] sys_vars.autocommit_func2                w26 [ pass ]     69
[  1%] sys_vars.concurrent_insert_func          w10 [ pass ]     45
[  2%] sys_vars.sql_big_selects_func            w7  [ pass ]     21
[  2%] sys_vars.max_join_size_func              w11 [ pass ]     59
[  2%] sys_vars.autocommit_func4                w20 [ pass ]     68
[  2%] sys_vars.autocommit_func3                w23 [ pass ]     66
[  2%] sys_vars.default_storage_engine_basic_myisam w14 [ pass ]     11
[  2%] sys_vars.core_file_basic                 w1  [ pass ]     13
[  2%] sys_vars.ft_boolean_syntax_func          w21 [ pass ]     61
[  2%] sys_vars.delay_key_write_func            w3  [ pass ]    114
[  2%] sys_vars.replication_optimize_for_static_plugin_config w30 [ pass ]    120
[  3%] sys_vars.auto_increment_increment_func   w16 [ pass ]    109
[  3%] sys_vars.myisam_stats_method_func        w9  [ pass ]    120
[  3%] sys_vars.character_set_database_func_myisam w32 [ pass ]     91
[  3%] sys_vars.all_vars                        w24 [ pass ]    809
[  3%] sys_vars.sql_low_priority_updates_func   w19 [ pass ]     87
[  3%] sys_vars.host_cache_size_basic           w28 [ pass ]     25
[  3%] sys_vars.lo_output_directory_basic       w24 [ skipped ]  Test requires 'have_lock_order'
[  3%] sys_vars.sysvars_with_aliases_32bit_debug w25 [ skipped ]  Requires 32 bit ulong
[  3%] sys_vars.innodb_empty_free_list_algorithm_basic w4  [ pass ]      6
[  4%] sys_vars.general_log_file_basic          w27 [ pass ]     34
[  4%] sys_vars.sysvars_with_aliases_32bit_nodebug w25 [ skipped ]  Test requires binaries to be compiled in release mode
[  4%] sys_vars.lo_dependencies_basic           w9  [ skipped ]  Test requires 'have_lock_order'
[  4%] sys_vars.innodb_buffer_pool_in_core_file_basic w29 [ pass ]     16
[  4%] sys_vars.general_log_file_func           w6  [ pass ]     88
[  4%] sys_vars.innodb_read_io_threads_basic    w11 [ pass ]     15
[  4%] sys_vars.innodb_change_buffering_basic   w26 [ pass ]     25
[  4%] sys_vars.innodb_purge_threads_basic      w7  [ pass ]     12
[  4%] sys_vars.secure_file_priv2               w1  [ pass ]     60
[  5%] sys_vars.innodb_parallel_read_threads_basic w10 [ pass ]     55
[  5%] sys_vars.innodb_file_per_table_basic     w20 [ pass ]     12
[  5%] sys_vars.log_raw_basic                   w30 [ pass ]     16
[  5%] sys_vars.innodb_autoinc_lock_mode_func   w31 [ pass ]     65
[  5%] sys_vars.innodb_buffer_pool_size_basic   w17 [ pass ]    220
[  5%] sys_vars.rpl_max_binlog_size_func        w15 [ pass ]    201
[  5%] sys_vars.lo_extra_dependencies_basic     w32 [ skipped ]  Test requires 'have_lock_order'
[  5%] sys_vars.log_slow_sp_statements_set      w3  [ pass ]      6
[  5%] sys_vars.caching_sha2_password_proxy_users_log w21 [ pass ]    109
[  6%] sys_vars.caching_sha2_password_proxy_users_func w16 [ pass ]    219
[  6%] sys_vars.sha256_password_proxy_users_log w21 [ pass ]    105
[  6%] sys_vars.lo_debug_missing_key_basic      w24 [ skipped ]  Test requires 'have_lock_order'
[  6%] sys_vars.lo_debug_loop_basic             w19 [ skipped ]  Test requires 'have_lock_order'
[  6%] sys_vars.lo_debug_missing_arc_basic      w28 [ skipped ]  Test requires 'have_lock_order'
[  6%] sys_vars.lo_trace_missing_arc_basic      w9  [ skipped ]  Test requires 'have_lock_order'
[  6%] sys_vars.pfs_events_waits_hl_size_basic  w32 [ pass ]     15
[  6%] sys_vars.lo_debug_missing_unlock_basic   w4  [ skipped ]  Test requires 'have_lock_order'
[  6%] sys_vars.lo_trace_loop_basic             w25 [ skipped ]  Test requires 'have_lock_order'
[  7%] sys_vars.lo_print_txt_basic              w27 [ skipped ]  Test requires 'have_lock_order'
[  7%] sys_vars.lo_trace_missing_key_basic      w29 [ skipped ]  Test requires 'have_lock_order'
[  7%] sys_vars.lock_order_basic                w11 [ skipped ]  Test requires 'have_lock_order'
[  7%] sys_vars.named_pipe_full_access_group_basic w26 [ skipped ]  Need windows
[  7%] sys_vars.lo_trace_missing_unlock_basic   w6  [ skipped ]  Test requires 'have_lock_order'
[  7%] sys_vars.pfs_digests_size_basic          w1  [ pass ]     15
[  7%] sys_vars.pfs_events_stages_hl_size_basic w10 [ pass ]     15
[  7%] sys_vars.pfs_events_statements_h_size_basic w31 [ pass ]     15
[  7%] sys_vars.pfs_accounts_size_basic         w7  [ pass ]     15
[  8%] sys_vars.pfs_events_stages_h_size_basic  w20 [ pass ]     16
[  8%] sys_vars.pfs_events_statements_hl_size_basic w30 [ pass ]     15
[  8%] sys_vars.pfs_events_transactions_hl_size_basic w17 [ pass ]     16
[  8%] sys_vars.pfs_events_waits_h_size_basic   w3  [ pass ]     20
[  8%] sys_vars.pfs_events_transactions_h_size_basic w15 [ pass ]     15
[  8%] sys_vars.pfs_hosts_size_basic            w16 [ pass ]     15
[  8%] sys_vars.pfs_max_cond_classes_basic      w21 [ pass ]     15
[  8%] sys_vars.pfs_max_cond_instances_basic    w24 [ pass ]     15
[  8%] sys_vars.slow_query_log_func_myisam      w13 [ pass ]  13146
[  9%] sys_vars.pfs_max_file_classes_basic      w19 [ pass ]     14
[  9%] sys_vars.innodb_flush_method_unix        w23 [ pass ]   8090
[  9%] sys_vars.pfs_max_file_handles_basic      w28 [ pass ]     17
[  9%] sys_vars.pfs_max_file_instances_basic    w9  [ pass ]     15
[  9%] sys_vars.pfs_max_mutex_classes_basic     w27 [ pass ]     21
[  9%] sys_vars.pfs_max_memory_classes_basic    w4  [ pass ]     15
[  9%] sys_vars.pfs_max_mutex_instances_basic   w29 [ pass ]     15
[  9%] sys_vars.pfs_max_metadata_locks_basic    w25 [ pass ]     15
[  9%] sys_vars.pfs_max_prepared_statements_instances_basic w11 [ pass ]     20
[ 10%] sys_vars.pfs_max_program_instances_basic w26 [ pass ]     19
[ 10%] sys_vars.pfs_max_rwlock_classes_basic    w6  [ pass ]     16
[ 10%] sys_vars.pfs_max_index_stat_basic        w32 [ pass ]     15
[ 10%] sys_vars.pfs_max_socket_classes_basic    w10 [ pass ]     15
[ 10%] sys_vars.pfs_max_rwlock_instances_basic  w1  [ pass ]     15
[ 10%] sys_vars.pfs_max_socket_instances_basic  w31 [ pass ]     15
[ 10%] sys_vars.pfs_max_statement_classes_basic w30 [ pass ]     15
[ 10%] sys_vars.pfs_max_table_handles_basic     w17 [ pass ]     15
[ 10%] sys_vars.pfs_max_stage_classes_basic     w20 [ pass ]     15
[ 11%] sys_vars.pfs_max_sql_text_length_basic   w7  [ pass ]     14
[ 11%] sys_vars.pfs_max_table_instances_basic   w3  [ pass ]     20
[ 11%] sys_vars.pfs_max_table_lock_stat_basic   w15 [ pass ]     21
[ 11%] sys_vars.pfs_max_thread_classes_basic    w16 [ pass ]     14
[ 11%] sys_vars.pfs_max_thread_instances_basic  w21 [ pass ]     14
[ 11%] sys_vars.pfs_session_connect_attrs_size_basic w24 [ pass ]     15
[ 11%] sys_vars.innodb_cmp_per_index_enabled_basic w12 [ pass ]    132
[ 11%] sys_vars.pfs_setup_actors_size_basic     w13 [ pass ]     14
[ 11%] sys_vars.pfs_setup_objects_size_basic    w19 [ pass ]     19
[ 12%] sys_vars.innodb_numa_interleave_basic    w27 [ pass ]      6
[ 12%] sys_vars.performance_schema_basic        w9  [ pass ]     14
[ 12%] percona_vector.compressed_64k            w8  [ pass ]    237
[ 12%] sys_vars.pfs_max_statement_stack_basic   w23 [ pass ]     21
[ 12%] sys_vars.pfs_users_size_basic            w28 [ pass ]     21
[ 12%] sys_vars.require_secure_transport_windows_basic w29 [ skipped ]  Need windows
[ 12%] sys_vars.optimizer_trace_offset_max      w4  [ pass ]     18
[ 12%] sys_vars.plugin_dir_basic                w25 [ pass ]     16
[ 12%] sys_vars.max_digest_length_basic         w26 [ pass ]     14
[ 13%] sys_vars.maximum_basic                   w6  [ pass ]     10
[ 13%] sys_vars.range_optimizer_max_mem_size_basic w10 [ pass ]     10
[ 13%] sys_vars.sha256_password_proxy_users_func w11 [ pass ]    275
[ 13%] sys_vars.parser_max_mem_size_basic       w32 [ pass ]    128
[ 13%] sys_vars.pfs_max_digest_length_basic     w30 [ pass ]     16
[ 13%] sys_vars.pfs_error_size_basic            w31 [ pass ]     15
[ 13%] sys_vars.parser_max_mem_size             w1  [ pass ]    130
[ 13%] sys_vars.proxy_protocol_networks_basic   w7  [ pass ]      5
[ 13%] sys_vars.persist_only_admin_x509_subject_basic_fr1_3 w20 [ pass ]      5
[ 14%] sys_vars.bug77832                        w3  [ pass ]     20
[ 14%] sys_vars.relay_log_basic                 w15 [ pass ]     17
[ 14%] sys_vars.secure_file_priv                w16 [ pass ]     76
[ 14%] sys_vars.pfs_show_processlist_basic      w31 [ pass ]     16
[ 14%] sys_vars.log_slow_sp_statements_skip     w24 [ pass ]      5
[ 14%] sys_vars.slow_query_log_file_basic       w19 [ pass ]     10
[ 14%] sys_vars.temptable_max_ram_basic         w9  [ pass ]      8
[ 14%] sys_vars.skip_name_resolve_basic         w12 [ pass ]     13
[ 14%] sys_vars.slow_query_log_file_func        w13 [ pass ]      5
[ 15%] sys_vars.timestamp_sysdate_is_now_func   w27 [ pass ]      7
[ 15%] sys_vars.innodb_buffer_pool_filename_basic w23 [ pass ]     18
[ 15%] sys_vars.slow_launch_time_func           w8  [ pass ]    124
[ 15%] percona_vector.index_syntax_innodb       w29 [ pass ]    125
[ 15%] percona_vector.aux_rebuild_rollback      w28 [ pass ]    371
[ 15%] sys_vars.thread_cache_size_func          w8  [ pass ]     28
[ 15%] sys_vars.character_set_database_basic    w6  [ pass ]     51
[ 15%] sys_vars.transaction_isolation_func      w14 [ pass ]  20150
[ 15%] sys_vars.big_tables_basic                w25 [ pass ]     13
[ 16%] sys_vars.binlog_skip_flush_commands_basic w26 [ pass ]     59
[ 16%] percona_vector.vector_indexes_i_s_ddl    w4  [ pass ]    567
[ 16%] sys_vars.delayed_insert_limit_basic      w11 [ pass ]     22
[ 16%] sys_vars.connection_memory_chunk_size_basic w10 [ pass ]     10
[ 16%] sys_vars.external_user_basic             w32 [ pass ]      7
[ 16%] sys_vars.binlog_space_limit_basic        w26 [ pass ]     13
[ 16%] percona_vector.compressed_4k             w22 [ pass ]   6918
[ 16%] sys_vars.bind_address_basic              w25 [ pass ]     10
[ 16%] sys_vars.activate_mandatory_roles_basic  w4  [ pass ]      8
[ 16%] sys_vars.character_set_database_func     w6  [ pass ]    174
[ 17%] sys_vars.connection_memory_limit_basic   w10 [ skipped ]  Test requires binaries to be compiled in release mode
[ 17%] sys_vars.delayed_insert_timeout_basic    w11 [ pass ]     28
[ 17%] sys_vars.flush_basic                     w32 [ pass ]     11
[ 17%] sys_vars.gtid_executed_compression_period_basic w30 [ pass ]     20
[ 17%] sys_vars.innodb_interpreter_output_basic w31 [ pass ]      7
[ 17%] sys_vars.innodb_change_buffering_debug_basic w20 [ pass ]     30
[ 17%] sys_vars.histogram_generation_max_mem_size_basic w1  [ pass ]     32
[ 17%] percona_vector.index_wrong_dimensions    w29 [ pass ]   1908
[ 17%] sys_vars.binlog_stmt_cache_size_basic    w26 [ pass ]     11
[ 18%] sys_vars.innodb_deadlock_detect_basic    w3  [ pass ]     14
[ 18%] percona_vector.alter                     w23 [ pass ]   2197
[ 18%] sys_vars.connection_memory_status_limit_basic w10 [ skipped ]  Test requires binaries to be compiled in release mode
[ 18%] sys_vars.binlog_cache_size_basic         w25 [ pass ]     12
[ 18%] sys_vars.innodb_autoextend_increment_basic w7  [ pass ]     16
[ 18%] sys_vars.delayed_queue_size_basic        w11 [ pass ]     15
[ 18%] sys_vars.character_set_filesystem_basic  w6  [ pass ]     49
[ 18%] sys_vars.innodb_fill_factor_basic        w15 [ pass ]     16
[ 18%] sys_vars.activate_mandatory_roles_func   w4  [ pass ]    225
[ 19%] sys_vars.flush_time_basic                w32 [ pass ]     24
[ 19%] sys_vars.innodb_stats_auto_recalc_basic  w13 [ pass ]      6
[ 19%] sys_vars.innodb_checkpoint_disabled_basic w20 [ pass ]      5
[ 19%] sys_vars.hostname_basic                  w1  [ pass ]     10
[ 19%] sys_vars.innodb_ft_enable_diag_print_basic w16 [ pass ]     53
[ 19%] sys_vars.innodb_io_capacity_basic        w31 [ pass ]     27
[ 19%] sys_vars.gtid_mode_basic                 w30 [ pass ]    140
[ 19%] sys_vars.innodb_default_row_format_basic w3  [ pass ]      6
[ 19%] sys_vars.innodb_data_file_path_basic     w17 [ pass ]   6075
[ 20%] sys_vars.innodb_replication_delay_basic  w12 [ pass ]     32
[ 20%] sys_vars.binlog_transaction_compression_basic w26 [ pass ]     70
[ 20%] sys_vars.innodb_log_write_ahead_size_basic w24 [ pass ]     25
[ 20%] sys_vars.container_aware_basic           w10 [ pass ]     14
[ 20%] sys_vars.binlog_checksum_basic           w25 [ pass ]     20
[ 20%] sys_vars.disconnect_on_expired_password_basic w11 [ pass ]      6
[ 20%] sys_vars.innodb_autoinc_lock_mode_basic  w7  [ pass ]     11
[ 20%] sys_vars.character_set_results_basic     w6  [ pass ]     65
[ 20%] sys_vars.innodb_flush_log_at_timeout_basic w15 [ pass ]     19
[ 21%] sys_vars.innodb_sys_tablespace_encrypt_basic w27 [ pass ]     37
[ 21%] sys_vars.innodb_stats_include_delete_marked_basic w13 [ pass ]      5
[ 21%] sys_vars.foreign_key_checks_basic        w32 [ pass ]     18
[ 21%] sys_vars.innodb_checksum_algorithm_basic w20 [ pass ]      6
[ 21%] sys_vars.innodb_io_capacity_max_basic    w31 [ pass ]     25
[ 21%] sys_vars.identity_basic                  w1  [ pass ]     14
[ 21%] sys_vars.innodb_ft_enable_stopword_basic w16 [ pass ]     38
[ 21%] sys_vars.innodb_dict_stats_disabled_debug_basic w3  [ pass ]      6
[ 21%] sys_vars.innodb_rollback_on_timeout_basic w12 [ pass ]     10
[ 22%] sys_vars.gtid_next_basic                 w30 [ pass ]     32
[ 22%] sys_vars.innodb_log_writer_threads_basic w24 [ pass ]      7
[ 22%] sys_vars.innodb_background_drop_list_empty_basic w7  [ pass ]      4
[ 22%] sys_vars.binlog_ddl_skip_rewrite_basic   w25 [ pass ]     16
[ 22%] sys_vars.innodb_priority_master_basic    w9  [ pass ]      7
[ 22%] sys_vars.binlog_transaction_compression_level_zstd_basic w26 [ pass ]     52
[ 22%] sys_vars.div_precision_increment_basic   w11 [ pass ]     16
[ 22%] sys_vars.character_set_results_func      w6  [ pass ]     63
[ 22%] sys_vars.innodb_monitor_reset_all_basic  w19 [ pass ]    501
[ 23%] sys_vars.innodb_table_locks_basic        w27 [ pass ]     21
[ 23%] sys_vars.innodb_flush_log_at_trx_commit_basic w15 [ pass ]     23
[ 23%] percona_vector.aux_rename_reserved       w28 [ pass ]   3063
[ 23%] sys_vars.innodb_cleaner_lsn_age_factor_basic w20 [ pass ]      5
[ 23%] sys_vars.innodb_stats_method_basic       w13 [ pass ]     28
[ 23%] sys_vars.innodb_limit_optimistic_insert_debug_basic w31 [ pass ]     22
[ 23%] sys_vars.innodb_ft_ignore_stopwords_basic w16 [ pass ]     37
[ 23%] sys_vars.innodb_rollback_segments_basic  w12 [ pass ]     25
[ 23%] sys_vars.identity_func                   w1  [ pass ]    165
[ 24%] sys_vars.innodb_directories_basic        w3  [ pass ]     15
[ 24%] sys_vars.innodb_buf_flush_list_now_basic w7  [ pass ]     11
[ 24%] sys_vars.innodb_undo_log_truncate_basic  w8  [ pass ]     17
[ 24%] sys_vars.gtid_next_tag_privileges        w30 [ pass ]     56
[ 24%] sys_vars.innodb_lru_scan_depth_basic     w24 [ pass ]     24
[ 24%] sys_vars.binlog_direct_non_transactional_updates_basic w25 [ pass ]     19
[ 24%] sys_vars.innodb_priority_purge_basic     w9  [ pass ]      6
[ 24%] sys_vars.binlog_transaction_dependency_h_size_basic w26 [ pass ]     27
[ 24%] sys_vars.div_precision_increment_func    w11 [ pass ]    152
[ 25%] sys_vars.foreign_key_checks_func         w32 [ pass ]    606
[ 25%] sys_vars.innodb_flush_method_basic       w15 [ pass ]     10
[ 25%] sys_vars.innodb_commit_concurrency_basic w20 [ pass ]     11
[ 25%] sys_vars.innodb_table_locks_func         w27 [ pass ]     69
[ 25%] sys_vars.character_set_server_basic      w6  [ pass ]     65
[ 25%] percona_vector.aux_update_empty_repeat   w28 [ pass ]     87
[ 25%] sys_vars.innodb_lock_wait_timeout_basic  w31 [ pass ]     14
[ 25%] sys_vars.innodb_stats_on_metadata_basic  w13 [ pass ]     37
[ 25%] sys_vars.innodb_ft_max_token_size_basic  w16 [ pass ]     20
[ 26%] sys_vars.innodb_monitor_reset_basic      w19 [ pass ]    426
[ 26%] sys_vars.innodb_disable_background_merge_basic w3  [ pass ]      4
[ 26%] sys_vars.innodb_buffer_pool_chunk_size_basic w7  [ pass ]      9
[ 26%] sys_vars.innodb_saved_page_number_debug_basic w12 [ pass ]     71
[ 26%] sys_vars.innodb_flush_method_windows     w15 [ skipped ]  Need windows
[ 26%] sys_vars.innodb_use_fdatasync_basic      w8  [ pass ]      5
[ 26%] sys_vars.gtid_owned_basic                w30 [ pass ]     24
[ 26%] sys_vars.innodb_purge_batch_size_basic   w9  [ pass ]     15
[ 26%] sys_vars.block_encryption_mode_basic     w26 [ pass ]     22
[ 27%] sys_vars.immediate_server_version_basic  w1  [ pass ]    121
[ 27%] sys_vars.enable_secondary_engine_statistics_basic w11 [ pass ]     12
[ 27%] sys_vars.innodb_compress_debug_basic     w20 [ pass ]     25
[ 27%] sys_vars.ft_boolean_syntax_basic         w32 [ pass ]     12
[ 27%] sys_vars.jemalloc_profiling_basic        w14 [ skipped ]  Test requires Jemalloc library loaded and profiling enabled
[ 27%] sys_vars.innodb_temp_tablespace_encrypt_basic w27 [ pass ]     50
[ 27%] sys_vars.innodb_stats_persistent_basic   w13 [ pass ]      5
[ 27%] sys_vars.character_set_server_func       w6  [ pass ]    253
[ 27%] sys_vars.innodb_ft_min_token_size_basic  w16 [ pass ]     13
[ 28%] sys_vars.innodb_log_buffer_size_basic    w31 [ pass ]    254
[ 28%] sys_vars.innodb_disable_sort_file_cache_basic w3  [ pass ]     37
[ 28%] sys_vars.innodb_buffer_pool_debug_basic  w7  [ pass ]      5
[ 28%] sys_vars.innodb_old_blocks_pct_basic     w19 [ pass ]     28
[ 28%] sys_vars.innodb_flush_neighbors_basic    w15 [ pass ]     34
[ 28%] sys_vars.innodb_use_native_aio_basic     w8  [ pass ]     11
[ 28%] sys_vars.innodb_purge_rseg_truncate_frequency_basic w9  [ pass ]     14
[ 28%] sys_vars.buffered_error_log_filename_basic w26 [ pass ]      4
[ 28%] sys_vars.information_schema_stats_expiry_basic w1  [ pass ]      9
[ 29%] sys_vars.innodb_compressed_columns_threshold_basic w20 [ pass ]     26
[ 29%] sys_vars.innodb_temp_tablespaces_dir_basic w27 [ pass ]     12
[ 29%] sys_vars.join_buffer_size_basic          w14 [ pass ]     19
[ 29%] sys_vars.encrypt_tmp_files_basic         w11 [ pass ]     16
[ 29%] sys_vars.ft_max_word_len_basic           w32 [ pass ]     14
[ 29%] sys_vars.innodb_ft_num_word_optimize_basic w16 [ pass ]     22
[ 29%] sys_vars.character_set_system_basic      w6  [ pass ]     10
[ 29%] sys_vars.innodb_stats_persistent_sample_pages_basic w13 [ pass ]     24
[ 29%] sys_vars.large_pages_basic               w22 [ pass ]     15
[ 30%] sys_vars.innodb_log_checkpoint_fuzzy_now_basic w31 [ pass ]     31
[ 30%] sys_vars.innodb_old_blocks_time_basic    w19 [ pass ]     21
[ 30%] sys_vars.innodb_flush_sync_basic         w15 [ pass ]     35
[ 30%] sys_vars.innodb_validate_tablespace_paths_basic w8  [ pass ]      7
[ 30%] sys_vars.innodb_purge_run_now_basic      w9  [ pass ]     15
[ 30%] sys_vars.buffered_error_log_size_basic   w26 [ pass ]      4
[ 30%] sys_vars.gtid_purged_basic               w30 [ pass ]   1047
[ 30%] sys_vars.innodb_compressed_columns_zip_level_basic w20 [ pass ]     23
[ 30%] sys_vars.init_connect_basic              w1  [ pass ]     14
[ 31%] sys_vars.innodb_thread_concurrency_basic w27 [ pass ]     14
[ 31%] sys_vars.keep_files_on_create_basic      w14 [ pass ]     16
[ 31%] sys_vars.end_markers_in_json_basic       w11 [ pass ]     14
[ 31%] sys_vars.ft_min_word_len_basic           w32 [ pass ]     13
[ 31%] sys_vars.innodb_stats_transient_sample_pages_basic w13 [ pass ]     22
[ 31%] sys_vars.innodb_ft_result_cache_limit_basic w16 [ pass ]     15
[ 31%] sys_vars.character_sets_dir_basic        w6  [ pass ]     15
[ 31%] sys_vars.innodb_online_alter_log_max_size_basic w19 [ pass ]     23
[ 31%] sys_vars.innodb_log_checkpoint_now_basic w31 [ pass ]     45
[ 32%] sys_vars.last_insert_id_basic            w22 [ pass ]     24
[ 32%] sys_vars.innodb_flushing_avg_loops_basic w15 [ pass ]     13
[ 32%] percona_vector.insert                    w29 [ pass ]   4987
[ 32%] percona_vector.alter_add_fulltext        w23 [ pass ]   4935
[ 32%] sys_vars.innodb_version_basic            w8  [ pass ]      9
[ 32%] sys_vars.innodb_purge_stop_now_basic     w9  [ pass ]     15
[ 32%] sys_vars.build_id_basic                  w26 [ pass ]      8
[ 32%] sys_vars.gtid_purged_tag_privileges      w30 [ pass ]     39
[ 32%] sys_vars.init_file_basic                 w1  [ pass ]     13
[ 33%] sys_vars.innodb_thread_sleep_delay_basic w27 [ pass ]     22
[ 33%] sys_vars.key_buffer_size_basic           w14 [ pass ]     14
[ 33%] sys_vars.innodb_status_output_basic      w13 [ pass ]     39
[ 33%] sys_vars.innodb_compression_failure_threshold_pct_basic w20 [ pass ]     19
[ 33%] sys_vars.ft_query_expansion_limit_basic  w32 [ pass ]     12
[ 33%] sys_vars.innodb_force_index_records_in_range_basic w15 [ pass ]     13
[ 33%] sys_vars.check_proxy_users_basic         w6  [ pass ]     20
[ 33%] sys_vars.innodb_ft_server_stopword_table_basic w16 [ pass ]     28
[ 33%] sys_vars.innodb_open_files_basic         w19 [ pass ]     11
[ 33%] sys_vars.innodb_log_checksums_basic      w31 [ pass ]      5
[ 34%] sys_vars.enforce_gtid_consistency_basic  w11 [ pass ]    149
[ 34%] sys_vars.last_insert_id_func             w22 [ pass ]     86
[ 34%] sys_vars.innodb_random_read_ahead_basic  w9  [ pass ]     33
[ 34%] sys_vars.innodb_write_io_threads_basic   w8  [ pass ]     14
[ 34%] sys_vars.have_backup_locks_basic         w30 [ pass ]     10
[ 34%] sys_vars.bulk_insert_buffer_size_basic   w26 [ pass ]     15
[ 34%] sys_vars.innodb_adaptive_flushing_basic  w1  [ pass ]     55
[ 34%] sys_vars.innodb_tmpdir_basic             w27 [ pass ]     13
[ 34%] sys_vars.ft_query_extra_word_chars_basic w32 [ pass ]     16
[ 35%] sys_vars.innodb_force_load_corrupted_basic w15 [ pass ]      8
[ 35%] sys_vars.innodb_status_output_locks_basic w13 [ pass ]     52
[ 35%] sys_vars.innodb_compression_level_basic  w20 [ pass ]     36
[ 35%] sys_vars.check_proxy_users_func          w6  [ pass ]     18
[ 35%] sys_vars.enforce_storage_engine_basic    w11 [ pass ]      3
[ 35%] sys_vars.innodb_optimize_fulltext_only_basic w19 [ pass ]     52
[ 35%] sys_vars.innodb_log_compressed_pages_basic w31 [ pass ]     11
[ 35%] sys_vars.key_buffer_size_func            w14 [ pass ]    145
[ 35%] sys_vars.innodb_ft_sort_pll_degree_basic w16 [ pass ]     15
[ 36%] sys_vars.lc_messages_basic               w22 [ pass ]     22
[ 36%] sys_vars.innodb_read_ahead_threshold_basic w9  [ pass ]     23
[ 36%] sys_vars.insert_id_basic                 w8  [ pass ]     14
[ 36%] sys_vars.caching_sha2_password_auto_generate_rsa_keys_basic w26 [ pass ]      3
[ 36%] sys_vars.have_backup_safe_binlog_info_basic w30 [ pass ]     10
[ 36%] sys_vars.ft_stopword_file_basic          w32 [ pass ]     13
[ 36%] sys_vars.innodb_trx_purge_view_update_only_debug_basic w27 [ pass ]     22
[ 36%] sys_vars.innodb_temp_data_file_path_basic w17 [ pass ]   6121
[ 36%] sys_vars.innodb_force_recovery_basic     w15 [ pass ]     10
[ 37%] sys_vars.innodb_compression_pad_pct_max_basic w20 [ pass ]     20
[ 37%] sys_vars.innodb_adaptive_flushing_lwm_basic w1  [ pass ]     16
[ 37%] sys_vars.eq_range_index_dive_limit_basic w11 [ pass ]     16
[ 37%] sys_vars.innodb_log_flush_now_basic      w31 [ pass ]     33
[ 37%] sys_vars.key_cache_age_threshold_basic   w14 [ pass ]     15
[ 37%] percona_vector.blob_col                  w28 [ pass ]   4330
[ 37%] sys_vars.innodb_ft_total_cache_size_basic w16 [ pass ]     15
[ 37%] sys_vars.collation_connection_basic      w6  [ pass ]    198
[ 37%] sys_vars.innodb_strict_mode_basic        w13 [ pass ]     73
[ 38%] sys_vars.lc_messages_dir_basic           w22 [ pass ]      3
[ 38%] sys_vars.innodb_read_only_basic          w9  [ pass ]     13
[ 38%] sys_vars.insert_id_func                  w8  [ pass ]     99
[ 38%] sys_vars.have_compress_basic             w30 [ pass ]      9
[ 38%] sys_vars.general_log_basic               w32 [ pass ]     10
[ 38%] sys_vars.innodb_trx_rseg_n_slots_debug_basic w27 [ pass ]     22
[ 38%] sys_vars.innodb_force_recovery_crash_basic w15 [ pass ]     21
[ 38%] sys_vars.persist_only_admin_x509_subject_basic_fr2 w17 [ pass ]     42
[ 38%] sys_vars.innodb_adaptive_hash_index_basic w1  [ pass ]     36
[ 39%] sys_vars.innodb_concurrency_tickets_basic w20 [ pass ]     22
[ 39%] sys_vars.error_count_basic               w11 [ pass ]      9
[ 39%] sys_vars.key_cache_block_size_basic      w14 [ pass ]     17
[ 39%] sys_vars.innodb_log_group_home_dir_basic w31 [ pass ]     13
[ 39%] sys_vars.innodb_ft_user_stopword_table_basic w16 [ pass ]     23
[ 39%] sys_vars.innodb_sync_array_size_basic    w13 [ pass ]     14
[ 39%] sys_vars.lc_time_names_basic             w22 [ pass ]     94
[ 39%] sys_vars.collation_connection_func       w6  [ pass ]     70
[ 39%] sys_vars.innodb_records_in_range_basic   w9  [ pass ]     13
[ 40%] percona_vector.alter_combinations        w23 [ pass ]   2227
[ 40%] sys_vars.innodb_sched_priority_io_basic  w12 [ pass ]   5042
[ 40%] sys_vars.interactive_timeout_basic       w8  [ pass ]     19
[ 40%] sys_vars.innodb_buffer_pool_dump_at_shutdown_basic w7  [ pass ]   4079
[ 40%] percona_vector.build_atomicity           w28 [ pass ]    327
[ 40%] sys_vars.have_dynamic_loading_basic      w30 [ pass ]     14
[ 40%] sys_vars.general_log_func                w32 [ pass ]     88
[ 40%] sys_vars.innodb_undo_directory_basic     w27 [ pass ]      9
[ 40%] sys_vars.innodb_fsync_freq_basic         w15 [ pass ]      7
[ 41%] sys_vars.innodb_adaptive_hash_index_parts_basic w1  [ pass ]     13
[ 41%] sys_vars.innodb_corrupt_table_action_basic w20 [ pass ]     17
[ 41%] sys_vars.key_cache_division_limit_basic  w14 [ pass ]     14
[ 41%] sys_vars.innodb_log_spin_cpu_abs_lwm     w31 [ pass ]     11
[ 41%] sys_vars.innodb_hnsw_ef_search_basic     w16 [ pass ]     17
[ 41%] sys_vars.admin_address_basic             w4  [ pass ]   8254
[ 41%] sys_vars.innodb_sync_debug_basic         w13 [ pass ]      4
[ 41%] sys_vars.global_connection_memory_limit_basic w32 [ skipped ]  Test requires binaries to be compiled in release mode
[ 41%] sys_vars.lc_time_names_func              w22 [ pass ]      9
[ 42%] sys_vars.innodb_redo_log_archive_dirs_basic w9  [ pass ]     35
[ 42%] sys_vars.have_geometry_basic             w30 [ pass ]      9
[ 42%] sys_vars.innodb_buffer_pool_dump_now_basic w7  [ pass ]      7
[ 42%] sys_vars.collation_database_basic        w6  [ pass ]    152
[ 42%] sys_vars.innodb_fsync_threshold_basic    w15 [ pass ]      5
[ 42%] sys_vars.innodb_data_home_dir_basic      w20 [ pass ]     10
[ 42%] sys_vars.innodb_adaptive_max_sleep_delay_basic w1  [ pass ]     10
[ 42%] percona_vector.build_config_error        w28 [ pass ]    332
[ 42%] sys_vars.global_connection_memory_status_limit_basic w32 [ skipped ]  Test requires binaries to be compiled in release mode
[ 43%] sys_vars.innodb_log_spin_cpu_pct_hwm     w31 [ pass ]     17
[ 43%] sys_vars.kill_idle_transaction_basic     w14 [ pass ]     32
[ 43%] sys_vars.innodb_hnsw_max_memory_basic    w16 [ pass ]     11
[ 43%] sys_vars.license_basic                   w22 [ pass ]      9
[ 43%] sys_vars.innodb_sync_spin_loops_basic    w13 [ pass ]     15
[ 43%] sys_vars.innodb_redo_log_capacity_basic  w9  [ pass ]     23
[ 43%] sys_vars.innodb_page_cleaner_disabled_debug_basic w19 [ pass ]   2613
[ 43%] sys_vars.innodb_buffer_pool_dump_pct_basic w7  [ pass ]      5
[ 43%] sys_vars.have_profiling_basic            w30 [ pass ]     16
[ 44%] sys_vars.innodb_ft_aux_table_basic       w15 [ pass ]     14
[ 44%] sys_vars.innodb_ddl_buffer_size_basic    w20 [ pass ]     27
[ 44%] sys_vars.innodb_api_bk_commit_interval_basic w1  [ pass ]     22
[ 44%] sys_vars.global_connection_memory_tracking_basic w32 [ pass ]      7
[ 44%] sys_vars.innodb_log_wait_for_flush_spin_hwm w31 [ pass ]     17
[ 44%] sys_vars.local_infile_basic              w22 [ pass ]     11
[ 44%] sys_vars.large_files_support_basic       w14 [ pass ]     14
[ 44%] sys_vars.innodb_idle_flush_pct_basic     w16 [ pass ]     23
[ 44%] sys_vars.log_error_suppression_list_basic w13 [ pass ]     45
[ 45%] sys_vars.binlog_encryption               w25 [ pass ]   6295
[ 45%] sys_vars.collation_database_func         w6  [ pass ]    398
[ 45%] sys_vars.innodb_redo_log_encrypt_basic   w9  [ pass ]     35
[ 45%] sys_vars.innodb_page_cleaners_basic      w19 [ pass ]     12
[ 45%] sys_vars.innodb_buffer_pool_evict_basic  w7  [ pass ]      5
[ 45%] sys_vars.have_query_cache_basic          w30 [ pass ]      9
[ 45%] sys_vars.innodb_ft_cache_size_basic      w15 [ pass ]     15
[ 45%] sys_vars.innodb_ddl_log_crash_reset_debug_basic w20 [ pass ]      5
[ 45%] sys_vars.group_concat_max_len_basic      w32 [ pass ]     15
[ 46%] sys_vars.innodb_api_disable_rowlock_basic w1  [ pass ]      9
[ 46%] sys_vars.log_slow_rate_limit_basic       w31 [ pass ]      6
[ 46%] sys_vars.large_page_size_basic           w14 [ pass ]     12
[ 46%] sys_vars.log_error_verbosity_basic       w13 [ pass ]      4
[ 46%] sys_vars.lower_case_table_names_basic    w9  [ pass ]      7
[ 46%] sys_vars.local_infile_func               w22 [ pass ]    119
[ 46%] sys_vars.innodb_undo_log_encrypt_basic   w27 [ pass ]   2038
[ 46%] sys_vars.collation_server_basic          w6  [ pass ]    107
[ 46%] sys_vars.innodb_buffer_pool_instances_basic w7  [ pass ]     10
[ 47%] sys_vars.innodb_interpreter_basic        w16 [ pass ]    230
[ 47%] sys_vars.innodb_page_hash_locks_basic    w19 [ pass ]     16
[ 47%] sys_vars.interactive_timeout_func        w8  [ pass ]   2101
[ 47%] sys_vars.have_rtree_keys_basic           w30 [ pass ]      9
[ 47%] sys_vars.max_execution_time_basic        w15 [ pass ]     23
[ 47%] sys_vars.innodb_ddl_threads_basic        w20 [ pass ]     14
[ 47%] sys_vars.innodb_api_enable_binlog_basic  w1  [ pass ]     13
[ 47%] sys_vars.log_slow_rate_type_basic        w31 [ pass ]      4
[ 47%] sys_vars.group_concat_max_len_func       w32 [ pass ]     82
[ 48%] sys_vars.log_output_basic                w13 [ pass ]     15
[ 48%] sys_vars.max_seeks_for_key_func          w14 [ pass ]     98
[ 48%] sys_vars.max_allowed_packet_basic        w9  [ pass ]     18
[ 48%] sys_vars.lock_wait_timeout_basic         w22 [ pass ]     18
[ 48%] sys_vars.max_write_lock_count_basic      w27 [ pass ]     11
[ 48%] sys_vars.innodb_buffer_pool_lazy_latch_init_basic w7  [ pass ]      5
[ 48%] percona_vector.insert_contention         w29 [ pass ]   5979
[ 48%] sys_vars.innodb_page_size_basic          w19 [ pass ]      5
[ 48%] sys_vars.mysqlx_bind_address_basic       w16 [ pass ]     10
[ 49%] sys_vars.internal_tmp_mem_storage_engine_basic w8  [ pass ]     32
[ 49%] sys_vars.max_heap_table_size_basic       w15 [ pass ]     20
[ 49%] sys_vars.mysqlx_lz4_default_compression_level_basic w20 [ pass ]     19
[ 49%] sys_vars.log_slow_sp_statements_basic    w31 [ pass ]      5
[ 49%] sys_vars.innodb_api_enable_mdl_basic     w1  [ pass ]     14
[ 49%] sys_vars.collation_server_func           w6  [ pass ]    373
[ 49%] sys_vars.have_snapshot_cloning_basic     w30 [ pass ]     11
[ 49%] sys_vars.gtid_executed_basic             w32 [ pass ]     36
[ 49%] sys_vars.max_slowlog_files_basic         w14 [ pass ]      7
[ 50%] sys_vars.mysqlx_socket_basic             w22 [ pass ]     15
[ 50%] sys_vars.max_allowed_packet_func         w9  [ pass ]     57
[ 50%] sys_vars.log_output_func                 w13 [ pass ]    204
[ 50%] sys_vars.innodb_buffer_pool_load_abort_basic w7  [ pass ]      4
[ 50%] sys_vars.min_examined_row_limit_basic    w27 [ pass ]     32
[ 50%] sys_vars.mysqlx_compression_algorithms_basic w16 [ pass ]     18
[ 50%] sys_vars.jemalloc_detected_basic         w8  [ pass ]      7
[ 50%] sys_vars.innodb_print_all_deadlocks_basic w19 [ pass ]     35
[ 50%] sys_vars.max_insert_delayed_threads_basic w15 [ pass ]     22
[ 50%] sys_vars.mysqlx_lz4_max_client_compression_level_basic w20 [ pass ]     19
[ 51%] sys_vars.log_slow_verbosity_basic        w31 [ pass ]      4
[ 51%] sys_vars.create_admin_listener_thread_basic w10 [ pass ]  12044
[ 51%] sys_vars.innodb_api_trx_level_basic      w1  [ pass ]     20
[ 51%] sys_vars.have_statement_timeout_basic    w30 [ pass ]     17
[ 51%] sys_vars.locked_in_memory_basic          w17 [ pass ]     15
[ 51%] sys_vars.completion_type_basic           w6  [ pass ]     22
[ 51%] sys_vars.mysqlx_wait_timeout_basic       w32 [ pass ]     17
[ 51%] sys_vars.max_slowlog_size_basic          w14 [ pass ]      6
[ 51%] sys_vars.log_queries_not_using_indexes_basic w13 [ pass ]      7
[ 52%] sys_vars.max_binlog_cache_size_basic     w9  [ pass ]     16
[ 52%] sys_vars.mysqlx_ssl_ca_basic             w22 [ pass ]     14
[ 52%] sys_vars.myisam_data_pointer_size_basic  w27 [ pass ]     16
[ 52%] sys_vars.innodb_buffer_pool_load_at_startup_basic w7  [ pass ]      4
[ 52%] sys_vars.innodb_print_ddl_logs_basic     w19 [ pass ]      5
[ 52%] percona_vector.alter_instant_label_race  w23 [ pass ]   4295
[ 52%] sys_vars.innodb_lru_threads_basic        w24 [ pass ]  11024
[ 52%] sys_vars.check_proxy_users_cmdl          w2  [ pass ]  41189
[ 52%] sys_vars.net_retry_count_basic           w8  [ pass ]     17
[ 53%] sys_vars.mysqlx_connect_timeout_basic    w16 [ pass ]     11
[ 53%] sys_vars.max_join_size_basic             w15 [ pass ]     38
[ 53%] sys_vars.binlog_error_action_basic       w25 [ pass ]     13
[ 53%] sys_vars.mysqlx_max_allowed_packet_basic w20 [ pass ]     11
[ 53%] sys_vars.log_statements_unsafe_for_binlog_basic w31 [ pass ]      9
[ 53%] sys_vars.optimizer_switch_basic          w1  [ pass ]     29
[ 53%] sys_vars.cte_max_recursion_depth_func    w10 [ pass ]     56
[ 53%] sys_vars.have_symlink_basic              w30 [ pass ]     10
[ 53%] sys_vars.mysqlx_write_timeout_basic      w32 [ pass ]     11
[ 54%] sys_vars.log_bin_basename_basic          w17 [ pass ]     17
[ 54%] sys_vars.completion_type_func            w6  [ pass ]     95
[ 54%] sys_vars.max_binlog_size_basic           w9  [ pass ]     14
[ 54%] sys_vars.max_sort_length_basic           w14 [ pass ]     19
[ 54%] sys_vars.mysqlx_ssl_capath_basic         w22 [ pass ]     10
[ 54%] sys_vars.myisam_max_sort_file_size_basic w27 [ pass ]     16
[ 54%] sys_vars.innodb_print_lock_wait_timeout_info_basic w19 [ pass ]     36
[ 54%] sys_vars.max_points_in_geometry_basic    w15 [ pass ]     11
[ 54%] sys_vars.net_write_timeout_basic         w8  [ pass ]     16
[ 55%] sys_vars.mysqlx_deflate_default_compression_level_basic w16 [ pass ]     16
[ 55%] percona_vector.alter_instant_reason      w23 [ pass ]     84
[ 55%] sys_vars.optimizer_trace_basic           w1  [ pass ]     17
[ 55%] sys_vars.mysqlx_max_connections_basic    w20 [ pass ]     13
[ 55%] sys_vars.binlog_expire_logs_auto_purge   w25 [ pass ]     54
[ 55%] sys_vars.log_throttle_qni_basic          w31 [ pass ]      5
[ 55%] sys_vars.datadir_basic                   w10 [ pass ]     10
[ 55%] sys_vars.pfs_max_digest_sample_age_basic w30 [ pass ]     17
[ 55%] sys_vars.mysqlx_zstd_default_compression_level_basic w32 [ pass ]      9
[ 56%] sys_vars.max_binlog_stmt_cache_size_basic w9  [ pass ]     15
[ 56%] sys_vars.concurrent_insert_basic         w6  [ pass ]     11
[ 56%] sys_vars.log_bin_basic                   w17 [ pass ]     17
[ 56%] sys_vars.mysqlx_ssl_cert_basic           w22 [ pass ]      9
[ 56%] sys_vars.myisam_data_pointer_size_func   w18 [ pass ]  42830
[ 56%] sys_vars.event_scheduler_basic           w11 [ pass ]   6007
[ 56%] sys_vars.innodb_master_thread_disabled_debug_basic w24 [ pass ]    674
[ 56%] sys_vars.myisam_mmap_size_basic          w27 [ pass ]     14
[ 56%] sys_vars.print_identified_with_as_hex_basic w19 [ pass ]     49
[ 57%] sys_vars.mysqlx_deflate_max_client_compression_level_basic w16 [ pass ]     11
[ 57%] sys_vars.max_prepared_stmt_count_basic   w15 [ pass ]     15
[ 57%] sys_vars.max_sort_length_func            w14 [ pass ]    298
[ 57%] sys_vars.binlog_expire_logs_seconds_basic w25 [ pass ]     15
[ 57%] sys_vars.optimizer_trace_features_basic  w1  [ pass ]     16
[ 57%] sys_vars.mysqlx_min_worker_threads_basic w20 [ pass ]     13
[ 57%] sys_vars.innodb_sched_priority_master_basic w12 [ pass ]   6130
[ 57%] sys_vars.pfs_max_logger_classes_basic    w30 [ pass ]     14
[ 57%] sys_vars.connect_timeout_basic           w6  [ pass ]     11
[ 58%] sys_vars.log_timestamps_basic            w31 [ pass ]      5
[ 58%] sys_vars.mysqlx_zstd_max_client_compression_level_basic w32 [ pass ]      7
[ 58%] sys_vars.log_bin_index_basic             w17 [ pass ]     17
[ 58%] sys_vars.debug_a_global_flagset_basic    w10 [ pass ]     12
[ 58%] sys_vars.mysqlx_ssl_cipher_basic         w22 [ pass ]      8
[ 58%] sys_vars.max_connect_errors_basic        w9  [ pass ]     15
[ 58%] sys_vars.expand_fast_index_creation_basic w11 [ pass ]      4
[ 58%] sys_vars.innodb_max_dirty_pages_pct_basic w24 [ pass ]     18
[ 58%] sys_vars.myisam_recover_options_basic    w27 [ pass ]     12
[ 59%] sys_vars.profiling_basic                 w19 [ pass ]     36
[ 59%] sys_vars.max_prepared_stmt_count_func    w15 [ pass ]     32
[ 59%] sys_vars.mysqlx_document_id_unique_prefix_basic w16 [ pass ]     19
[ 59%] sys_vars.max_sp_recursion_depth_basic    w14 [ pass ]     17
[ 59%] sys_vars.binlog_format_basic             w25 [ pass ]     16
[ 59%] sys_vars.optimizer_trace_limit_basic     w1  [ pass ]     45
[ 59%] sys_vars.mysqlx_port_basic               w20 [ pass ]      4
[ 59%] sys_vars.named_pipe_basic                w32 [ skipped ]  Need windows
[ 59%] sys_vars.pfs_max_meter_classes_basic     w30 [ pass ]     14
[ 60%] sys_vars.long_query_time_basic           w31 [ pass ]     18
[ 60%] sys_vars.log_bin_trust_function_creators_basic w17 [ pass ]     13
[ 60%] sys_vars.mysqlx_ssl_crl_basic            w22 [ pass ]      3
[ 60%] sys_vars.debug_basic                     w10 [ pass ]     15
[ 60%] sys_vars.rand_seed1_basic                w6  [ pass ]     17
[ 60%] sys_vars.explain_default_format          w11 [ pass ]     11
[ 60%] sys_vars.max_connections_basic           w9  [ pass ]     23
[ 60%] sys_vars.max_relay_log_size_basic        w15 [ pass ]     15
[ 60%] sys_vars.profiling_h_size_basic          w19 [ pass ]     26
[ 61%] sys_vars.mysqlx_enable_hello_notice_basic w16 [ pass ]     17
[ 61%] sys_vars.myisam_sort_buffer_size_basic   w27 [ pass ]     21
[ 61%] sys_vars.mysqlx_port_open_timeout_basic  w20 [ pass ]      4
[ 61%] sys_vars.max_sp_recursion_depth_func     w14 [ pass ]     66
[ 61%] sys_vars.binlog_group_commit_sync_delay_basic w25 [ pass ]     15
[ 61%] sys_vars.optimizer_trace_max_mem_size_basic w1  [ pass ]     39
[ 61%] sys_vars.net_buffer_length_basic         w32 [ pass ]     17
[ 61%] sys_vars.innodb_max_dirty_pages_pct_func w24 [ pass ]    420
[ 61%] sys_vars.low_priority_updates_basic      w31 [ pass ]     16
[ 62%] sys_vars.mysqlx_ssl_crlpath_basic        w22 [ pass ]      4
[ 62%] sys_vars.pfs_max_metric_classes_basic    w30 [ pass ]     14
[ 62%] sys_vars.rand_seed2_basic                w6  [ pass ]     17
[ 62%] sys_vars.debug_sensitive_session_string_basic w10 [ pass ]     11
[ 62%] sys_vars.log_bin_trust_function_creators_func w17 [ pass ]    212
[ 62%] sys_vars.explain_default_format_hypergraph w11 [ pass ]     12
[ 62%] sys_vars.mysqlx_idle_worker_thread_timeout_basic w16 [ pass ]     14
[ 62%] sys_vars.max_delayed_threads_basic       w9  [ pass ]     40
[ 62%] sys_vars.max_seeks_for_key_basic         w15 [ pass ]     24
[ 63%] sys_vars.myisam_stats_method_basic       w27 [ pass ]     15
[ 63%] sys_vars.mysqlx_read_timeout_basic       w20 [ pass ]     21
[ 63%] sys_vars.protocol_compression_algorithms_basic w19 [ pass ]      7
[ 63%] sys_vars.binlog_group_commit_sync_no_delay_count_basic w25 [ pass ]     14
[ 63%] sys_vars.max_user_connections_basic      w14 [ pass ]     12
[ 63%] sys_vars.optimizer_trace_offset_basic    w1  [ pass ]     38
[ 63%] percona_vector.compressed                w28 [ pass ]   7151
[ 63%] sys_vars.net_buffer_shrink_interval_basic w32 [ pass ]     42
[ 63%] sys_vars.mysqlx_ssl_key_basic            w22 [ pass ]      9
[ 64%] sys_vars.pid_file_basic                  w30 [ pass ]     14
[ 64%] sys_vars.debug_set_operations_secondary_overflow_at_basic w10 [ pass ]      9
[ 64%] sys_vars.range_alloc_block_size_basic    w6  [ pass ]     21
[ 64%] sys_vars.log_diagnostic_basic            w17 [ skipped ]  "The test needs log_diagnostic_enable."
[ 64%] sys_vars.innodb_max_dirty_pages_pct_lwm_basic w24 [ pass ]     15
[ 64%] sys_vars.lower_case_file_system_basic    w31 [ pass ]     11
[ 64%] sys_vars.explain_json_format_version_basic w11 [ pass ]     11
[ 64%] sys_vars.mysqlx_interactive_timeout_basic w16 [ pass ]     13
[ 64%] sys_vars.myisam_use_mmap_basic           w27 [ pass ]      8
[ 65%] sys_vars.binlog_gtid_simple_recovery_basic w25 [ pass ]     13
[ 65%] sys_vars.max_error_count_basic           w9  [ pass ]     32
[ 65%] sys_vars.protocol_version_basic          w19 [ pass ]     14
[ 65%] sys_vars.max_user_connections_func       w14 [ pass ]      9
[ 65%] sys_vars.read_only_func                  w15 [ pass ]    154
[ 65%] sys_vars.replica_transaction_retries_basic w20 [ pass ]     14
[ 65%] percona_vector.insert_graph              w29 [ pass ]   5286
[ 65%] sys_vars.original_commit_timestamp_basic w1  [ pass ]     27
[ 65%] sys_vars.log_diagnostic_enable_basic     w17 [ skipped ]  "The test needs log_diagnostic_enable."
[ 66%] sys_vars.net_read_timeout_basic          w32 [ pass ]     21
[ 66%] sys_vars.require_row_format_basic        w22 [ pass ]     40
[ 66%] sys_vars.debug_sync_basic                w10 [ pass ]     19
[ 66%] sys_vars.secure_file_priv_basic          w31 [ pass ]     18
[ 66%] sys_vars.port_basic                      w30 [ pass ]     20
[ 66%] sys_vars.innodb_max_purge_lag_basic      w24 [ pass ]     15
[ 66%] sys_vars.rbr_exec_mode_basic             w6  [ pass ]      6
[ 66%] percona_vector.concurrent_insert         w28 [ pass ]    168
[ 66%] sys_vars.explain_json_format_version_basic_hypergraph w11 [ pass ]     10
[ 66%] sys_vars.server_id_basic                 w16 [ pass ]     21
[ 67%] sys_vars.session_track_schema_basic      w27 [ pass ]     15
[ 67%] sys_vars.binlog_max_flush_queue_time_basic w25 [ pass ]      5
[ 67%] sys_vars.sha256_password_private_key_path_basic w9  [ pass ]      3
[ 67%] sys_vars.show_create_table_skip_secondary_engine_basic w14 [ pass ]      6
[ 67%] sys_vars.read_rnd_buffer_size_basic      w15 [ pass ]     17
[ 67%] sys_vars.log_error_basic                 w17 [ pass ]     21
[ 67%] sys_vars.replication_sender_observe_commit_only w20 [ pass ]     93
[ 67%] sys_vars.original_server_version_basic   w2  [ pass ]    124
[ 67%] sys_vars.preload_buffer_size_basic       w30 [ pass ]     49
[ 68%] sys_vars.secure_log_path_basic           w31 [ pass ]     13
[ 68%] sys_vars.read_buffer_size_basic          w6  [ pass ]     16
[ 68%] sys_vars.innodb_max_purge_lag_delay_basic w24 [ pass ]     11
[ 68%] sys_vars.explicit_defaults_for_timestamp_basic w11 [ pass ]     33
[ 68%] sys_vars.require_row_format_restrictions w22 [ pass ]    242
[ 68%] percona_vector.insert_then_alter         w29 [ pass ]    350
[ 68%] sys_vars.server_id_bits_basic            w16 [ pass ]     18
[ 68%] sys_vars.session_track_state_change_basic w27 [ pass ]     17
[ 68%] sys_vars.binlog_order_commits_basic      w25 [ pass ]     10
[ 69%] percona_vector.alter_label_counter       w23 [ pass ]   4249
[ 69%] sys_vars.sha256_password_proxy_users_basic w9  [ pass ]     13
[ 69%] sys_vars.show_create_table_verbosity_basic w14 [ pass ]     16
[ 69%] sys_vars.default_collation_for_utf8mb4   w10 [ pass ]    549
[ 69%] sys_vars.relay_log_purge_basic           w15 [ pass ]     11
[ 69%] sys_vars.log_error_func3                 w17 [ pass ]      6
[ 69%] sys_vars.report_host_basic               w20 [ pass ]     13
[ 69%] sys_vars.read_only_basic                 w6  [ pass ]     15
[ 69%] sys_vars.password_history_basic          w2  [ pass ]     12
[ 70%] sys_vars.innodb_max_undo_log_size_basic  w24 [ pass ]     15
[ 70%] sys_vars.sql_auto_is_null_basic          w30 [ pass ]      9
[ 70%] sys_vars.select_into_buffer_size         w31 [ pass ]     38
[ 70%] sys_vars.require_secure_transport_basic  w22 [ pass ]     12
[ 70%] sys_vars.pseudo_replica_mode_basic       w18 [ pass ]     25
[ 70%] sys_vars.session_track_system_variables_basic w27 [ pass ]     16
[ 70%] sys_vars.binlog_rotate_encryption_master_key_at_startup w25 [ pass ]      8
[ 70%] sys_vars.sha256_password_public_key_path_basic w9  [ pass ]      3
[ 70%] sys_vars.sql_generate_invisible_primary_key_basic w11 [ pass ]    283
[ 71%] sys_vars.default_password_lifetime_basic w10 [ pass ]      5
[ 71%] sys_vars.log_error_services_basic        w17 [ pass ]      4
[ 71%] sys_vars.relay_log_recovery_basic        w15 [ pass ]     19
[ 71%] sys_vars.report_password_basic           w20 [ pass ]     19
[ 71%] sys_vars.innodb_merge_threshold_set_all_debug_basic w24 [ pass ]      9
[ 71%] sys_vars.password_reuse_interval_basic   w2  [ pass ]     12
[ 71%] sys_vars.sql_mode_basic                  w6  [ pass ]    124
[ 71%] sys_vars.select_into_disk_sync           w31 [ pass ]     13
[ 71%] sys_vars.show_gipk_in_create_table_and_information_schema_basic w14 [ pass ]    283
[ 72%] sys_vars.sql_big_selects_basic           w30 [ pass ]     16
[ 72%] sys_vars.rpl_read_size_basic             w22 [ pass ]     12
[ 72%] sys_vars.shared_memory_base_name_basic   w9  [ skipped ]  Need windows
[ 72%] sys_vars.session_track_transaction_info_basic w27 [ pass ]     12
[ 72%] sys_vars.pseudo_thread_id_basic          w18 [ pass ]     19
[ 72%] sys_vars.sql_log_bin_basic               w11 [ pass ]     14
[ 72%] sys_vars.default_storage_engine_basic    w10 [ pass ]     14
[ 72%] sys_vars.binlog_row_event_max_size_basic w25 [ pass ]     50
[ 72%] sys_vars.sql_quote_show_create_basic     w17 [ pass ]     16
[ 73%] sys_vars.relay_log_space_limit_basic     w15 [ pass ]     13
[ 73%] sys_vars.report_port_basic               w20 [ pass ]     19
[ 73%] sys_vars.percona_telemetry_disable_basic w2  [ pass ]      4
[ 73%] sys_vars.sql_mode_func                   w6  [ pass ]     42
[ 73%] sys_vars.skip_external_locking_basic     w14 [ pass ]     21
[ 73%] sys_vars.schema_definition_cache_basic   w22 [ pass ]     12
[ 73%] sys_vars.select_into_disk_sync_delay     w31 [ pass ]     46
[ 73%] sys_vars.shared_memory_basic             w9  [ skipped ]  Need windows
[ 73%] sys_vars.sql_buffer_result_basic         w30 [ pass ]     15
[ 74%] sys_vars.sha256_password_auto_generate_rsa_keys_basic w27 [ pass ]      4
[ 74%] sys_vars.query_alloc_block_size_basic    w18 [ pass ]     17
[ 74%] sys_vars.binlog_row_image_basic          w25 [ pass ]     14
[ 74%] sys_vars.sql_log_off_basic               w11 [ pass ]     14
[ 74%] sys_vars.sql_quote_show_create_func      w17 [ pass ]     11
[ 74%] sys_vars.default_table_encryption_basic  w10 [ pass ]     49
[ 74%] sys_vars.innodb_monitor_disable_basic    w24 [ pass ]    537
[ 74%] sys_vars.report_user_basic               w20 [ pass ]     13
[ 74%] sys_vars.persist_only_admin_x509_subject_basic w2  [ pass ]     15
[ 75%] sys_vars.sql_notes_basic                 w6  [ pass ]     16
[ 75%] sys_vars.secondary_engine_cost_threshold_basic w22 [ pass ]     13
[ 75%] sys_vars.sql_safe_updates_func           w31 [ pass ]     27
[ 75%] sys_vars.skip_networking_basic           w14 [ pass ]     14
[ 75%] sys_vars.sql_warnings_func               w9  [ pass ]     13
[ 75%] sys_vars.innodb_sched_priority_purge_basic w12 [ pass ]   6034
[ 75%] sys_vars.sql_buffer_result_func          w30 [ pass ]     29
[ 75%] sys_vars.ssl_cipher_basic                w27 [ pass ]      9
[ 75%] sys_vars.query_exec_time_basic           w18 [ pass ]      4
[ 76%] sys_vars.binlog_row_metadata_basic       w25 [ pass ]     12
[ 76%] sys_vars.sql_replica_skip_counter_basic  w17 [ pass ]     24
[ 76%] sys_vars.sql_log_off_func                w11 [ pass ]     18
[ 76%] sys_vars.ssl_key_basic                   w20 [ pass ]     12
[ 76%] sys_vars.stored_program_cache_basic      w22 [ pass ]      7
[ 76%] sys_vars.persist_sensitive_variables_in_plaintext_basic w2  [ pass ]      9
[ 76%] sys_vars.sql_notes_func                  w6  [ pass ]     23
[ 76%] sys_vars.default_tmp_storage_engine_basic w10 [ pass ]    143
[ 76%] sys_vars.ssl_ca_basic                    w9  [ pass ]     14
[ 77%] sys_vars.innodb_segment_reserve_factor_basic w12 [ pass ]      6
[ 77%] sys_vars.sync_relay_log_info_basic       w30 [ pass ]     17
[ 77%] sys_vars.sql_select_limit_basic          w31 [ pass ]     35
[ 77%] sys_vars.innodb_monitor_enable_basic     w24 [ pass ]    444
[ 77%] sys_vars.super_read_only_func            w14 [ pass ]    126
[ 77%] sys_vars.ssl_crl_basic                   w27 [ pass ]      4
[ 77%] sys_vars.query_prealloc_size_basic       w18 [ pass ]     18
[ 77%] sys_vars.ssl_session_cache_mode_basic    w20 [ pass ]      9
[ 77%] sys_vars.stored_program_definition_cache_basic w22 [ pass ]     12
[ 78%] sys_vars.sql_safe_updates_basic          w17 [ pass ]     15
[ 78%] sys_vars.persisted_globals_load_basic    w2  [ pass ]      6
[ 78%] sys_vars.table_encryption_privilege_check_basic w6  [ pass ]     46
[ 78%] sys_vars.default_week_format_basic       w10 [ pass ]     26
[ 78%] sys_vars.binlog_row_value_options_basic  w25 [ pass ]    347
[ 78%] sys_vars.sync_source_info_basic          w30 [ pass ]     16
[ 78%] sys_vars.ssl_capath_basic                w9  [ pass ]      9
[ 78%] sys_vars.innodb_semaphore_wait_timeout_debug_basic w12 [ pass ]      7
[ 78%] percona_vector.alter_online_label_race   w23 [ pass ]   3261
[ 79%] sys_vars.sync_binlog_basic               w14 [ pass ]     11
[ 79%] sys_vars.ssl_crlpath_basic               w27 [ pass ]      3
[ 79%] sys_vars.sql_select_limit_func           w31 [ pass ]     54
[ 79%] sys_vars.query_prealloc_size_func        w18 [ pass ]     72
[ 79%] sys_vars.table_open_cache_triggers_basic w24 [ pass ]    235
[ 79%] sys_vars.super_read_only_basic           w22 [ pass ]     13
[ 79%] sys_vars.ssl_session_cache_timeout_basic w20 [ pass ]     16
[ 79%] sys_vars.thread_pool_high_prio_tickets_basic w2  [ pass ]     14
[ 79%] sys_vars.thread_cache_size_basic         w17 [ pass ]     20
[ 80%] sys_vars.table_open_cache_basic          w6  [ pass ]     19
[ 80%] sys_vars.default_week_format_func        w10 [ pass ]     10
[ 80%] sys_vars.binlog_rows_query_log_events_basic w25 [ pass ]     19
[ 80%] sys_vars.ssl_fips_mode_basic             w27 [ skipped ]  The OpenSSL library in use is not built with FIPS module support.
[ 80%] sys_vars.system_time_zone_basic          w30 [ pass ]      9
[ 80%] sys_vars.innodb_show_locks_held_basic    w12 [ pass ]      6
[ 80%] sys_vars.ssl_cert_basic                  w9  [ pass ]      9
[ 80%] sys_vars.thread_pool_min_threads_basic   w18 [ skipped ]  Need windows
[ 80%] sys_vars.sync_relay_log_basic            w14 [ pass ]     14
[ 81%] sys_vars.sql_warnings_basic              w31 [ pass ]     15
[ 81%] sys_vars.tablespace_definition_cache_basic w24 [ pass ]     12
[ 81%] percona_vector.instant_no_index_label    w29 [ pass ]   4349
[ 81%] sys_vars.time_zone_basic                 w20 [ pass ]     21
[ 81%] sys_vars.thread_pool_stall_limit_basic   w22 [ pass ]     15
[ 81%] sys_vars.thread_pool_idle_timeout_basic  w2  [ pass ]     15
[ 81%] sys_vars.delay_key_write_basic           w10 [ pass ]     10
[ 81%] sys_vars.thread_handling_basic           w17 [ pass ]     13
[ 81%] sys_vars.timestamp_basic                 w25 [ pass ]      8
[ 82%] sys_vars.tls_version_basic               w27 [ pass ]     10
[ 82%] sys_vars.slow_query_log_func             w32 [ pass ]   6035
[ 82%] sys_vars.tmpdir_basic                    w30 [ pass ]      9
[ 82%] sys_vars.table_open_cache_instances_basic w6  [ pass ]     10
[ 82%] sys_vars.transaction_alloc_block_size_basic w9  [ pass ]     15
[ 82%] sys_vars.innodb_sort_buffer_size_basic   w12 [ pass ]     15
[ 82%] sys_vars.thread_pool_oversubscribe_basic w18 [ pass ]     15
[ 82%] sys_vars.transaction_isolation_basic     w14 [ pass ]     14
[ 82%] sys_vars.transaction_read_only_basic     w31 [ pass ]     14
[ 83%] sys_vars.tf_sequence_table_max_upper_bound_basic w24 [ pass ]     14
[ 83%] sys_vars.thread_stack_basic              w22 [ pass ]     12
[ 83%] sys_vars.thread_pool_max_threads_basic   w2  [ pass ]     14
[ 83%] sys_vars.time_zone_func                  w20 [ pass ]    127
[ 83%] sys_vars.thread_pool_high_prio_mode_basic w17 [ pass ]     10
[ 83%] sys_vars.updatable_views_with_limit_basic w10 [ pass ]     19
[ 83%] sys_vars.timestamp_func                  w25 [ pass ]      7
[ 83%] sys_vars.tmp_table_size_basic            w27 [ pass ]     19
[ 83%] sys_vars.userstat_basic                  w6  [ pass ]      3
[ 83%] sys_vars.transaction_allow_batching_basic w9  [ pass ]     14
[ 84%] sys_vars.innodb_spin_wait_delay_basic    w12 [ pass ]     24
[ 84%] sys_vars.slow_query_log_use_global_control_basic w32 [ pass ]     19
[ 84%] sys_vars.thread_pool_size_basic          w18 [ pass ]     15
[ 84%] sys_vars.transaction_prealloc_size_basic w14 [ pass ]     18
[ 84%] sys_vars.unique_checks_basic             w31 [ pass ]     11
[ 84%] sys_vars.version_comment_basic           w24 [ pass ]     10
[ 84%] sys_vars.thread_statistics_basic         w22 [ pass ]      6
[ 84%] sys_vars.version_compile_os_basic        w2  [ pass ]      9
[ 84%] sys_vars.version_suffix_basic            w20 [ pass ]     22
[ 85%] sys_vars.updatable_views_with_limit_func w10 [ pass ]     96
[ 85%] sys_vars.innodb_buffer_pool_load_now_basic w7  [ pass ]  12167
[ 85%] sys_vars.version_basic                   w6  [ pass ]      8
[ 85%] sys_vars.innodb_spin_wait_pause_multiplier_basic w12 [ pass ]     34
[ 85%] sys_vars.windowing_use_high_precision_basic w25 [ pass ]     61
[ 85%] sys_vars.socket_basic                    w32 [ pass ]     15
[ 85%] sys_vars.version_compile_machine_basic   w24 [ pass ]      9
[ 85%] sys_vars.version_compile_zlib_basic      w2  [ pass ]      8
[ 85%] sys_vars.wait_timeout_basic              w20 [ pass ]     15
[ 86%] percona_vector.ann_null_query_vector     w22 [ pass ]    106
[ 86%] percona_vector.ann_nonfinite_query_vector w31 [ pass ]    300
[ 86%] percona_vector.ann_grouped               w14 [ pass ]    466
[ 86%] sys_vars.sort_buffer_size_basic          w32 [ pass ]     15
[ 86%] sys_vars.innodb_buffer_pool_populate_basic w7  [ pass ]     29
[ 86%] sys_vars.caching_sha2_password_digest_rounds_basic w26 [ pass ]  19574
[ 86%] percona_vector.ann_order_by_alias        w10 [ pass ]    144
[ 86%] percona_vector.aux_drop_mdl              w24 [ pass ]     94
[ 86%] percona_vector.aux_open_fail             w31 [ pass ]    124
[ 87%] percona_vector.aux_name_reserved         w20 [ pass ]    318
[ 87%] percona_vector.aux_parse_trailing        w14 [ pass ]     82
[ 87%] sys_vars.caching_sha2_password_enforce_storage_format_basic w26 [ pass ]     11
[ 87%] sys_vars.innodb_change_buffer_max_size_basic w7  [ pass ]     24
[ 87%] sys_vars.source_verify_checksum_basic    w32 [ pass ]      4
[ 87%] percona_vector.audit_gaps                w6  [ pass ]    969
[ 87%] percona_vector.aux_prepare_error         w24 [ pass ]    361
[ 87%] sys_vars.caching_sha2_password_private_key_path_basic w26 [ pass ]      4
[ 87%] percona_vector.create_like               w20 [ pass ]    161
[ 88%] sys_vars.caching_sha2_password_proxy_users_basic w26 [ pass ]     15
[ 88%] percona_vector.counter_persist           w28 [ pass ]  10153
[ 88%] percona_vector.fk                        w24 [ pass ]    344
[ 88%] percona_vector.instant_virtual           w29 [ pass ]   4101
[ 88%] percona_vector.drop_pk                   w32 [ pass ]   1107
[ 88%] sys_vars.caching_sha2_password_public_key_path_basic w26 [ pass ]      3
[ 88%] percona_vector.handler_read              w28 [ pass ]    113
[ 88%] sys_vars.relay_log_basename_basic        w27 [ pass ]    455
[ 88%] percona_vector.import_blocked            w24 [ pass ]    366
[ 89%] sys_vars.wait_timeout_func               w17 [ pass ]   5129
[ 89%] percona_vector.counter_stale_buffer      w31 [ pass ]   2664
[ 89%] percona_vector.aux_corrupt_entry_point   w12 [ pass ]   4149
[ 89%] percona_vector.aux_dml_debug             w25 [ pass ]   4218
[ 89%] percona_vector.index_newer_than_snapshot w24 [ pass ]    265
[ 89%] sys_vars.relay_log_index_basic           w27 [ pass ]    464
[ 89%] percona_vector.aux_level_corruption      w2  [ pass ]   4130
[ 89%] sys_vars.rpl_init_replica_func           w9  [ pass ]    671
[ 89%] sys_vars.admin_port_basic                w4  [ pass ]  22250
[ 90%] sys_vars.replica_enable_event_basic      w15 [ pass ]  10024
[ 90%] sys_vars.warning_count_basic             w17 [ pass ]     14
[ 90%] percona_vector.index_not_scannable       w31 [ pass ]    138
[ 90%] percona_vector.aux_predicate             w10 [ pass ]   4226
[ 90%] sys_vars.admin_ssl_ca_basic              w4  [ pass ]     10
[ 90%] sys_vars.sha256_password_proxy_users_cmdl w21 [ pass ]  38057
[ 90%] percona_vector.misc_lifecycle            w24 [ pass ]    472
[ 90%] sys_vars.admin_ssl_capath_basic          w4  [ pass ]     11
[ 90%] percona_vector.persistence               w2  [ pass ]   1063
[ 91%] percona_vector.graph_alloc_fail          w20 [ pass ]   4133
[ 91%] percona_vector.max_memory_parallel_build w25 [ pass ]   1482
[ 91%] sys_vars.admin_ssl_cert_basic            w4  [ pass ]      9
[ 91%] percona_vector.update                    w2  [ pass ]    181
[ 91%] sys_vars.admin_ssl_cipher_basic          w4  [ pass ]     10
[ 91%] percona_vector.drop_index_aux_error      w14 [ pass ]   4441
[ 91%] percona_vector.update_pk_lock_wait       w25 [ pass ]    145
[ 91%] sys_vars.log_query_errors_basic          w13 [ pass ]  20903
[ 91%] percona_vector.update_pk                 w20 [ pass ]    584
[ 92%] percona_vector.aux_node_missing          w22 [ pass ]   7414
[ 92%] sys_vars.admin_ssl_crl_basic             w4  [ pass ]      9
[ 92%] percona_vector.max_memory                w29 [ pass ]   4895
[ 92%] sys_vars.admin_ssl_key_basic             w25 [ pass ]     13
[ 92%] percona_vector.drop_last_index           w7  [ pass ]   6729
[ 92%] sys_vars.log_slow_admin_statements_basic w13 [ pass ]      8
[ 92%] sys_vars.admin_tls_ciphersuites_basic    w20 [ pass ]     10
[ 92%] sys_vars.admin_tls_version_basic         w22 [ pass ]     10
[ 92%] sys_vars.auto_generate_certs_basic       w4  [ pass ]      3
[ 93%] sys_vars.server_memory_basic             w16 [ pass ]  16048
[ 93%] sys_vars.auto_increment_increment_basic  w29 [ pass ]     21
[ 93%] sys_vars.auto_increment_offset_basic     w25 [ pass ]     20
[ 93%] sys_vars.autocommit_basic                w7  [ pass ]     15
[ 93%] percona_vector.index_syntax              w12 [ pass ]   4509
[ 93%] percona_vector.search                    w10 [ pass ]   3263
[ 93%] sys_vars.autocommit_func                 w20 [ pass ]     96
[ 93%] sys_vars.automatic_sp_privileges_basic   w22 [ pass ]     11
[ 93%] sys_vars.automatic_sp_privileges_func    w4  [ pass ]    114
[ 94%] sys_vars.server_uuid_basic               w16 [ pass ]     14
[ 94%] sys_vars.back_log_basic                  w29 [ pass ]     13
[ 94%] sys_vars.basedir_basic                   w25 [ pass ]      9
[ 94%] percona_vector.runtime_open              w15 [ pass ]   4323
[ 94%] sys_vars.character_set_client_basic      w7  [ pass ]     59
[ 94%] sys_vars.character_set_client_func       w12 [ pass ]     72
[ 94%] sys_vars.character_set_connection_basic  w10 [ pass ]     49
[ 94%] sys_vars.innodb_doublewrite_batch_size_basic w22 [ pass ]     12
[ 94%] sys_vars.character_set_connection_func   w20 [ pass ]    143
[ 95%] sys_vars.innodb_doublewrite_dir_basic    w4  [ pass ]     14
[ 95%] sys_vars.innodb_doublewrite_files_basic  w29 [ pass ]     12
[ 95%] percona_vector.pk_combinations           w9  [ pass ]    794
[ 95%] sys_vars.innodb_doublewrite_pages_basic  w25 [ pass ]     14
[ 95%] sys_vars.session_track_gtids_basic       w16 [ pass ]    163
[ 95%] sys_vars.innodb_encrypt_online_alter_logs_basic w15 [ pass ]      5
[ 95%] percona_vector.scan_lifetime             w31 [ pass ]   4792
[ 95%] sys_vars.admin_ssl_crlpath_basic         w14 [ pass ]      9
[ 95%] percona_vector.transient_vs_corrupt      w24 [ pass ]   4346
[ 96%] sys_vars.innodb_fast_shutdown_basic      w12 [ pass ]     15
[ 96%] percona_vector.offpage                   w27 [ pass ]   1246
[ 96%] sys_vars.innodb_file_io_threads_basic    w22 [ pass ]     15
[ 96%] sys_vars.innodb_fil_make_page_dirty_debug_basic w10 [ pass ]     61
[ 96%] sys_vars.log_slow_extra_basic            w20 [ pass ]     10
[ 96%] sys_vars.log_slow_filter_basic           w4  [ pass ]      3
[ 96%] percona_vector.index_build               w32 [ pass ]   7752
[ 96%] sys_vars.offline_mode_basic              w29 [ pass ]     10
[ 96%] sys_vars.old_alter_table_basic           w9  [ pass ]     24
[ 97%] sys_vars.open_files_limit_basic          w25 [ pass ]     14
[ 97%] sys_vars.optimizer_prune_level_basic     w16 [ pass ]     16
[ 97%] sys_vars.optimizer_search_depth_basic    w15 [ pass ]     18
[ 97%] sys_vars.proxy_user_basic                w31 [ pass ]      4
[ 97%] sys_vars.skip_show_database_basic        w14 [ pass ]     13
[ 97%] sys_vars.slow_launch_time_basic          w24 [ pass ]     16
[ 97%] sys_vars.sysvars_with_aliases_64bit_nodebug w22 [ skipped ]  Test requires binaries to be compiled in release mode
[ 97%] sys_vars.slow_query_log_always_write_time_basic w12 [ pass ]      4
[ 97%] sys_vars.slow_query_log_basic            w27 [ pass ]     12
[ 98%] sys_vars.table_definition_cache_basic    w10 [ pass ]     15
[ 98%] percona_vector.runtime_open_fail         w17 [ pass ]   7039
[ 98%] percona_vector.alter_rebuild_column      w18 [ pass ]  15413
[ 98%] percona_vector.stale_node                w21 [ pass ]   5171
[ 98%] percona_vector.first_add_inplace         w6  [ pass ]  13461
[ 98%] sys_vars.ngram_token_size_basic          w8  [ pass ]  28048
[ 98%] sys_vars.caching_sha2_password_storage_format_basic w26 [ pass ]  14024
[ 98%] sys_vars.sysvars_with_aliases_64bit_debug w11 [ pass ]  25909
[ 98%] sys_vars.persisted_sysvars_with_aliases  w5  [ pass ]  73379
[ 99%] sys_vars.log_slow_admin_statements_func  w13 [ pass ]  15094
[ 99%] percona_vector.index_build_parallel      w28 [ pass ]  24060
[ 99%] sys_vars.proxy_protocol_networks_malformed w19 [ pass ]  38680
[ 99%] percona_vector.alter_rebuild             w23 [ pass ]  43953
[ 99%] sys_vars.innodb_doublewrite_basic        w3  [ pass ]  77220
[ 99%] sys_vars.tmpdir_basic_debug              w30 [ pass ]  56083
[ 99%] sys_vars.skip_replica_start              w1  [ pass ]  69408
[ 99%] percona_vector.vector_indexes_i_s        w2  [ pass ]  65310
[ 99%] sys_vars.innodb_extend_and_initialize_basic w7  [ pass ]  63138
[100%] shutdown_report                          w0  [ pass ]       
------------------------------------------------------------------------------
The servers were restarted 144 times
The servers were reinitialized 3 times
Spent 1194.662 of 151 seconds executing testcases

Completed: All 872 tests were successful.

34 tests were skipped, 32 by the test itself.

