Logging: /home/satya/WORK/vector/vec-memory-i-s/mysql-test/mysql-test-run.pl  --mysqld=--log-error-suppression-list=MY-011873,MY-011879,MY-011875 --suite=percona_vector,sys_vars --parallel=32 --force --max-test-fail=0
MySQL Version 9.7.1
Checking supported features
 - Binaries are debug compiled
Using suite(s): percona_vector,sys_vars
Collecting tests
Removing old var directory
Creating var directory '/home/satya/WORK/vector/vec-memory-i-s/bld/mysql-test/var'
Installing system database
Using parallel: 32
ports_per_thread:30

==============================================================================
                  TEST NAME                   WORKER RESULT  TIME (ms) COMMENT
------------------------------------------------------------------------------
[  0%] sys_vars.caching_sha2_password_proxy_users_cmdl  [ skipped ]  Test needs 'big-test' or 'only-big-test' option.
[  0%] sys_vars.relay_log_space_limit_large      [ skipped ]  Test needs 'big-test' or 'only-big-test' option.
[  0%] percona_vector.index_syntax_rocksdb      w32 [ skipped ]  RocksDB requires the environment variable $ROCKSDB to be set (normally done by mtr)
[  0%] sys_vars.rpl_semi_sync_replica_trace_level_basic w27 [ pass ]     49
[  0%] sys_vars.rpl_semi_sync_source_timeout_basic w10 [ pass ]     39
[  0%] sys_vars.rpl_semi_sync_source_trace_level_basic w16 [ pass ]     48
[  0%] sys_vars.rpl_semi_sync_source_wait_point_basic w23 [ pass ]     28
[  0%] sys_vars.rpl_semi_sync_replica_enabled_basic w11 [ pass ]     46
[  0%] sys_vars.autocommit_func4                w14 [ pass ]     65
[  1%] sys_vars.default_storage_engine_basic_myisam w12 [ pass ]      9
[  1%] sys_vars.log_error_func2                 w18 [ pass ]     11
[  1%] sys_vars.log_error_func                  w2  [ pass ]     11
[  1%] sys_vars.delay_key_write_func            w24 [ pass ]    113
[  1%] sys_vars.rpl_semi_sync_source_enabled_basic w7  [ pass ]     62
[  1%] sys_vars.ft_boolean_syntax_func          w25 [ pass ]     54
[  1%] sys_vars.autocommit_func3                w28 [ pass ]     65
[  1%] sys_vars.character_set_database_func_myisam w15 [ pass ]     91
[  1%] sys_vars.rpl_semi_sync_source_wait_no_replica_basic w21 [ pass ]     48
[  2%] sys_vars.replication_optimize_for_static_plugin_config w8  [ pass ]    147
[  2%] sys_vars.rpl_semi_sync_source_wait_for_replica_count_basic w20 [ pass ]     49
[  2%] sys_vars.autocommit_func5                w29 [ pass ]     74
[  2%] sys_vars.concurrent_insert_func          w31 [ pass ]     44
[  2%] sys_vars.myisam_stats_method_func        w9  [ pass ]    106
[  2%] sys_vars.core_file_basic                 w13 [ pass ]     12
[  2%] sys_vars.autocommit_func2                w30 [ pass ]     79
[  2%] sys_vars.sql_big_selects_func            w22 [ pass ]     22
[  2%] sys_vars.max_join_size_func              w1  [ pass ]     63
[  3%] sys_vars.auto_increment_offset_func      w3  [ pass ]    111
[  3%] sys_vars.auto_increment_increment_func   w4  [ pass ]    112
[  3%] sys_vars.default_tmp_storage_engine_basic_myisam w19 [ pass ]     48
[  3%] sys_vars.all_vars                        w6  [ pass ]    897
[  3%] sys_vars.sql_low_priority_updates_func   w32 [ pass ]     87
[  3%] sys_vars.sysvars_with_aliases_32bit_debug w27 [ skipped ]  Requires 32 bit ulong
[  3%] sys_vars.host_cache_size_basic           w14 [ pass ]     17
[  3%] sys_vars.general_log_file_basic          w23 [ pass ]     13
[  3%] sys_vars.lo_dependencies_basic           w4  [ skipped ]  Test requires 'have_lock_order'
[  4%] sys_vars.general_log_file_func           w16 [ pass ]     89
[  4%] sys_vars.innodb_change_buffering_basic   w15 [ pass ]     26
[  4%] sys_vars.innodb_empty_free_list_algorithm_basic w28 [ pass ]      7
[  4%] sys_vars.innodb_buffer_pool_in_core_file_basic w25 [ pass ]     16
[  4%] sys_vars.innodb_autoinc_lock_mode_func   w24 [ pass ]     86
[  4%] sys_vars.sysvars_with_aliases_32bit_nodebug w27 [ skipped ]  Test requires binaries to be compiled in release mode
[  4%] sys_vars.lo_extra_dependencies_basic     w19 [ skipped ]  Test requires 'have_lock_order'
[  4%] sys_vars.innodb_parallel_read_threads_basic w21 [ pass ]     39
[  4%] sys_vars.innodb_file_per_table_basic     w29 [ pass ]     13
[  5%] sys_vars.log_slow_sp_statements_set      w22 [ pass ]      4
[  5%] sys_vars.rpl_max_binlog_size_func        w11 [ pass ]    201
[  5%] sys_vars.log_raw_basic                   w1  [ pass ]     16
[  5%] sys_vars.innodb_purge_threads_basic      w8  [ pass ]     15
[  5%] sys_vars.innodb_read_io_threads_basic    w20 [ pass ]     15
[  5%] sys_vars.innodb_buffer_pool_size_basic   w7  [ pass ]    219
[  5%] sys_vars.secure_file_priv2               w13 [ pass ]     60
[  5%] sys_vars.lo_output_directory_basic       w6  [ skipped ]  Test requires 'have_lock_order'
[  5%] sys_vars.caching_sha2_password_proxy_users_log w30 [ pass ]     96
[  6%] sys_vars.caching_sha2_password_proxy_users_func w3  [ pass ]    191
[  6%] sys_vars.sha256_password_proxy_users_log w30 [ pass ]     87
[  6%] sys_vars.lo_debug_loop_basic             w32 [ skipped ]  Test requires 'have_lock_order'
[  6%] sys_vars.lo_debug_missing_unlock_basic   w4  [ skipped ]  Test requires 'have_lock_order'
[  6%] sys_vars.lo_trace_loop_basic             w15 [ skipped ]  Test requires 'have_lock_order'
[  6%] sys_vars.named_pipe_full_access_group_basic w19 [ skipped ]  Need windows
[  6%] sys_vars.pfs_events_waits_h_size_basic   w6  [ pass ]     16
[  6%] sys_vars.lo_debug_missing_arc_basic      w14 [ skipped ]  Test requires 'have_lock_order'
[  6%] sys_vars.lo_print_txt_basic              w16 [ skipped ]  Test requires 'have_lock_order'
[  7%] sys_vars.lo_debug_missing_key_basic      w23 [ skipped ]  Test requires 'have_lock_order'
[  7%] sys_vars.lo_trace_missing_arc_basic      w28 [ skipped ]  Test requires 'have_lock_order'
[  7%] sys_vars.lo_trace_missing_unlock_basic   w24 [ skipped ]  Test requires 'have_lock_order'
[  7%] sys_vars.lo_trace_missing_key_basic      w25 [ skipped ]  Test requires 'have_lock_order'
[  7%] sys_vars.lock_order_basic                w27 [ skipped ]  Test requires 'have_lock_order'
[  7%] sys_vars.pfs_accounts_size_basic         w21 [ pass ]     16
[  7%] sys_vars.pfs_events_stages_h_size_basic  w11 [ pass ]     15
[  7%] sys_vars.pfs_events_stages_hl_size_basic w22 [ pass ]     19
[  7%] sys_vars.pfs_digests_size_basic          w29 [ pass ]     16
[  8%] sys_vars.pfs_events_statements_hl_size_basic w1  [ pass ]     15
[  8%] sys_vars.pfs_events_transactions_hl_size_basic w20 [ pass ]     17
[  8%] sys_vars.pfs_events_statements_h_size_basic w8  [ pass ]     17
[  8%] sys_vars.pfs_events_transactions_h_size_basic w7  [ pass ]     16
[  8%] sys_vars.pfs_events_waits_hl_size_basic  w13 [ pass ]     15
[  8%] sys_vars.pfs_hosts_size_basic            w3  [ pass ]     24
[  8%] sys_vars.pfs_max_cond_classes_basic      w30 [ pass ]     17
[  8%] sys_vars.slow_query_log_func_myisam      w26 [ pass ]  13134
[  8%] sys_vars.pfs_max_cond_instances_basic    w32 [ pass ]     16
[  9%] sys_vars.pfs_max_file_classes_basic      w4  [ pass ]     17
[  9%] sys_vars.pfs_max_file_handles_basic      w15 [ pass ]     21
[  9%] sys_vars.pfs_max_file_instances_basic    w19 [ pass ]     15
[  9%] sys_vars.innodb_flush_method_unix        w31 [ pass ]   8132
[  9%] sys_vars.pfs_max_memory_classes_basic    w14 [ pass ]     17
[  9%] sys_vars.pfs_max_mutex_classes_basic     w23 [ pass ]     16
[  9%] sys_vars.pfs_max_metadata_locks_basic    w16 [ pass ]     15
[  9%] sys_vars.pfs_max_mutex_instances_basic   w28 [ pass ]     16
[  9%] sys_vars.pfs_max_program_instances_basic w25 [ pass ]     24
[ 10%] sys_vars.pfs_max_rwlock_classes_basic    w27 [ pass ]     16
[ 10%] sys_vars.pfs_max_prepared_statements_instances_basic w24 [ pass ]     20
[ 10%] sys_vars.pfs_max_sql_text_length_basic   w29 [ pass ]     15
[ 10%] sys_vars.pfs_max_socket_classes_basic    w11 [ pass ]     22
[ 10%] sys_vars.pfs_max_rwlock_instances_basic  w21 [ pass ]     21
[ 10%] sys_vars.pfs_max_index_stat_basic        w6  [ pass ]     16
[ 10%] sys_vars.pfs_max_socket_instances_basic  w22 [ pass ]     16
[ 10%] sys_vars.pfs_max_table_handles_basic     w8  [ pass ]     15
[ 10%] sys_vars.pfs_max_stage_classes_basic     w1  [ pass ]     16
[ 11%] sys_vars.pfs_max_table_instances_basic   w7  [ pass ]     17
[ 11%] sys_vars.pfs_max_statement_classes_basic w20 [ pass ]     16
[ 11%] sys_vars.pfs_max_table_lock_stat_basic   w13 [ pass ]     18
[ 11%] sys_vars.pfs_max_thread_classes_basic    w3  [ pass ]     16
[ 11%] sys_vars.innodb_cmp_per_index_enabled_basic w12 [ pass ]    114
[ 11%] sys_vars.pfs_max_thread_instances_basic  w30 [ pass ]     17
[ 11%] sys_vars.pfs_setup_actors_size_basic     w32 [ pass ]     17
[ 11%] sys_vars.pfs_session_connect_attrs_size_basic w26 [ pass ]     15
[ 11%] sys_vars.optimizer_trace_offset_max      w23 [ pass ]     20
[ 12%] sys_vars.max_digest_length_basic         w27 [ pass ]     17
[ 12%] sys_vars.pfs_max_statement_stack_basic   w15 [ pass ]     29
[ 12%] sys_vars.pfs_setup_objects_size_basic    w4  [ pass ]     17
[ 12%] percona_vector.compressed_64k            w2  [ pass ]    354
[ 12%] sys_vars.performance_schema_basic        w31 [ pass ]     23
[ 12%] sys_vars.pfs_users_size_basic            w19 [ pass ]     16
[ 12%] sys_vars.innodb_numa_interleave_basic    w14 [ pass ]      6
[ 12%] sys_vars.require_secure_transport_windows_basic w16 [ skipped ]  Need windows
[ 12%] sys_vars.pfs_error_size_basic            w6  [ pass ]     14
[ 13%] sys_vars.plugin_dir_basic                w28 [ pass ]     17
[ 13%] sys_vars.maximum_basic                   w24 [ pass ]      6
[ 13%] sys_vars.sha256_password_proxy_users_func w25 [ pass ]    226
[ 13%] sys_vars.range_optimizer_max_mem_size_basic w11 [ pass ]     14
[ 13%] sys_vars.parser_max_mem_size_basic       w29 [ pass ]    126
[ 13%] sys_vars.pfs_show_processlist_basic      w6  [ pass ]     15
[ 13%] sys_vars.parser_max_mem_size             w21 [ pass ]    128
[ 13%] sys_vars.pfs_max_digest_length_basic     w22 [ pass ]     16
[ 13%] sys_vars.persist_only_admin_x509_subject_basic_fr1_3 w1  [ pass ]      5
[ 14%] sys_vars.relay_log_basic                 w13 [ pass ]     15
[ 14%] sys_vars.proxy_protocol_networks_basic   w7  [ pass ]      6
[ 14%] sys_vars.bug77832                        w20 [ pass ]     20
[ 14%] sys_vars.secure_file_priv                w3  [ pass ]     73
[ 14%] sys_vars.log_slow_sp_statements_skip     w30 [ pass ]      4
[ 14%] sys_vars.slow_query_log_file_func        w26 [ pass ]      5
[ 14%] sys_vars.skip_name_resolve_basic         w32 [ pass ]     16
[ 14%] sys_vars.activate_mandatory_roles_basic  w14 [ pass ]      6
[ 14%] sys_vars.bind_address_basic              w16 [ pass ]     11
[ 15%] percona_vector.compressed_4k             w18 [ pass ]   3888
[ 15%] sys_vars.slow_query_log_file_basic       w23 [ pass ]     14
[ 15%] sys_vars.temptable_max_ram_basic         w15 [ pass ]      8
[ 15%] sys_vars.timestamp_sysdate_is_now_func   w27 [ pass ]      9
[ 15%] sys_vars.slow_launch_time_func           w4  [ pass ]    125
[ 15%] sys_vars.innodb_buffer_pool_filename_basic w2  [ pass ]     27
[ 15%] sys_vars.binlog_cache_size_basic         w16 [ pass ]     14
[ 15%] percona_vector.index_syntax_innodb       w19 [ pass ]    133
[ 15%] percona_vector.aux_rebuild_rollback      w31 [ pass ]    422
[ 16%] sys_vars.gtid_executed_compression_period_basic w6  [ pass ]     22
[ 16%] sys_vars.activate_mandatory_roles_func   w14 [ pass ]    286
[ 16%] sys_vars.thread_cache_size_func          w4  [ pass ]     28
[ 16%] sys_vars.binlog_space_limit_basic        w28 [ pass ]     18
[ 16%] sys_vars.character_set_database_basic    w24 [ pass ]     57
[ 16%] sys_vars.binlog_checksum_basic           w16 [ pass ]     20
[ 16%] sys_vars.connection_memory_chunk_size_basic w25 [ pass ]     10
[ 16%] sys_vars.transaction_isolation_func      w9  [ pass ]  20174
[ 16%] sys_vars.delayed_insert_limit_basic      w11 [ pass ]     20
[ 17%] sys_vars.external_user_basic             w29 [ pass ]      5
[ 17%] sys_vars.innodb_deadlock_detect_basic    w13 [ pass ]     13
[ 17%] sys_vars.gtid_mode_basic                 w6  [ pass ]    138
[ 17%] sys_vars.histogram_generation_max_mem_size_basic w21 [ pass ]     24
[ 17%] sys_vars.connection_memory_limit_basic   w25 [ skipped ]  Test requires binaries to be compiled in release mode
[ 17%] sys_vars.binlog_stmt_cache_size_basic    w28 [ pass ]     12
[ 17%] sys_vars.binlog_ddl_skip_rewrite_basic   w16 [ pass ]     23
[ 17%] sys_vars.delayed_insert_timeout_basic    w11 [ pass ]     20
[ 17%] sys_vars.character_set_database_func     w24 [ pass ]    193
[ 18%] sys_vars.innodb_data_file_path_basic     w8  [ pass ]   5986
[ 18%] sys_vars.flush_basic                     w29 [ pass ]     15
[ 18%] sys_vars.innodb_default_row_format_basic w13 [ pass ]      7
[ 18%] sys_vars.gtid_next_basic                 w6  [ pass ]     25
[ 18%] sys_vars.innodb_autoextend_increment_basic w22 [ pass ]     17
[ 18%] sys_vars.innodb_change_buffering_debug_basic w1  [ pass ]     25
[ 18%] sys_vars.connection_memory_status_limit_basic w25 [ skipped ]  Test requires binaries to be compiled in release mode
[ 18%] sys_vars.innodb_ft_enable_diag_print_basic w20 [ pass ]     40
[ 18%] sys_vars.hostname_basic                  w21 [ pass ]     11
[ 19%] sys_vars.innodb_fill_factor_basic        w7  [ pass ]     18
[ 19%] sys_vars.binlog_direct_non_transactional_updates_basic w16 [ pass ]     17
[ 19%] sys_vars.innodb_interpreter_output_basic w3  [ pass ]      5
[ 19%] sys_vars.binlog_transaction_compression_basic w28 [ pass ]     78
[ 19%] sys_vars.delayed_queue_size_basic        w11 [ pass ]     20
[ 19%] sys_vars.flush_time_basic                w29 [ pass ]     17
[ 19%] sys_vars.innodb_monitor_reset_all_basic  w26 [ pass ]    449
[ 19%] sys_vars.innodb_dict_stats_disabled_debug_basic w13 [ pass ]      7
[ 19%] sys_vars.character_set_filesystem_basic  w24 [ pass ]     52
[ 20%] percona_vector.index_wrong_dimensions    w19 [ pass ]   1860
[ 20%] sys_vars.gtid_next_tag_privileges        w6  [ pass ]     46
[ 20%] sys_vars.innodb_autoinc_lock_mode_basic  w22 [ pass ]     14
[ 20%] sys_vars.innodb_checkpoint_disabled_basic w1  [ pass ]      9
[ 20%] percona_vector.alter                     w2  [ pass ]   2190
[ 20%] sys_vars.innodb_flush_log_at_timeout_basic w7  [ pass ]     15
[ 20%] sys_vars.innodb_ft_enable_stopword_basic w20 [ pass ]     39
[ 20%] sys_vars.container_aware_basic           w25 [ pass ]     17
[ 20%] sys_vars.innodb_log_write_ahead_size_basic w30 [ pass ]     28
[ 20%] sys_vars.identity_basic                  w21 [ pass ]     13
[ 21%] sys_vars.innodb_io_capacity_basic        w3  [ pass ]     26
[ 21%] sys_vars.disconnect_on_expired_password_basic w11 [ pass ]      5
[ 21%] sys_vars.binlog_transaction_compression_level_zstd_basic w28 [ pass ]     68
[ 21%] sys_vars.foreign_key_checks_basic        w29 [ pass ]     18
[ 21%] sys_vars.innodb_directories_basic        w13 [ pass ]     20
[ 21%] sys_vars.character_set_results_basic     w24 [ pass ]     57
[ 21%] sys_vars.gtid_owned_basic                w6  [ pass ]     37
[ 21%] sys_vars.innodb_priority_master_basic    w32 [ pass ]      7
[ 21%] sys_vars.innodb_background_drop_list_empty_basic w22 [ pass ]      5
[ 22%] sys_vars.innodb_checksum_algorithm_basic w1  [ pass ]      8
[ 22%] sys_vars.innodb_flush_log_at_trx_commit_basic w7  [ pass ]     21
[ 22%] sys_vars.innodb_ft_ignore_stopwords_basic w20 [ pass ]     51
[ 22%] sys_vars.innodb_log_writer_threads_basic w30 [ pass ]      9
[ 22%] sys_vars.identity_func                   w21 [ pass ]    147
[ 22%] sys_vars.div_precision_increment_basic   w11 [ pass ]     26
[ 22%] sys_vars.innodb_sys_tablespace_encrypt_basic w15 [ pass ]     41
[ 22%] sys_vars.innodb_monitor_reset_basic      w26 [ pass ]    532
[ 22%] sys_vars.innodb_io_capacity_max_basic    w3  [ pass ]     26
[ 23%] percona_vector.aux_rename_reserved       w31 [ pass ]   3026
[ 23%] sys_vars.binlog_transaction_dependency_h_size_basic w28 [ pass ]     28
[ 23%] sys_vars.innodb_disable_background_merge_basic w13 [ pass ]      5
[ 23%] sys_vars.jemalloc_profiling_basic        w4  [ skipped ]  Test requires Jemalloc library loaded and profiling enabled
[ 23%] sys_vars.innodb_priority_purge_basic     w32 [ pass ]      8
[ 23%] sys_vars.innodb_buf_flush_list_now_basic w22 [ pass ]     18
[ 23%] sys_vars.innodb_flush_method_basic       w7  [ pass ]     12
[ 23%] sys_vars.innodb_cleaner_lsn_age_factor_basic w1  [ pass ]      6
[ 23%] sys_vars.innodb_ft_max_token_size_basic  w20 [ pass ]     16
[ 24%] sys_vars.character_set_results_func      w24 [ pass ]    287
[ 24%] sys_vars.innodb_lru_scan_depth_basic     w30 [ pass ]     31
[ 24%] sys_vars.innodb_table_locks_basic        w15 [ pass ]     24
[ 24%] sys_vars.innodb_limit_optimistic_insert_debug_basic w3  [ pass ]     25
[ 24%] sys_vars.innodb_replication_delay_basic  w18 [ pass ]     26
[ 24%] sys_vars.immediate_server_version_basic  w21 [ pass ]    127
[ 24%] sys_vars.innodb_old_blocks_pct_basic     w26 [ pass ]     34
[ 24%] sys_vars.innodb_stats_auto_recalc_basic  w23 [ pass ]      5
[ 24%] sys_vars.innodb_undo_log_truncate_basic  w27 [ pass ]     13
[ 25%] sys_vars.block_encryption_mode_basic     w28 [ pass ]     19
[ 25%] sys_vars.innodb_flush_method_windows     w7  [ skipped ]  Need windows
[ 25%] percona_vector.aux_update_empty_repeat   w31 [ pass ]    333
[ 25%] sys_vars.div_precision_increment_func    w11 [ pass ]    607
[ 25%] sys_vars.innodb_disable_sort_file_cache_basic w13 [ pass ]     40
[ 25%] sys_vars.join_buffer_size_basic          w4  [ pass ]     18
[ 25%] sys_vars.innodb_purge_batch_size_basic   w32 [ pass ]     21
[ 25%] sys_vars.innodb_commit_concurrency_basic w1  [ pass ]     15
[ 25%] sys_vars.innodb_buffer_pool_chunk_size_basic w22 [ pass ]     10
[ 26%] sys_vars.innodb_lock_wait_timeout_basic  w3  [ pass ]     17
[ 26%] sys_vars.innodb_ft_min_token_size_basic  w20 [ pass ]     16
[ 26%] sys_vars.character_set_server_basic      w24 [ pass ]     43
[ 26%] sys_vars.innodb_rollback_on_timeout_basic w18 [ pass ]     11
[ 26%] sys_vars.information_schema_stats_expiry_basic w21 [ pass ]      9
[ 26%] sys_vars.innodb_old_blocks_time_basic    w26 [ pass ]     23
[ 26%] sys_vars.innodb_stats_include_delete_marked_basic w23 [ pass ]      6
[ 26%] sys_vars.foreign_key_checks_func         w29 [ pass ]   1866
[ 26%] sys_vars.innodb_use_fdatasync_basic      w27 [ pass ]      5
[ 27%] sys_vars.gtid_purged_basic               w6  [ pass ]   1555
[ 27%] sys_vars.innodb_table_locks_func         w15 [ pass ]    213
[ 27%] sys_vars.buffered_error_log_filename_basic w28 [ pass ]      5
[ 27%] sys_vars.innodb_flush_neighbors_basic    w7  [ pass ]     38
[ 27%] sys_vars.enable_secondary_engine_statistics_basic w11 [ pass ]     13
[ 27%] sys_vars.keep_files_on_create_basic      w4  [ pass ]     17
[ 27%] sys_vars.large_pages_basic               w9  [ pass ]     15
[ 27%] sys_vars.innodb_buffer_pool_debug_basic  w22 [ pass ]      4
[ 27%] sys_vars.innodb_purge_rseg_truncate_frequency_basic w32 [ pass ]     18
[ 28%] sys_vars.innodb_compress_debug_basic     w1  [ pass ]     29
[ 28%] sys_vars.innodb_online_alter_log_max_size_basic w26 [ pass ]     26
[ 28%] sys_vars.innodb_ft_num_word_optimize_basic w20 [ pass ]     22
[ 28%] sys_vars.character_set_server_func       w24 [ pass ]     60
[ 28%] sys_vars.innodb_rollback_segments_basic  w18 [ pass ]     29
[ 28%] sys_vars.init_connect_basic              w21 [ pass ]     17
[ 28%] sys_vars.innodb_stats_method_basic       w23 [ pass ]     29
[ 28%] sys_vars.innodb_use_native_aio_basic     w27 [ pass ]     10
[ 28%] sys_vars.buffered_error_log_size_basic   w28 [ pass ]      7
[ 29%] sys_vars.ft_boolean_syntax_basic         w29 [ pass ]     11
[ 29%] sys_vars.gtid_purged_tag_privileges      w6  [ pass ]     41
[ 29%] sys_vars.innodb_temp_tablespace_encrypt_basic w15 [ pass ]     45
[ 29%] sys_vars.innodb_log_buffer_size_basic    w3  [ pass ]    261
[ 29%] sys_vars.innodb_flush_sync_basic         w7  [ pass ]     38
[ 29%] sys_vars.key_buffer_size_basic           w4  [ pass ]     14
[ 29%] sys_vars.innodb_compressed_columns_threshold_basic w1  [ pass ]     28
[ 29%] sys_vars.encrypt_tmp_files_basic         w11 [ pass ]     17
[ 29%] sys_vars.last_insert_id_basic            w9  [ pass ]     27
[ 30%] sys_vars.innodb_open_files_basic         w26 [ pass ]     10
[ 30%] sys_vars.innodb_purge_run_now_basic      w32 [ pass ]     17
[ 30%] sys_vars.character_set_system_basic      w24 [ pass ]     13
[ 30%] sys_vars.init_file_basic                 w21 [ pass ]     21
[ 30%] sys_vars.innodb_ft_result_cache_limit_basic w20 [ pass ]     15
[ 30%] sys_vars.innodb_validate_tablespace_paths_basic w27 [ pass ]      6
[ 30%] sys_vars.innodb_saved_page_number_debug_basic w18 [ pass ]     73
[ 30%] sys_vars.innodb_stats_on_metadata_basic  w23 [ pass ]     40
[ 30%] sys_vars.ft_max_word_len_basic           w29 [ pass ]     20
[ 31%] sys_vars.build_id_basic                  w28 [ pass ]     10
[ 31%] sys_vars.innodb_temp_tablespaces_dir_basic w15 [ pass ]     13
[ 31%] sys_vars.have_backup_locks_basic         w6  [ pass ]     10
[ 31%] sys_vars.innodb_flushing_avg_loops_basic w7  [ pass ]     20
[ 31%] sys_vars.innodb_log_checkpoint_fuzzy_now_basic w3  [ pass ]     33
[ 31%] sys_vars.end_markers_in_json_basic       w11 [ pass ]     17
[ 31%] sys_vars.innodb_compressed_columns_zip_level_basic w1  [ pass ]     23
[ 31%] sys_vars.innodb_optimize_fulltext_only_basic w26 [ pass ]     42
[ 31%] sys_vars.innodb_purge_stop_now_basic     w32 [ pass ]     17
[ 32%] sys_vars.character_sets_dir_basic        w24 [ pass ]     16
[ 32%] sys_vars.innodb_stats_persistent_basic   w23 [ pass ]      8
[ 32%] sys_vars.key_buffer_size_func            w4  [ pass ]    118
[ 32%] sys_vars.last_insert_id_func             w9  [ pass ]     92
[ 32%] percona_vector.insert                    w19 [ pass ]   4449
[ 32%] sys_vars.innodb_ft_server_stopword_table_basic w20 [ pass ]     25
[ 32%] sys_vars.innodb_adaptive_flushing_basic  w21 [ pass ]     43
[ 32%] sys_vars.innodb_version_basic            w27 [ pass ]     13
[ 32%] sys_vars.ft_min_word_len_basic           w29 [ pass ]     14
[ 33%] sys_vars.bulk_insert_buffer_size_basic   w28 [ pass ]     17
[ 33%] sys_vars.have_backup_safe_binlog_info_basic w6  [ pass ]     11
[ 33%] sys_vars.innodb_thread_concurrency_basic w15 [ pass ]     15
[ 33%] percona_vector.alter_add_fulltext        w2  [ pass ]   4493
[ 33%] sys_vars.innodb_force_index_records_in_range_basic w7  [ pass ]     20
[ 33%] sys_vars.innodb_log_checkpoint_now_basic w3  [ pass ]     55
[ 33%] sys_vars.innodb_compression_failure_threshold_pct_basic w1  [ pass ]     14
[ 33%] sys_vars.innodb_temp_data_file_path_basic w8  [ pass ]   5877
[ 33%] sys_vars.innodb_random_read_ahead_basic  w32 [ pass ]     46
[ 34%] sys_vars.lc_messages_basic               w9  [ pass ]     22
[ 34%] sys_vars.enforce_gtid_consistency_basic  w11 [ pass ]    153
[ 34%] sys_vars.innodb_adaptive_flushing_lwm_basic w21 [ pass ]     15
[ 34%] sys_vars.innodb_ft_sort_pll_degree_basic w20 [ pass ]     16
[ 34%] sys_vars.innodb_stats_persistent_sample_pages_basic w23 [ pass ]     23
[ 34%] sys_vars.check_proxy_users_basic         w24 [ pass ]     16
[ 34%] sys_vars.key_cache_age_threshold_basic   w4  [ pass ]     15
[ 34%] sys_vars.ft_query_expansion_limit_basic  w29 [ pass ]     14
[ 34%] sys_vars.innodb_write_io_threads_basic   w27 [ pass ]     15
[ 35%] sys_vars.caching_sha2_password_auto_generate_rsa_keys_basic w28 [ pass ]      4
[ 35%] sys_vars.innodb_thread_sleep_delay_basic w15 [ pass ]     34
[ 35%] sys_vars.have_compress_basic             w6  [ pass ]     13
[ 35%] sys_vars.innodb_force_load_corrupted_basic w7  [ pass ]     11
[ 35%] sys_vars.innodb_log_checksums_basic      w3  [ pass ]      6
[ 35%] sys_vars.innodb_compression_level_basic  w1  [ pass ]     24
[ 35%] sys_vars.persist_only_admin_x509_subject_basic_fr2 w8  [ pass ]     45
[ 35%] sys_vars.lc_messages_dir_basic           w9  [ pass ]      4
[ 35%] sys_vars.enforce_storage_engine_basic    w11 [ pass ]      4
[ 36%] sys_vars.innodb_adaptive_hash_index_basic w21 [ pass ]     39
[ 36%] sys_vars.innodb_stats_transient_sample_pages_basic w23 [ pass ]     24
[ 36%] sys_vars.ft_query_extra_word_chars_basic w29 [ pass ]     17
[ 36%] sys_vars.innodb_read_ahead_threshold_basic w32 [ pass ]     26
[ 36%] sys_vars.insert_id_basic                 w27 [ pass ]     13
[ 36%] sys_vars.key_cache_block_size_basic      w4  [ pass ]     23
[ 36%] sys_vars.innodb_ft_total_cache_size_basic w20 [ pass ]     13
[ 36%] sys_vars.check_proxy_users_func          w24 [ pass ]     16
[ 36%] sys_vars.innodb_tmpdir_basic             w15 [ pass ]     16
[ 37%] sys_vars.have_dynamic_loading_basic      w6  [ pass ]     11
[ 37%] sys_vars.innodb_force_recovery_basic     w7  [ pass ]     10
[ 37%] sys_vars.innodb_log_compressed_pages_basic w3  [ pass ]     11
[ 37%] sys_vars.innodb_compression_pad_pct_max_basic w1  [ pass ]     14
[ 37%] sys_vars.ft_stopword_file_basic          w29 [ pass ]     14
[ 37%] sys_vars.eq_range_index_dive_limit_basic w11 [ pass ]     22
[ 37%] sys_vars.innodb_status_output_basic      w23 [ pass ]     42
[ 37%] sys_vars.innodb_adaptive_hash_index_parts_basic w21 [ pass ]     10
[ 37%] sys_vars.key_cache_division_limit_basic  w4  [ pass ]     22
[ 38%] sys_vars.innodb_read_only_basic          w32 [ pass ]     17
[ 38%] sys_vars.lc_time_names_basic             w9  [ pass ]     80
[ 38%] sys_vars.innodb_ft_user_stopword_table_basic w20 [ pass ]     24
[ 38%] sys_vars.innodb_buffer_pool_dump_at_shutdown_basic w22 [ pass ]   3049
[ 38%] sys_vars.collation_connection_basic      w24 [ pass ]    122
[ 38%] sys_vars.insert_id_func                  w27 [ pass ]     90
[ 38%] sys_vars.innodb_trx_purge_view_update_only_debug_basic w15 [ pass ]     25
[ 38%] sys_vars.have_geometry_basic             w6  [ pass ]     10
[ 38%] sys_vars.innodb_force_recovery_crash_basic w7  [ pass ]     21
[ 39%] sys_vars.innodb_log_flush_now_basic      w3  [ pass ]     35
[ 39%] percona_vector.blob_col                  w31 [ pass ]   4237
[ 39%] sys_vars.binlog_encryption               w16 [ pass ]   6223
[ 39%] sys_vars.innodb_concurrency_tickets_basic w1  [ pass ]     17
[ 39%] sys_vars.general_log_basic               w29 [ pass ]     10
[ 39%] sys_vars.innodb_adaptive_max_sleep_delay_basic w21 [ pass ]     11
[ 39%] sys_vars.innodb_status_output_locks_basic w23 [ pass ]     46
[ 39%] sys_vars.error_count_basic               w11 [ pass ]     11
[ 39%] sys_vars.innodb_records_in_range_basic   w32 [ pass ]     14
[ 40%] sys_vars.kill_idle_transaction_basic     w4  [ pass ]     34
[ 40%] sys_vars.collation_connection_func       w24 [ pass ]     61
[ 40%] sys_vars.lc_time_names_func              w9  [ pass ]     11
[ 40%] sys_vars.innodb_hnsw_ef_search_basic     w20 [ pass ]     16
[ 40%] sys_vars.interactive_timeout_basic       w27 [ pass ]     17
[ 40%] sys_vars.innodb_buffer_pool_dump_now_basic w22 [ pass ]      7
[ 40%] percona_vector.alter_combinations        w2  [ pass ]   2218
[ 40%] sys_vars.have_profiling_basic            w6  [ pass ]     18
[ 40%] sys_vars.innodb_trx_rseg_n_slots_debug_basic w15 [ pass ]     25
[ 40%] sys_vars.innodb_fsync_freq_basic         w7  [ pass ]      6
[ 41%] sys_vars.innodb_log_group_home_dir_basic w3  [ pass ]     11
[ 41%] sys_vars.innodb_page_cleaner_disabled_debug_basic w26 [ pass ]   2811
[ 41%] sys_vars.innodb_corrupt_table_action_basic w1  [ pass ]     19
[ 41%] sys_vars.general_log_func                w29 [ pass ]     98
[ 41%] sys_vars.innodb_api_bk_commit_interval_basic w21 [ pass ]     26
[ 41%] percona_vector.build_atomicity           w31 [ pass ]    359
[ 41%] sys_vars.large_files_support_basic       w4  [ pass ]     16
[ 41%] sys_vars.innodb_redo_log_archive_dirs_basic w32 [ pass ]     50
[ 41%] sys_vars.innodb_strict_mode_basic        w23 [ pass ]     61
[ 42%] sys_vars.have_query_cache_basic          w6  [ pass ]     11
[ 42%] sys_vars.license_basic                   w9  [ pass ]     10
[ 42%] sys_vars.innodb_hnsw_max_memory_basic    w20 [ pass ]     16
[ 42%] sys_vars.collation_database_basic        w24 [ pass ]    140
[ 42%] sys_vars.innodb_buffer_pool_dump_pct_basic w22 [ pass ]      6
[ 42%] sys_vars.innodb_log_spin_cpu_abs_lwm     w3  [ pass ]     15
[ 42%] sys_vars.innodb_fsync_threshold_basic    w7  [ pass ]      8
[ 42%] sys_vars.innodb_undo_directory_basic     w15 [ pass ]     10
[ 42%] sys_vars.global_connection_memory_limit_basic w29 [ skipped ]  Test requires binaries to be compiled in release mode
[ 43%] sys_vars.innodb_page_cleaners_basic      w26 [ pass ]     12
[ 43%] sys_vars.innodb_data_home_dir_basic      w1  [ pass ]     10
[ 43%] sys_vars.innodb_api_disable_rowlock_basic w21 [ pass ]     11
[ 43%] sys_vars.innodb_redo_log_capacity_basic  w32 [ pass ]     23
[ 43%] sys_vars.large_page_size_basic           w4  [ pass ]     16
[ 43%] sys_vars.innodb_idle_flush_pct_basic     w20 [ pass ]     28
[ 43%] sys_vars.have_rtree_keys_basic           w6  [ pass ]     11
[ 43%] sys_vars.local_infile_basic              w9  [ pass ]     12
[ 43%] sys_vars.global_connection_memory_status_limit_basic w29 [ skipped ]  Test requires binaries to be compiled in release mode
[ 44%] sys_vars.innodb_log_spin_cpu_pct_hwm     w3  [ pass ]     16
[ 44%] sys_vars.innodb_sync_array_size_basic    w23 [ pass ]     20
[ 44%] sys_vars.innodb_ft_aux_table_basic       w7  [ pass ]     18
[ 44%] sys_vars.innodb_buffer_pool_evict_basic  w22 [ pass ]      5
[ 44%] sys_vars.innodb_page_hash_locks_basic    w26 [ pass ]     15
[ 44%] percona_vector.build_config_error        w31 [ pass ]    365
[ 44%] sys_vars.innodb_ddl_buffer_size_basic    w1  [ pass ]     29
[ 44%] sys_vars.innodb_api_enable_binlog_basic  w21 [ pass ]     14
[ 44%] sys_vars.collation_database_func         w24 [ pass ]    415
[ 45%] sys_vars.admin_address_basic             w14 [ pass ]  12165
[ 45%] sys_vars.log_error_suppression_list_basic w4  [ pass ]     50
[ 45%] sys_vars.innodb_log_wait_for_flush_spin_hwm w3  [ pass ]     12
[ 45%] sys_vars.global_connection_memory_tracking_basic w29 [ pass ]      8
[ 45%] sys_vars.innodb_redo_log_encrypt_basic   w32 [ pass ]     55
[ 45%] sys_vars.have_snapshot_cloning_basic     w6  [ pass ]     11
[ 45%] sys_vars.innodb_ft_cache_size_basic      w7  [ pass ]     14
[ 45%] sys_vars.local_infile_func               w9  [ pass ]    143
[ 45%] sys_vars.innodb_sync_debug_basic         w23 [ pass ]      4
[ 46%] sys_vars.innodb_page_size_basic          w26 [ pass ]      5
[ 46%] sys_vars.innodb_buffer_pool_instances_basic w22 [ pass ]     15
[ 46%] sys_vars.innodb_ddl_log_crash_reset_debug_basic w1  [ pass ]      6
[ 46%] sys_vars.innodb_interpreter_basic        w20 [ pass ]    277
[ 46%] sys_vars.create_admin_listener_thread_basic w25 [ pass ]  10081
[ 46%] sys_vars.innodb_api_enable_mdl_basic     w21 [ pass ]     12
[ 46%] sys_vars.collation_server_basic          w24 [ pass ]    117
[ 46%] sys_vars.log_error_verbosity_basic       w4  [ pass ]      5
[ 46%] sys_vars.interactive_timeout_func        w27 [ pass ]   2125
[ 47%] sys_vars.group_concat_max_len_basic      w29 [ pass ]     16
[ 47%] sys_vars.lower_case_table_names_basic    w32 [ pass ]     10
[ 47%] sys_vars.log_slow_rate_limit_basic       w3  [ pass ]      5
[ 47%] sys_vars.have_statement_timeout_basic    w6  [ pass ]     13
[ 47%] sys_vars.max_execution_time_basic        w7  [ pass ]     30
[ 47%] sys_vars.binlog_error_action_basic       w16 [ pass ]     14
[ 47%] sys_vars.innodb_sched_priority_io_basic  w18 [ pass ]   6072
[ 47%] sys_vars.innodb_sync_spin_loops_basic    w23 [ pass ]     24
[ 47%] sys_vars.lock_wait_timeout_basic         w9  [ pass ]     23
[ 48%] sys_vars.innodb_buffer_pool_lazy_latch_init_basic w22 [ pass ]      4
[ 48%] sys_vars.innodb_print_all_deadlocks_basic w26 [ pass ]     40
[ 48%] sys_vars.innodb_ddl_threads_basic        w1  [ pass ]     18
[ 48%] sys_vars.locked_in_memory_basic          w8  [ pass ]     15
[ 48%] sys_vars.max_seeks_for_key_func          w20 [ pass ]     97
[ 48%] sys_vars.innodb_api_trx_level_basic      w21 [ pass ]     22
[ 48%] sys_vars.cte_max_recursion_depth_func    w25 [ pass ]     56
[ 48%] sys_vars.internal_tmp_mem_storage_engine_basic w27 [ pass ]     31
[ 48%] sys_vars.log_output_basic                w4  [ pass ]     19
[ 49%] sys_vars.log_slow_rate_type_basic        w3  [ pass ]      4
[ 49%] sys_vars.innodb_undo_log_encrypt_basic   w15 [ pass ]   2046
[ 49%] sys_vars.max_allowed_packet_basic        w32 [ pass ]     20
[ 49%] sys_vars.have_symlink_basic              w6  [ pass ]      9
[ 49%] sys_vars.group_concat_max_len_func       w29 [ pass ]     83
[ 49%] percona_vector.insert_contention         w19 [ pass ]   6306
[ 49%] sys_vars.max_heap_table_size_basic       w7  [ pass ]     21
[ 49%] sys_vars.mysqlx_bind_address_basic       w9  [ pass ]     11
[ 49%] sys_vars.max_write_lock_count_basic      w23 [ pass ]     12
[ 50%] sys_vars.binlog_expire_logs_auto_purge   w16 [ pass ]     50
[ 50%] sys_vars.innodb_buffer_pool_load_abort_basic w22 [ pass ]      6
[ 50%] sys_vars.collation_server_func           w24 [ pass ]    379
[ 50%] sys_vars.innodb_print_ddl_logs_basic     w26 [ pass ]      6
[ 50%] sys_vars.mysqlx_lz4_default_compression_level_basic w1  [ pass ]     18
[ 50%] sys_vars.max_slowlog_files_basic         w20 [ pass ]      5
[ 50%] sys_vars.mysqlx_socket_basic             w21 [ pass ]     21
[ 50%] sys_vars.datadir_basic                   w25 [ pass ]     10
[ 50%] sys_vars.log_bin_basename_basic          w8  [ pass ]     22
[ 51%] sys_vars.jemalloc_detected_basic         w27 [ pass ]      6
[ 51%] sys_vars.log_slow_sp_statements_basic    w3  [ pass ]      5
[ 51%] sys_vars.mysqlx_wait_timeout_basic       w15 [ pass ]     18
[ 51%] sys_vars.net_retry_count_basic           w6  [ pass ]     17
[ 51%] sys_vars.max_insert_delayed_threads_basic w7  [ pass ]     23
[ 51%] sys_vars.innodb_buffer_pool_load_at_startup_basic w22 [ pass ]      5
[ 51%] sys_vars.min_examined_row_limit_basic    w23 [ pass ]     35
[ 51%] sys_vars.max_allowed_packet_func         w32 [ pass ]     60
[ 51%] sys_vars.log_output_func                 w4  [ pass ]    185
[ 52%] sys_vars.mysqlx_compression_algorithms_basic w9  [ pass ]     22
[ 52%] sys_vars.gtid_executed_basic             w29 [ pass ]     37
[ 52%] sys_vars.innodb_print_lock_wait_timeout_info_basic w26 [ pass ]     41
[ 52%] sys_vars.mysqlx_lz4_max_client_compression_level_basic w1  [ pass ]     14
[ 52%] sys_vars.binlog_expire_logs_seconds_basic w16 [ pass ]     17
[ 52%] sys_vars.completion_type_basic           w24 [ pass ]     16
[ 52%] sys_vars.max_slowlog_size_basic          w20 [ pass ]      7
[ 52%] sys_vars.debug_a_global_flagset_basic    w25 [ pass ]     14
[ 52%] sys_vars.log_bin_basic                   w8  [ pass ]     18
[ 53%] sys_vars.mysqlx_ssl_ca_basic             w21 [ pass ]     10
[ 53%] sys_vars.optimizer_switch_basic          w27 [ pass ]     29
[ 53%] sys_vars.log_slow_verbosity_basic        w3  [ pass ]      4
[ 53%] sys_vars.mysqlx_write_timeout_basic      w15 [ pass ]     13
[ 53%] sys_vars.net_write_timeout_basic         w6  [ pass ]     16
[ 53%] percona_vector.alter_instant_label_race  w2  [ pass ]   4276
[ 53%] sys_vars.max_join_size_basic             w7  [ pass ]     30
[ 53%] sys_vars.mysqlx_connect_timeout_basic    w9  [ pass ]     16
[ 53%] sys_vars.myisam_data_pointer_size_basic  w23 [ pass ]     16
[ 54%] sys_vars.max_binlog_cache_size_basic     w32 [ pass ]     18
[ 54%] sys_vars.log_queries_not_using_indexes_basic w4  [ pass ]      7
[ 54%] sys_vars.pfs_max_digest_sample_age_basic w26 [ pass ]     16
[ 54%] sys_vars.binlog_format_basic             w16 [ pass ]     19
[ 54%] sys_vars.mysqlx_max_allowed_packet_basic w1  [ pass ]     15
[ 54%] sys_vars.original_server_version_basic   w29 [ pass ]    111
[ 54%] sys_vars.max_sort_length_basic           w20 [ pass ]     20
[ 54%] sys_vars.log_bin_index_basic             w8  [ pass ]     20
[ 54%] sys_vars.mysqlx_ssl_capath_basic         w21 [ pass ]      9
[ 55%] sys_vars.completion_type_func            w24 [ pass ]     99
[ 55%] sys_vars.debug_basic                     w25 [ pass ]     15
[ 55%] sys_vars.myisam_data_pointer_size_func   w17 [ pass ]  41920
[ 55%] sys_vars.log_statements_unsafe_for_binlog_basic w3  [ pass ]     10
[ 55%] sys_vars.optimizer_trace_basic           w27 [ pass ]     19
[ 55%] sys_vars.mysqlx_zstd_default_compression_level_basic w15 [ pass ]      8
[ 55%] sys_vars.mysqlx_deflate_default_compression_level_basic w9  [ pass ]     15
[ 55%] percona_vector.alter_instant_reason      w2  [ pass ]     85
[ 55%] sys_vars.myisam_max_sort_file_size_basic w23 [ pass ]     21
[ 56%] sys_vars.max_binlog_size_basic           w32 [ pass ]     18
[ 56%] sys_vars.max_points_in_geometry_basic    w7  [ pass ]     11
[ 56%] sys_vars.pfs_max_logger_classes_basic    w26 [ pass ]     16
[ 56%] sys_vars.mysqlx_max_connections_basic    w1  [ pass ]     16
[ 56%] sys_vars.binlog_group_commit_sync_delay_basic w16 [ pass ]     17
[ 56%] sys_vars.password_history_basic          w29 [ pass ]     12
[ 56%] sys_vars.log_bin_trust_function_creators_basic w8  [ pass ]     15
[ 56%] sys_vars.concurrent_insert_basic         w24 [ pass ]     11
[ 56%] sys_vars.mysqlx_ssl_cert_basic           w21 [ pass ]     10
[ 57%] sys_vars.debug_sensitive_session_string_basic w25 [ pass ]     15
[ 57%] sys_vars.innodb_lru_threads_basic        w30 [ pass ]  12077
[ 57%] sys_vars.optimizer_trace_features_basic  w27 [ pass ]     18
[ 57%] sys_vars.log_throttle_qni_basic          w3  [ pass ]      6
[ 57%] sys_vars.mysqlx_zstd_max_client_compression_level_basic w15 [ pass ]      9
[ 57%] sys_vars.max_sort_length_func            w20 [ pass ]    256
[ 57%] sys_vars.event_scheduler_basic           w11 [ pass ]   5945
[ 57%] sys_vars.mysqlx_deflate_max_client_compression_level_basic w9  [ pass ]     15
[ 57%] sys_vars.max_prepared_stmt_count_basic   w7  [ pass ]     15
[ 58%] sys_vars.myisam_mmap_size_basic          w23 [ pass ]     18
[ 58%] sys_vars.pfs_max_meter_classes_basic     w26 [ pass ]     17
[ 58%] sys_vars.binlog_group_commit_sync_no_delay_count_basic w16 [ pass ]     15
[ 58%] sys_vars.max_binlog_stmt_cache_size_basic w32 [ pass ]     25
[ 58%] sys_vars.mysqlx_min_worker_threads_basic w1  [ pass ]     15
[ 58%] sys_vars.password_reuse_interval_basic   w29 [ pass ]     17
[ 58%] sys_vars.connect_timeout_basic           w24 [ pass ]     15
[ 58%] sys_vars.mysqlx_ssl_cipher_basic         w21 [ pass ]      9
[ 58%] sys_vars.named_pipe_basic                w15 [ skipped ]  Need windows
[ 59%] sys_vars.debug_set_operations_secondary_overflow_at_basic w25 [ pass ]     11
[ 59%] sys_vars.optimizer_trace_limit_basic     w27 [ pass ]     30
[ 59%] sys_vars.log_timestamps_basic            w3  [ pass ]      4
[ 59%] sys_vars.log_bin_trust_function_creators_func w8  [ pass ]    233
[ 59%] sys_vars.max_sp_recursion_depth_basic    w20 [ pass ]     19
[ 59%] sys_vars.expand_fast_index_creation_basic w11 [ pass ]      4
[ 59%] sys_vars.mysqlx_document_id_unique_prefix_basic w9  [ pass ]     21
[ 59%] sys_vars.myisam_recover_options_basic    w23 [ pass ]     15
[ 59%] sys_vars.binlog_gtid_simple_recovery_basic w16 [ pass ]     13
[ 60%] sys_vars.max_prepared_stmt_count_func    w7  [ pass ]     44
[ 60%] sys_vars.mysqlx_port_basic               w1  [ pass ]      5
[ 60%] sys_vars.max_connect_errors_basic        w32 [ pass ]     15
[ 60%] sys_vars.pseudo_replica_mode_basic       w24 [ pass ]     20
[ 60%] sys_vars.percona_telemetry_disable_basic w29 [ pass ]      3
[ 60%] sys_vars.mysqlx_ssl_crl_basic            w21 [ pass ]      4
[ 60%] sys_vars.pfs_max_metric_classes_basic    w26 [ pass ]     16
[ 60%] percona_vector.compressed                w31 [ pass ]   5039
[ 60%] sys_vars.net_buffer_length_basic         w15 [ pass ]     17
[ 60%] sys_vars.optimizer_trace_max_mem_size_basic w27 [ pass ]     34
[ 61%] sys_vars.debug_sync_basic                w25 [ pass ]     17
[ 61%] sys_vars.log_diagnostic_basic            w8  [ skipped ]  "The test needs log_diagnostic_enable."
[ 61%] sys_vars.innodb_master_thread_disabled_debug_basic w30 [ pass ]    668
[ 61%] sys_vars.long_query_time_basic           w3  [ pass ]     26
[ 61%] sys_vars.max_sp_recursion_depth_func     w20 [ pass ]     60
[ 61%] sys_vars.mysqlx_enable_hello_notice_basic w9  [ pass ]     13
[ 61%] sys_vars.explain_default_format          w11 [ pass ]     13
[ 61%] sys_vars.binlog_max_flush_queue_time_basic w16 [ pass ]      5
[ 61%] sys_vars.myisam_sort_buffer_size_basic   w23 [ pass ]     20
[ 62%] sys_vars.mysqlx_port_open_timeout_basic  w1  [ pass ]      6
[ 62%] sys_vars.check_proxy_users_cmdl          w5  [ pass ]  44291
[ 62%] sys_vars.max_relay_log_size_basic        w7  [ pass ]     23
[ 62%] sys_vars.pseudo_thread_id_basic          w24 [ pass ]     21
[ 62%] sys_vars.log_diagnostic_enable_basic     w8  [ skipped ]  "The test needs log_diagnostic_enable."
[ 62%] sys_vars.max_connections_basic           w32 [ pass ]     18
[ 62%] sys_vars.pid_file_basic                  w26 [ pass ]     15
[ 62%] sys_vars.persist_only_admin_x509_subject_basic w29 [ pass ]      8
[ 62%] sys_vars.net_buffer_shrink_interval_basic w15 [ pass ]     65
[ 63%] sys_vars.optimizer_trace_offset_basic    w27 [ pass ]     37
[ 63%] sys_vars.innodb_max_dirty_pages_pct_basic w30 [ pass ]     20
[ 63%] sys_vars.mysqlx_ssl_crlpath_basic        w21 [ pass ]      4
[ 63%] percona_vector.concurrent_insert         w31 [ pass ]    167
[ 63%] sys_vars.max_user_connections_basic      w20 [ pass ]     18
[ 63%] sys_vars.low_priority_updates_basic      w3  [ pass ]     16
[ 63%] sys_vars.mysqlx_idle_worker_thread_timeout_basic w9  [ pass ]     16
[ 63%] sys_vars.explain_default_format_hypergraph w11 [ pass ]     13
[ 63%] sys_vars.binlog_order_commits_basic      w16 [ pass ]     12
[ 64%] sys_vars.myisam_stats_method_basic       w23 [ pass ]     15
[ 64%] sys_vars.max_seeks_for_key_basic         w7  [ pass ]     17
[ 64%] sys_vars.mysqlx_read_timeout_basic       w1  [ pass ]     18
[ 64%] sys_vars.log_error_basic                 w8  [ pass ]     15
[ 64%] sys_vars.port_basic                      w26 [ pass ]     15
[ 64%] sys_vars.persist_sensitive_variables_in_plaintext_basic w29 [ pass ]     10
[ 64%] sys_vars.max_delayed_threads_basic       w32 [ pass ]     51
[ 64%] sys_vars.net_read_timeout_basic          w15 [ pass ]     19
[ 64%] sys_vars.query_alloc_block_size_basic    w24 [ pass ]     25
[ 65%] sys_vars.original_commit_timestamp_basic w27 [ pass ]     32
[ 65%] sys_vars.default_collation_for_utf8mb4   w25 [ pass ]    579
[ 65%] sys_vars.mysqlx_ssl_key_basic            w21 [ pass ]     13
[ 65%] sys_vars.max_user_connections_func       w20 [ pass ]      8
[ 65%] sys_vars.lower_case_file_system_basic    w3  [ pass ]     10
[ 65%] sys_vars.explain_json_format_version_basic w11 [ pass ]     10
[ 65%] sys_vars.mysqlx_interactive_timeout_basic w9  [ pass ]     12
[ 65%] sys_vars.binlog_rotate_encryption_master_key_at_startup w16 [ pass ]     12
[ 65%] sys_vars.myisam_use_mmap_basic           w23 [ pass ]     11
[ 66%] sys_vars.log_error_func3                 w8  [ pass ]      6
[ 66%] sys_vars.innodb_max_dirty_pages_pct_func w30 [ pass ]    364
[ 66%] sys_vars.persisted_globals_load_basic    w29 [ pass ]      8
[ 66%] sys_vars.read_only_func                  w7  [ pass ]    141
[ 66%] sys_vars.query_exec_time_basic           w24 [ pass ]      4
[ 66%] sys_vars.preload_buffer_size_basic       w26 [ pass ]     44
[ 66%] sys_vars.max_error_count_basic           w32 [ pass ]     33
[ 66%] sys_vars.replica_transaction_retries_basic w1  [ pass ]     14
[ 66%] sys_vars.require_row_format_basic        w15 [ pass ]     41
[ 67%] sys_vars.innodb_sched_priority_master_basic w18 [ pass ]   6039
[ 67%] sys_vars.default_password_lifetime_basic w25 [ pass ]      7
[ 67%] percona_vector.insert_graph              w19 [ pass ]   5283
[ 67%] sys_vars.server_id_basic                 w21 [ pass ]     15
[ 67%] sys_vars.secure_file_priv_basic          w27 [ pass ]     20
[ 67%] sys_vars.session_track_schema_basic      w20 [ pass ]     18
[ 67%] sys_vars.sha256_password_private_key_path_basic w3  [ pass ]      4
[ 67%] sys_vars.show_create_table_skip_secondary_engine_basic w9  [ pass ]      4
[ 67%] sys_vars.explain_json_format_version_basic_hypergraph w11 [ pass ]     11
[ 68%] sys_vars.log_error_services_basic        w8  [ pass ]      5
[ 68%] sys_vars.read_rnd_buffer_size_basic      w7  [ pass ]     17
[ 68%] sys_vars.binlog_row_event_max_size_basic w16 [ pass ]     50
[ 68%] sys_vars.innodb_max_dirty_pages_pct_lwm_basic w30 [ pass ]     21
[ 68%] sys_vars.sql_auto_is_null_basic          w26 [ pass ]     10
[ 68%] sys_vars.query_prealloc_size_basic       w24 [ pass ]     21
[ 68%] sys_vars.default_storage_engine_basic    w25 [ pass ]     22
[ 68%] sys_vars.replication_sender_observe_commit_only w1  [ pass ]     76
[ 68%] sys_vars.server_id_bits_basic            w21 [ pass ]     15
[ 69%] sys_vars.secure_log_path_basic           w27 [ pass ]     15
[ 69%] sys_vars.session_track_state_change_basic w20 [ pass ]     17
[ 69%] sys_vars.sql_generate_invisible_primary_key_basic w32 [ pass ]    261
[ 69%] sys_vars.print_identified_with_as_hex_basic w17 [ pass ]     52
[ 69%] sys_vars.sha256_password_proxy_users_basic w3  [ pass ]     14
[ 69%] sys_vars.require_row_format_restrictions w15 [ pass ]    205
[ 69%] sys_vars.show_create_table_verbosity_basic w9  [ pass ]     20
[ 69%] percona_vector.insert_then_alter         w19 [ pass ]    315
[ 69%] sys_vars.explicit_defaults_for_timestamp_basic w11 [ pass ]     34
[ 70%] sys_vars.relay_log_purge_basic           w7  [ pass ]     12
[ 70%] percona_vector.alter_label_counter       w2  [ pass ]   4353
[ 70%] sys_vars.binlog_row_image_basic          w16 [ pass ]     16
[ 70%] sys_vars.innodb_max_purge_lag_basic      w30 [ pass ]     17
[ 70%] sys_vars.sql_big_selects_basic           w26 [ pass ]     15
[ 70%] sys_vars.default_table_encryption_basic  w25 [ pass ]     57
[ 70%] sys_vars.report_host_basic               w1  [ pass ]     16
[ 70%] sys_vars.sql_mode_basic                  w8  [ pass ]    147
[ 70%] sys_vars.query_prealloc_size_func        w24 [ pass ]     66
[ 71%] sys_vars.select_into_buffer_size         w27 [ pass ]     38
[ 71%] sys_vars.session_track_system_variables_basic w20 [ pass ]     16
[ 71%] sys_vars.sql_log_bin_basic               w32 [ pass ]     18
[ 71%] sys_vars.sha256_password_public_key_path_basic w3  [ pass ]      3
[ 71%] sys_vars.profiling_basic                 w17 [ pass ]     38
[ 71%] sys_vars.require_secure_transport_basic  w15 [ pass ]     15
[ 71%] sys_vars.sql_quote_show_create_basic     w11 [ pass ]     20
[ 71%] sys_vars.relay_log_recovery_basic        w7  [ pass ]     21
[ 71%] sys_vars.binlog_row_metadata_basic       w16 [ pass ]     15
[ 72%] sys_vars.show_gipk_in_create_table_and_information_schema_basic w9  [ pass ]    278
[ 72%] sys_vars.sql_buffer_result_basic         w26 [ pass ]     17
[ 72%] sys_vars.innodb_max_purge_lag_delay_basic w30 [ pass ]      8
[ 72%] sys_vars.sql_safe_updates_func           w24 [ pass ]     28
[ 72%] sys_vars.report_password_basic           w1  [ pass ]     18
[ 72%] sys_vars.shared_memory_base_name_basic   w3  [ skipped ]  Need windows
[ 72%] sys_vars.session_track_transaction_info_basic w20 [ pass ]      7
[ 72%] sys_vars.select_into_disk_sync           w27 [ pass ]     12
[ 72%] sys_vars.sql_mode_func                   w8  [ pass ]     44
[ 73%] sys_vars.sql_log_off_basic               w32 [ pass ]     22
[ 73%] sys_vars.default_tmp_storage_engine_basic w25 [ pass ]    142
[ 73%] sys_vars.profiling_h_size_basic          w17 [ pass ]     30
[ 73%] sys_vars.rpl_read_size_basic             w15 [ pass ]     18
[ 73%] sys_vars.rand_seed1_basic                w5  [ pass ]     20
[ 73%] sys_vars.sql_quote_show_create_func      w11 [ pass ]     10
[ 73%] sys_vars.relay_log_space_limit_basic     w7  [ pass ]     20
[ 73%] sys_vars.skip_external_locking_basic     w9  [ pass ]     16
[ 73%] sys_vars.shared_memory_basic             w3  [ skipped ]  Need windows
[ 74%] sys_vars.sql_buffer_result_func          w26 [ pass ]     34
[ 74%] sys_vars.innodb_max_undo_log_size_basic  w30 [ pass ]     11
[ 74%] sys_vars.sql_select_limit_basic          w24 [ pass ]     28
[ 74%] sys_vars.sha256_password_auto_generate_rsa_keys_basic w20 [ pass ]      3
[ 74%] sys_vars.select_into_disk_sync_delay     w27 [ pass ]     33
[ 74%] sys_vars.sql_notes_basic                 w8  [ pass ]     18
[ 74%] sys_vars.report_port_basic               w1  [ pass ]     14
[ 74%] sys_vars.sql_log_off_func                w32 [ pass ]     18
[ 74%] sys_vars.default_week_format_basic       w25 [ pass ]     18
[ 75%] sys_vars.binlog_row_value_options_basic  w16 [ pass ]    354
[ 75%] sys_vars.protocol_compression_algorithms_basic w17 [ pass ]      9
[ 75%] sys_vars.schema_definition_cache_basic   w15 [ pass ]     14
[ 75%] sys_vars.rand_seed2_basic                w5  [ pass ]     20
[ 75%] sys_vars.sql_replica_skip_counter_basic  w11 [ pass ]     16
[ 75%] sys_vars.sql_warnings_func               w3  [ pass ]     13
[ 75%] sys_vars.ssl_cipher_basic                w26 [ pass ]      9
[ 75%] sys_vars.innodb_merge_threshold_set_all_debug_basic w30 [ pass ]      7
[ 75%] sys_vars.ssl_key_basic                   w20 [ pass ]      9
[ 76%] sys_vars.stored_program_cache_basic      w27 [ pass ]     11
[ 76%] sys_vars.sql_select_limit_func           w24 [ pass ]     73
[ 76%] sys_vars.sql_notes_func                  w8  [ pass ]     23
[ 76%] sys_vars.skip_networking_basic           w9  [ pass ]     13
[ 76%] sys_vars.report_user_basic               w1  [ pass ]     14
[ 76%] sys_vars.default_week_format_func        w25 [ pass ]      7
[ 76%] sys_vars.protocol_version_basic          w17 [ pass ]     16
[ 76%] sys_vars.secondary_engine_cost_threshold_basic w15 [ pass ]     15
[ 76%] sys_vars.binlog_rows_query_log_events_basic w16 [ pass ]     21
[ 77%] sys_vars.super_read_only_func            w32 [ pass ]    119
[ 77%] sys_vars.range_alloc_block_size_basic    w5  [ pass ]     19
[ 77%] sys_vars.sql_safe_updates_basic          w11 [ pass ]     17
[ 77%] sys_vars.ssl_crl_basic                   w26 [ pass ]      4
[ 77%] sys_vars.ssl_ca_basic                    w3  [ pass ]     14
[ 77%] sys_vars.ssl_session_cache_mode_basic    w20 [ pass ]      9
[ 77%] sys_vars.stored_program_definition_cache_basic w27 [ pass ]     14
[ 77%] sys_vars.sql_warnings_basic              w24 [ pass ]     15
[ 77%] sys_vars.sync_relay_log_info_basic       w8  [ pass ]     19
[ 78%] sys_vars.delay_key_write_basic           w25 [ pass ]     12
[ 78%] sys_vars.binlog_skip_flush_commands_basic w16 [ pass ]     44
[ 78%] sys_vars.table_encryption_privilege_check_basic w1  [ pass ]     48
[ 78%] sys_vars.sync_binlog_basic               w32 [ pass ]     13
[ 78%] sys_vars.rbr_exec_mode_basic             w5  [ pass ]      6
[ 78%] sys_vars.innodb_monitor_disable_basic    w30 [ pass ]    493
[ 78%] sys_vars.table_open_cache_triggers_basic w15 [ pass ]    240
[ 78%] sys_vars.thread_cache_size_basic         w11 [ pass ]     23
[ 78%] sys_vars.ssl_capath_basic                w3  [ pass ]      9
[ 79%] sys_vars.ssl_crlpath_basic               w26 [ pass ]      3
[ 79%] sys_vars.ssl_session_cache_timeout_basic w20 [ pass ]     16
[ 79%] sys_vars.caching_sha2_password_digest_rounds_basic w28 [ pass ]  16625
[ 79%] sys_vars.super_read_only_basic           w27 [ pass ]     18
[ 79%] sys_vars.thread_pool_high_prio_tickets_basic w24 [ pass ]     19
[ 79%] sys_vars.thread_pool_min_threads_basic   w25 [ skipped ]  Need windows
[ 79%] sys_vars.sync_source_info_basic          w8  [ pass ]     17
[ 79%] sys_vars.thread_pool_stall_limit_basic   w16 [ pass ]     16
[ 79%] sys_vars.table_open_cache_basic          w1  [ pass ]     19
[ 80%] sys_vars.sync_relay_log_basic            w32 [ pass ]     16
[ 80%] sys_vars.read_buffer_size_basic          w5  [ pass ]     20
[ 80%] sys_vars.ssl_fips_mode_basic             w26 [ skipped ]  The OpenSSL library in use is not built with FIPS module support.
[ 80%] sys_vars.thread_handling_basic           w11 [ pass ]     10
[ 80%] sys_vars.tablespace_definition_cache_basic w15 [ pass ]     19
[ 80%] sys_vars.time_zone_basic                 w20 [ pass ]     21
[ 80%] sys_vars.ssl_cert_basic                  w3  [ pass ]     11
[ 80%] sys_vars.timestamp_basic                 w27 [ pass ]      8
[ 80%] sys_vars.caching_sha2_password_enforce_storage_format_basic w28 [ pass ]     12
[ 80%] sys_vars.thread_pool_oversubscribe_basic w25 [ pass ]     17
[ 81%] sys_vars.thread_pool_idle_timeout_basic  w24 [ pass ]     17
[ 81%] sys_vars.system_time_zone_basic          w8  [ pass ]     10
[ 81%] sys_vars.innodb_monitor_enable_basic     w30 [ pass ]    466
[ 81%] sys_vars.thread_stack_basic              w16 [ pass ]     15
[ 81%] sys_vars.table_open_cache_instances_basic w1  [ pass ]     10
[ 81%] sys_vars.read_only_basic                 w5  [ pass ]     15
[ 81%] sys_vars.tls_version_basic               w32 [ pass ]     14
[ 81%] sys_vars.tmpdir_basic                    w26 [ pass ]     11
[ 81%] sys_vars.thread_pool_high_prio_mode_basic w11 [ pass ]     12
[ 82%] sys_vars.tf_sequence_table_max_upper_bound_basic w15 [ pass ]     23
[ 82%] sys_vars.transaction_alloc_block_size_basic w3  [ pass ]     21
[ 82%] sys_vars.time_zone_func                  w20 [ pass ]    124
[ 82%] sys_vars.timestamp_func                  w27 [ pass ]      7
[ 82%] sys_vars.caching_sha2_password_private_key_path_basic w28 [ pass ]      5
[ 82%] sys_vars.slow_query_log_func             w29 [ pass ]   6028
[ 82%] sys_vars.thread_pool_max_threads_basic   w24 [ pass ]     18
[ 82%] sys_vars.transaction_isolation_basic     w8  [ pass ]     15
[ 82%] sys_vars.thread_pool_size_basic          w25 [ pass ]     19
[ 83%] sys_vars.transaction_read_only_basic     w30 [ pass ]     16
[ 83%] sys_vars.thread_statistics_basic         w16 [ pass ]      3
[ 83%] sys_vars.innodb_sched_priority_purge_basic w18 [ pass ]   5945
[ 83%] sys_vars.userstat_basic                  w5  [ pass ]      4
[ 83%] sys_vars.updatable_views_with_limit_basic w1  [ pass ]     26
[ 83%] sys_vars.tmp_table_size_basic            w32 [ pass ]     19
[ 83%] sys_vars.version_comment_basic           w11 [ pass ]     11
[ 83%] sys_vars.version_compile_os_basic        w15 [ pass ]     10
[ 83%] sys_vars.transaction_allow_batching_basic w3  [ pass ]     15
[ 84%] sys_vars.slow_query_log_use_global_control_basic w29 [ pass ]     20
[ 84%] sys_vars.caching_sha2_password_proxy_users_basic w28 [ pass ]     15
[ 84%] sys_vars.version_suffix_basic            w20 [ pass ]     24
[ 84%] sys_vars.transaction_prealloc_size_basic w8  [ pass ]     21
[ 84%] sys_vars.unique_checks_basic             w30 [ pass ]     11
[ 84%] percona_vector.instant_no_index_label    w19 [ pass ]   5347
[ 84%] sys_vars.windowing_use_high_precision_basic w24 [ pass ]     71
[ 84%] sys_vars.innodb_buffer_pool_load_now_basic w22 [ pass ]  12116
[ 84%] sys_vars.version_basic                   w5  [ pass ]      9
[ 85%] sys_vars.innodb_segment_reserve_factor_basic w18 [ pass ]      7
[ 85%] percona_vector.alter_online_label_race   w2  [ pass ]   5376
[ 85%] sys_vars.updatable_views_with_limit_func w1  [ pass ]    100
[ 85%] sys_vars.version_compile_machine_basic   w11 [ pass ]     10
[ 85%] sys_vars.version_compile_zlib_basic      w15 [ pass ]     10
[ 85%] sys_vars.socket_basic                    w29 [ pass ]     20
[ 85%] sys_vars.caching_sha2_password_public_key_path_basic w28 [ pass ]      4
[ 85%] sys_vars.wait_timeout_basic              w20 [ pass ]     21
[ 85%] sys_vars.innodb_buffer_pool_populate_basic w22 [ pass ]     17
[ 86%] percona_vector.ann_order_by_alias        w5  [ pass ]    110
[ 86%] sys_vars.innodb_semaphore_wait_timeout_debug_basic w18 [ pass ]      6
[ 86%] percona_vector.ann_null_query_vector     w24 [ pass ]    104
[ 86%] percona_vector.ann_nonfinite_query_vector w30 [ pass ]    344
[ 86%] percona_vector.ann_grouped               w8  [ pass ]    582
[ 86%] percona_vector.aux_drop_mdl              w15 [ pass ]    129
[ 86%] sys_vars.sort_buffer_size_basic          w29 [ pass ]     15
[ 86%] sys_vars.innodb_change_buffer_max_size_basic w22 [ pass ]     28
[ 86%] sys_vars.innodb_show_locks_held_basic    w18 [ pass ]      4
[ 87%] percona_vector.audit_gaps                w2  [ pass ]    895
[ 87%] percona_vector.aux_name_reserved         w5  [ pass ]    303
[ 87%] sys_vars.source_verify_checksum_basic    w29 [ pass ]      4
[ 87%] percona_vector.aux_open_fail             w30 [ pass ]     82
[ 87%] percona_vector.aux_parse_trailing        w8  [ pass ]    102
[ 87%] sys_vars.innodb_sort_buffer_size_basic   w18 [ pass ]     16
[ 87%] percona_vector.counter_persist           w31 [ pass ]  10200
[ 87%] sys_vars.admin_port_basic                w14 [ pass ]  17037
[ 87%] percona_vector.aux_prepare_error         w22 [ pass ]    331
[ 88%] percona_vector.create_like               w5  [ pass ]    147
[ 88%] sys_vars.innodb_spin_wait_delay_basic    w18 [ pass ]     25
[ 88%] sys_vars.admin_ssl_ca_basic              w14 [ pass ]     10
[ 88%] sys_vars.innodb_spin_wait_pause_multiplier_basic w18 [ pass ]     29
[ 88%] percona_vector.fk                        w22 [ pass ]    326
[ 88%] sys_vars.admin_ssl_capath_basic          w14 [ pass ]     12
[ 88%] sys_vars.relay_log_basename_basic        w25 [ pass ]    428
[ 88%] percona_vector.drop_pk                   w8  [ pass ]   1347
[ 88%] percona_vector.aux_corrupt_entry_point   w1  [ pass ]   3147
[ 89%] percona_vector.handler_read              w18 [ pass ]     91
[ 89%] sys_vars.admin_ssl_cert_basic            w14 [ pass ]     11
[ 89%] percona_vector.import_blocked            w22 [ pass ]    364
[ 89%] sys_vars.wait_timeout_func               w27 [ pass ]   5110
[ 89%] sys_vars.relay_log_index_basic           w25 [ pass ]    440
[ 89%] sys_vars.rpl_init_replica_func           w16 [ pass ]    709
[ 89%] sys_vars.admin_ssl_cipher_basic          w14 [ pass ]     11
[ 89%] percona_vector.index_newer_than_snapshot w18 [ pass ]    273
[ 89%] sys_vars.warning_count_basic             w27 [ pass ]     10
[ 90%] percona_vector.counter_stale_buffer      w2  [ pass ]   2959
[ 90%] percona_vector.aux_level_corruption      w20 [ pass ]   4202
[ 90%] percona_vector.index_not_scannable       w22 [ pass ]    143
[ 90%] sys_vars.replica_enable_event_basic      w7  [ pass ]  10042
[ 90%] sys_vars.admin_ssl_crl_basic             w14 [ pass ]     11
[ 90%] percona_vector.aux_predicate             w15 [ pass ]   4161
[ 90%] sys_vars.sha256_password_proxy_users_cmdl w12 [ pass ]  37826
[ 90%] percona_vector.misc_lifecycle            w27 [ pass ]    442
[ 90%] sys_vars.admin_ssl_crlpath_basic         w14 [ pass ]     10
[ 91%] percona_vector.instant_virtual           w19 [ pass ]   6090
[ 91%] percona_vector.aux_dml_debug             w11 [ pass ]   6062
[ 91%] percona_vector.pk_combinations           w22 [ pass ]    736
[ 91%] percona_vector.persistence               w20 [ pass ]   1081
[ 91%] sys_vars.admin_ssl_key_basic             w14 [ pass ]     10
[ 91%] percona_vector.max_memory_parallel_build w18 [ pass ]   1408
[ 91%] percona_vector.offpage                   w2  [ pass ]   1285
[ 91%] sys_vars.server_memory_basic             w21 [ pass ]  13887
[ 91%] percona_vector.update                    w22 [ pass ]    175
[ 92%] sys_vars.admin_tls_ciphersuites_basic    w14 [ pass ]     11
[ 92%] percona_vector.update_pk_lock_wait       w18 [ pass ]    152
[ 92%] sys_vars.server_uuid_basic               w21 [ pass ]     11
[ 92%] percona_vector.drop_index_aux_error      w29 [ pass ]   4345
[ 92%] percona_vector.update_pk                 w20 [ pass ]    569
[ 92%] sys_vars.admin_tls_version_basic         w22 [ pass ]      9
[ 92%] sys_vars.auto_generate_certs_basic       w14 [ pass ]      4
[ 92%] sys_vars.auto_increment_increment_basic  w18 [ pass ]     22
[ 92%] sys_vars.session_track_gtids_basic       w21 [ pass ]    142
[ 93%] sys_vars.autocommit_basic                w20 [ pass ]     16
[ 93%] percona_vector.graph_alloc_fail          w5  [ pass ]   6078
[ 93%] sys_vars.automatic_sp_privileges_basic   w14 [ pass ]     14
[ 93%] sys_vars.autocommit_func                 w22 [ pass ]     78
[ 93%] percona_vector.aux_node_missing          w24 [ pass ]   8231
[ 93%] percona_vector.drop_last_index           w30 [ pass ]   7367
[ 93%] sys_vars.automatic_sp_privileges_func    w18 [ pass ]    118
[ 93%] sys_vars.back_log_basic                  w21 [ pass ]     15
[ 93%] sys_vars.basedir_basic                   w20 [ pass ]     10
[ 94%] sys_vars.big_tables_basic                w5  [ pass ]     12
[ 94%] sys_vars.character_set_client_basic      w14 [ pass ]     55
[ 94%] sys_vars.character_set_client_func       w22 [ pass ]    112
[ 94%] sys_vars.log_query_errors_basic          w4  [ pass ]  22047
[ 94%] sys_vars.character_set_connection_basic  w24 [ pass ]     55
[ 94%] sys_vars.innodb_doublewrite_batch_size_basic w18 [ pass ]     10
[ 94%] sys_vars.innodb_doublewrite_dir_basic    w21 [ pass ]     15
[ 94%] sys_vars.innodb_doublewrite_files_basic  w20 [ pass ]     12
[ 94%] percona_vector.runtime_open              w7  [ pass ]   4180
[ 95%] sys_vars.character_set_connection_func   w30 [ pass ]    189
[ 95%] sys_vars.innodb_encrypt_online_alter_logs_basic w14 [ pass ]      5
[ 95%] sys_vars.innodb_doublewrite_pages_basic  w5  [ pass ]     10
[ 95%] sys_vars.log_slow_admin_statements_basic w4  [ pass ]      9
[ 95%] sys_vars.innodb_fast_shutdown_basic      w24 [ pass ]     18
[ 95%] percona_vector.transient_vs_corrupt      w11 [ pass ]   3212
[ 95%] sys_vars.innodb_fil_make_page_dirty_debug_basic w18 [ pass ]     72
[ 95%] sys_vars.innodb_file_io_threads_basic    w21 [ pass ]     17
[ 95%] percona_vector.search                    w27 [ pass ]   4186
[ 96%] sys_vars.offline_mode_basic              w14 [ pass ]     10
[ 96%] sys_vars.log_slow_filter_basic           w30 [ pass ]      4
[ 96%] sys_vars.log_slow_extra_basic            w7  [ pass ]     11
[ 96%] sys_vars.old_alter_table_basic           w5  [ pass ]     27
[ 96%] sys_vars.auto_increment_offset_basic     w29 [ pass ]     20
[ 96%] sys_vars.open_files_limit_basic          w4  [ pass ]     15
[ 96%] percona_vector.stale_node                w19 [ pass ]   4405
[ 96%] sys_vars.optimizer_prune_level_basic     w24 [ pass ]     17
[ 96%] sys_vars.optimizer_search_depth_basic    w11 [ pass ]     20
[ 97%] sys_vars.skip_show_database_basic        w21 [ pass ]     15
[ 97%] sys_vars.caching_sha2_password_storage_format_basic w28 [ pass ]  11079
[ 97%] sys_vars.proxy_user_basic                w18 [ pass ]      5
[ 97%] sys_vars.sysvars_with_aliases_64bit_nodebug w7  [ skipped ]  Test requires binaries to be compiled in release mode
[ 97%] sys_vars.slow_launch_time_basic          w27 [ pass ]     17
[ 97%] sys_vars.slow_query_log_always_write_time_basic w14 [ pass ]      6
[ 97%] sys_vars.slow_query_log_basic            w30 [ pass ]     14
[ 97%] sys_vars.table_definition_cache_basic    w5  [ pass ]     15
[ 97%] percona_vector.first_add_inplace         w31 [ pass ]  10364
[ 98%] percona_vector.index_build               w8  [ pass ]   8564
[ 98%] percona_vector.runtime_open_fail         w15 [ pass ]   7191
[ 98%] sys_vars.ngram_token_size_basic          w6  [ pass ]  26284
[ 98%] percona_vector.index_syntax              w25 [ pass ]   4462
[ 98%] percona_vector.max_memory                w16 [ pass ]   4768
[ 98%] percona_vector.alter_rebuild_column      w3  [ pass ]  15458
[ 98%] percona_vector.scan_lifetime             w12 [ pass ]   4709
[ 98%] sys_vars.sysvars_with_aliases_64bit_debug w9  [ pass ]  26153
[ 98%] sys_vars.persisted_sysvars_with_aliases  w10 [ pass ]  74534
[ 99%] sys_vars.log_slow_admin_statements_func  w20 [ pass ]  14707
[ 99%] percona_vector.index_build_parallel      w1  [ pass ]  21914
[ 99%] sys_vars.proxy_protocol_networks_malformed w17 [ pass ]  38200
[ 99%] percona_vector.alter_rebuild             w32 [ pass ]  37908
[ 99%] sys_vars.innodb_doublewrite_basic        w13 [ pass ]  75726
[ 99%] sys_vars.tmpdir_basic_debug              w26 [ pass ]  57135
[ 99%] sys_vars.skip_replica_start              w23 [ pass ]  71387
[ 99%] percona_vector.vector_indexes_i_s        w2  [ pass ]  64911
[ 99%] sys_vars.innodb_extend_and_initialize_basic w22 [ pass ]  63196
[100%] shutdown_report                          w0  [ pass ]       
------------------------------------------------------------------------------
The servers were restarted 144 times
The servers were reinitialized 3 times
Spent 1182.107 of 148 seconds executing testcases

Completed: All 871 tests were successful.

34 tests were skipped, 32 by the test itself.

