[  0%] Generating Docs/INFO_SRC
[  0%] Built target abi_check
[  0%] Built target absl_spinlock_wait
[  0%] Built target absl_strerror
[  0%] Built target absl_log_severity
[  1%] Built target zlib_objlib
[  1%] Built target absl_utf8_for_code_point
[  1%] Built target absl_exponential_biased
[  1%] Built target absl_civil_time
[  1%] Built target absl_log_internal_nullguard
[  1%] Built target absl_leak_check
[  1%] Built target absl_flags_commandlineflag_internal
[  1%] Built target lz4_lib
[  1%] Built target absl_time_zone
[  1%] Built target backtrace_objlib
[  1%] Built target icustubdata
[  2%] Built target xxhash_lib
[  2%] Built target uca9dump
[  2%] Built target mytime_objlib
[  2%] Built target all_sys_schema
[  3%] Built target mysql_containers
[  3%] Built target vio_objlib
[  3%] Built target GenLiteProtos
[  4%] Built target mysql_gtid
[  4%] Built target zstd_objlib
[  4%] Built target comp_sql
[  4%] Built target gen_lex_hash
[  4%] Built target libedit_vi
[  4%] Built target mysql_serialization
[  4%] Built target libedit_common
[  4%] Built target cno_huffman_generator
[  4%] Built target libedit_help
[  4%] Built target kmipcore
[  4%] Built target build_id_test
[  4%] Built target stack_direction
[  4%] Built target utf8_range
[  4%] Built target absl_random_internal_platform
[  4%] Built target libedit_emacs
[  4%] Built target kmip
[  4%] Built target opentelemetry_common
[  4%] Built target create_id_token
[  5%] Built target cbor
[  5%] Built target fido_client_common_objlib
[  5%] Built target decimal_objlib
[  6%] Built target OpenSSLPP
[  6%] Built target opentelemetry_version
[  6%] Built target mysqltest_safe_process
[  6%] Built target mysqlservices
[  6%] Built target oci_common_objlib
[  6%] Built target INFO_SRC
[  6%] Built target zlib
[  6%] Built target router_mysqlclient_shim_objlib
[  6%] Built target backtrace
[  6%] Built target mytime
[  6%] Built target harness_stdx
[  6%] Built target absl_raw_logging_internal
[  6%] Built target absl_periodic_sampler
[  6%] Built target zstd
[  6%] Built target json_schema_embedder
[  6%] Built target vio
[  6%] Built target GenFixPrivs
[  6%] Built target harness_tls
[  6%] Built target sql_commands
[  6%] Built target GenServerSource
[  6%] Built target strings_ja_hans
[  6%] Built target strings_zh_hans
[  6%] Built target do_cno_huffman_generator
[  6%] Built target GenBootstrapPriv
[  6%] Built target kmip_core_test
[  6%] Built target kmip_serialization_buffer_test
[  6%] Built target libedit_func
[  6%] Built target demo_create
[  6%] Built target libedit_fcns
[  6%] Built target kmip_parser_test
[  6%] Built target absl_random_internal_randen_hwaes_impl
[  6%] Built target absl_random_internal_randen_slow
[  6%] Built target demo_destroy
[  6%] Built target demo_locate
[  6%] Built target demo_query
[  6%] Built target demo_register
[  6%] Built target demo_get
[  6%] Built target decimal
[  6%] Built target kmippp
[  6%] Built target oci_common
[  6%] Built target opentelemetry_resources
[  7%] Built target kmipclient
[  7%] Built target absl_throw_delegate
[  7%] Generating Sys Schema C code
[  7%] Built target absl_cordz_functions
[  7%] Built target absl_scoped_set_env
[  7%] Built target absl_debugging_internal
[  7%] Built target router_mysqlclient_shim
[  7%] Built target absl_base
[  7%] Built target json_schema_target_configuration_update_schema
[  7%] Built target json_schema_target_dynamic_state_schema
[  7%] Built target absl_random_seed_gen_exception
[  8%] Built target cno
[  8%] Built target GenSysSchema
[  8%] Built target routing_frontend_lib
[  8%] Built target opentelemetry_http_client_curl
[  8%] Built target routing_connections
[  8%] Built target changestreams_standalone_static
[  8%] Built target demo_pp_create
[  8%] Built target demo_pp_get
[  9%] Built target demo_pp_all
[  9%] Built target demo_pp_register
[  9%] Built target demo_pp_activate
[  9%] Built target absl_random_internal_randen_hwaes
[  9%] Built target demo_pp_all_secrets
[  9%] Built target GenSysSchemaC
[  9%] Built target demo_pp_register_secret
[  9%] Built target demo_pp_get_secret
[  9%] Built target demo_pp_locate
[  9%] Built target example_activate
[  9%] Built target demo_pp_destroy
[  9%] Built target gen_lex_token
[  9%] Built target example_register_secret
[  9%] Built target demo_pp_get_name
[  9%] Built target example_create_aes
[  9%] Built target demo_pp_revoke
[  9%] Built target example_get_tls_verify
[  9%] Built target example_get_name
[  9%] Built target example_get
[ 10%] Built target edit
[ 10%] Built target example_revoke
[ 11%] Built target fido2
[ 11%] Built target mysql_binlog_event_standalone
[ 11%] Built target example_get_logger
[ 12%] Built target strings_objlib
[ 12%] Built target example_destroy
[ 12%] Built target example_get_secret
[ 12%] Built target example_register_key
[ 12%] Built target example_locate
[ 12%] Built target example_locate_by_group
[ 13%] Built target mysqlgcs
[ 13%] Built target example_get_all_ids
[ 13%] Built target example_pool
[ 13%] Built target example_supported_versions
[ 13%] Built target example_query_server_info
[ 13%] Built target example_get_attributes
[ 13%] Built target absl_tracing_internal
[ 13%] Built target absl_string_view
[ 13%] Built target absl_strings_internal
[ 13%] Built target absl_int128
[ 13%] Built target absl_malloc_internal
[ 13%] Built target connection_pool
[ 13%] Built target GenDigestServerSource
[ 13%] Built target absl_crc_cpu_detect
[ 13%] Built target absl_log_internal_conditions
[ 13%] Built target strings
[ 13%] Built target absl_decode_rust_punycode
[ 13%] Built target absl_city
[ 13%] Built target strings_shared
[ 13%] Built target absl_random_internal_randen
[ 14%] Built target opentelemetry_trace
[ 14%] Built target opentelemetry_logs
[ 16%] Built target mysys_objlib
[ 17%] Built target opentelemetry_metrics
[ 21%] Built target icuuc
[ 21%] Built target absl_poison
[ 21%] Built target absl_stacktrace
[ 21%] Built target absl_graphcycles_internal
[ 21%] Built target absl_demangle_rust
[ 21%] Built target conf_to_src
[ 22%] Built target absl_crc_internal
[ 22%] Built target absl_strings
[ 22%] Built target opentelemetry_exporter_ostream_span
[ 22%] Built target opentelemetry_exporter_in_memory
[ 22%] Built target mysys
[ 22%] Built target opentelemetry_exporter_ostream_logs
[ 22%] Built target opentelemetry_exporter_in_memory_metric
[ 22%] Built target opentelemetry_exporter_ostream_metrics
[ 22%] Built target absl_demangle_internal
[ 22%] Built target utf8_validity
[ 22%] Built target absl_hash
[ 22%] Built target absl_flags_commandlineflag
[ 22%] Built target absl_log_internal_proto
[ 22%] Built target absl_log_internal_fnmatch
[ 22%] Built target absl_random_distributions
[ 22%] Built target absl_random_internal_seed_material
[ 23%] Built target absl_time
[ 23%] Built target comp_err
[ 24%] Built target absl_str_format_internal
[ 24%] Built target thr_lock
[ 24%] Built target mf_iocache_test
[ 24%] Built target comp_client_err
[ 24%] Built target my_print_defaults
[ 24%] Built target absl_symbolize
[ 24%] Built target absl_flags_private_handle_accessor
[ 24%] Built target absl_log_internal_structured_proto
[ 24%] Built target GenError
[ 24%] Built target GenClientError
[ 24%] Built target absl_kernel_timeout_internal
[ 24%] Built target absl_log_internal_globals
[ 24%] Built target absl_log_entry
[ 24%] Built target absl_random_internal_distribution_test_util
[ 24%] Built target absl_flags_marshalling
[ 24%] Built target absl_crc32c
[ 24%] Built target absl_examine_stack
[ 24%] Built target installed_headers
[ 24%] Built target archive
[ 24%] Built target federated
[ 24%] Built target csv
[ 24%] Built target library_mysys
[ 24%] Built target ngram_parser
[ 24%] Built target blackhole
[ 24%] Built target mysql_native_password
[ 24%] Built target minchassis
[ 24%] Built target authentication_openid_connect_client
[ 24%] Built target audit_null
[ 24%] Built target authentication_ldap_sasl_client
[ 24%] Built target mock
[ 25%] Built target mysql_binlog_event
[ 25%] Built target authentication_oci_client
[ 25%] Built target test_security_context
[ 25%] Built target example
[ 25%] Built target qa_auth_server
[ 25%] Built target heap_library
[ 25%] Built target mysql_no_login
[ 25%] Built target qa_auth_interface
[ 25%] Built target auth_test_plugin
[ 25%] Built target ddl_rewriter
[ 25%] Built target ftexample
[ 25%] Built target keyring_udf
[ 25%] Built target daemon_example
[ 25%] Built target qa_auth_client
[ 25%] Built target conflicting_variables
[ 25%] Built target test_session_in_thd
[ 25%] Built target auth
[ 25%] Built target clientlib_objlib
[ 25%] Built target auth_socket
[ 25%] Built target rewrite_example
[ 25%] Built target innodb_zipdecompress
[ 25%] Built target test_x_sessions_init
[ 25%] Built target rewriter
[ 26%] Built target temptable
[ 26%] Built target auth_openid_connect
[ 26%] Built target validate_password
[ 26%] Built target test_sql_all_col_types
[ 26%] Built target test_sql_complex
[ 26%] Built target semisync_replica
[ 26%] Built target clone
[ 26%] Built target test_x_sessions_deinit
[ 26%] Built target myisammrg
[ 26%] Built target test_session_detach
[ 27%] Built target pfs_example_plugin_employee
[ 27%] Built target authentication_ldap_sasl
[ 27%] Built target test_session_attach
[ 27%] Built target authentication_ldap_simple
[ 27%] Built target procfs
[ 27%] Built target test_session_info
[ 27%] Built target test_sql_processlist
[ 27%] Built target test_sql_shutdown
[ 27%] Built target test_sql_2_sessions
[ 28%] Built target semisync_source
[ 28%] Built target test_sql_stored_procedures_functions
[ 28%] Built target test_sql_commit
[ 28%] Built target test_sql_lock
[ 28%] Built target test_sql_cmds_1
[ 28%] Built target replication_observers_example
[ 28%] Built target test_sql_errors
[ 28%] Built target test_framework
[ 28%] Built target test_services
[ 28%] Built target test_sql_sleep_is_connected
[ 28%] Built target test_sql_views_triggers
[ 28%] Built target test_services_thread
[ 28%] Built target test_services_plugin_registry
[ 28%] Built target test_sql_reset_connection
[ 29%] Built target test_sql_sqlmode
[ 29%] Built target test_sql_stmt
[ 29%] Built target test_sql_replication
[ 31%] Built target myisam_library
[ 31%] Built target component_mysqlx_global_reset
[ 31%] Built target component_classic_hashing
[ 31%] Built target test_services_host_application_signal
[ 31%] Built target test_services_command_services
[ 31%] Built target test_udf_services
[ 31%] Built target component_audit_api_message_emit
[ 31%] Built target component_example_component2
[ 31%] Built target component_example_component3
[ 31%] Built target component_test_string_service
[ 31%] Built target test_udf_wrappers
[ 31%] Built target component_test_string_service_long
[ 31%] Built target component_group_replication_flow_control_stats
[ 31%] Built target component_example_component1
[ 31%] Built target component_log_filter_dragnet
[ 31%] Built target component_test_string_service_charset
[ 31%] Built target component_log_sink_test
[ 31%] Built target component_pfs_example
[ 32%] Built target component_query_attributes
[ 32%] Built target component_test_backup_lock_service
[ 32%] Built target component_group_replication_elect_prefers_most_updated
[ 33%] Built target component_connection_control
[ 33%] Built target component_binlog_utils_udf
[ 33%] Built target component_mysqlbackup
[ 33%] Built target component_encryption_udf
[ 33%] Built target keyring_common_objlib
[ 33%] Built target component_log_sink_syseventlog
[ 33%] Built target component_log_sink_json
[ 33%] Built target component_pfs_example_component_population
[ 33%] Built target component_reference_cache
[ 33%] Built target component_test_udf_registration
[ 33%] Built target component_group_replication_resource_manager
[ 33%] Built target component_replication_applier_metrics
[ 33%] Built target component_percona_udf
[ 33%] Built target component_udf_reg_int_func
[ 33%] Built target component_udf_unreg_real_func
[ 33%] Built target component_udf_reg_3_func
[ 33%] Built target component_udf_reg_real_func
[ 33%] Built target component_udf_reg_int_same_func
[ 33%] Built target component_masking_functions
[ 33%] Built target component_test_sys_var_service_same
[ 33%] Built target component_udf_unreg_3_func
[ 33%] Built target component_udf_unreg_int_func
[ 33%] Built target component_test_sys_var_service
[ 33%] Built target component_test_sys_var_service_int
[ 33%] Built target component_test_status_var_service
[ 33%] Built target component_udf_reg_only_3_func
[ 33%] Built target component_test_sys_var_service_str
[ 33%] Built target component_test_status_var_service_int
[ 33%] Built target component_udf_reg_avg_func
[ 33%] Built target component_test_status_var_service_reg_only
[ 34%] Built target component_test_status_var_service_unreg_only
[ 34%] Built target component_test_system_variable_source
[ 34%] Built target component_test_mysql_runtime_error
[ 34%] Built target component_test_udf_aggregate
[ 34%] Built target component_test_host_application_signal
[ 34%] Built target component_test_component_init_fail
[ 34%] Built target component_test_component_deinit_no_deadlock
[ 34%] Built target component_test_component_deinit
[ 34%] Built target component_test_mysql_system_variable_set
[ 34%] Built target component_test_status_var_service_str
[ 34%] Built target component_test_audit_api_message
[ 34%] Built target component_test_mysql_current_thread_reader
[ 34%] Built target component_test_component_init_then_register
[ 39%] Built target icui18n
[ 41%] Built target mysql_server_component_services
[ 41%] Built target component_test_sensitive_system_variables
[ 41%] Built target component_test_mysql_thd_store_service
[ 41%] Built target component_test_mysql_command_services
[ 41%] Built target component_test_mysql_signal_handler
[ 42%] Built target component_audit_log_filter
[ 42%] Built target component_test_status_var_reader
[ 42%] Built target component_test_server_telemetry_metrics
[ 42%] Built target component_test_mysql_file_service
[ 42%] Built target component_test_telemetry_secret_provider
[ 42%] Built target component_test_server_telemetry_logs_client
[ 42%] Built target component_test_session_var_service
[ 42%] Built target component_test_server_telemetry_traces
[ 42%] Built target component_test_telemetry_resource_provider
[ 42%] Built target component_test_server_telemetry_logs_export
[ 42%] Built target component_test_event_tracking_consumer
[ 42%] Built target mysql_test_event_tracking
[ 42%] Built target component_validate_password
[ 42%] Built target component_uuid_vx_udf
[ 42%] Built target component_test_event_tracking_producer_a
[ 42%] Built target component_test_event_tracking_consumer_c
[ 42%] Built target component_test_event_tracking_consumer_b
[ 42%] Built target component_test_pfs_resource_group
[ 43%] Built target component_test_pfs_notification
[ 43%] Built target component_test_event_tracking_consumer_a
[ 43%] Built target component_test_execute_regular_statement
[ 43%] Built target component_test_execute_prepared_statement
[ 43%] Built target component_test_event_tracking_producer_b
[ 43%] Built target component_test_table_access
[ 43%] Built target mysql_keyring_encryption_test
[ 43%] Built target component_test_udf_services
[ 44%] Built target range_check_err
[ 44%] Built target innochecksum
[ 45%] Built target ibd2sdi
[ 45%] Built target sql_lexer
[ 45%] Built target absl_log_sink
[ 45%] Built target locking_service
[ 45%] Built target mysql_tzinfo_to_sql
[ 45%] Built target perror
[ 45%] Built target udf_example
[ 45%] Built target clientlib
[ 45%] Built target absl_crc_cord_state
[ 45%] Built target json_client_library_objlib
[ 45%] Built target myisamchk
[ 45%] Built target myisam_ftdump
[ 45%] Built target json_binlog
[ 45%] Built target absl_log_internal_format
[ 45%] Built target absl_synchronization
[ 45%] Built target myisamlog
[ 45%] Built target myisampack
[ 45%] Built target heap
[ 45%] Built target myisam
[ 45%] Built target keyring_common
[ 45%] Built target gen_keyword_list
[ 46%] Built target absl_failure_signal_handler
[ 46%] Built target connection_control
[ 46%] Built target libmysql
[ 46%] Built target json_client_library
[ 46%] Built target router_mysqlclient
[ 47%] Built target perconaserverclient
[ 47%] Built target GenKeywordList
[ 47%] Built target json_binlog_main
[ 47%] Built target absl_flags_program_name
[ 48%] Built target absl_hashtablez_sampler
[ 48%] Built target absl_cordz_handle
[ 48%] Built target absl_cord_internal
[ 48%] Built target absl_vlog_config_internal
[ 48%] Built target absl_random_internal_entropy_pool
[ 48%] Built target component_keyring_kmip
[ 48%] Built target component_keyring_file
[ 50%] Built target component_keyring_kms
[ 50%] Built target libmysql_api_test
[ 50%] Built target component_keyring_vault
[ 51%] Built target json_binlog_static
[ 52%] Built target json_client_library_main
[ 52%] Built target fido_client_common
[ 52%] Built target mysqladmin
[ 52%] Built target mysqlslap
[ 52%] Built target mysql_config_editor
[ 52%] Built target mysql_client_test
[ 52%] Built target mysql_secure_installation
[ 52%] Built target mysqlcheck
[ 52%] Built target mysql_migrate_keyring
[ 53%] Built target mysqlimport
[ 53%] Built target mysqldump
[ 53%] Built target authentication_kerberos_client
[ 53%] Built target mysqlshow
[ 53%] Built target absl_flags_config
[ 53%] Built target absl_log_globals
[ 53%] Built target mysqltest
[ 53%] Built target absl_cordz_info
[ 53%] Built target absl_random_seed_sequences
[ 53%] Built target mysql
[ 53%] Built target run_libmysql_api_test
[ 53%] Built target json_binlog_main_static
[ 53%] Built target authentication_webauthn_client
[ 53%] Built target absl_flags_internal
[ 55%] Built target harness-library
[ 55%] Built target absl_log_internal_log_sink_set
[ 55%] Built target absl_log_initialize
[ 55%] Built target absl_cordz_sample_token
[ 55%] Built target absl_cord
[ 55%] Built target mysqlbinlog
[ 58%] Built target perfschema
[ 58%] Built target router_openssl
[ 58%] Built target keepalive
[ 58%] Built target io_component
[ 58%] Built target mysqlrouter_plugin_info
[ 58%] Built target absl_log_internal_message
[ 58%] Built target mock_host_resolver
[ 58%] Built target connection_pool_plugin
[ 58%] Built target router_mysql
[ 59%] Built target router_utils
[ 59%] Built target host_cache
[ 59%] Built target absl_raw_hash_set
[ 59%] Built target absl_status
[ 59%] Built target absl_log_internal_check_op
[ 59%] Built target io
[ 59%] Built target absl_die_if_null
[ 59%] Built target mysqlrouter_keyring
[ 59%] Built target http_common
[ 59%] Built target absl_flags_reflection
[ 60%] Built target absl_profile_builder
[ 60%] Built target routing_guidelines-objects
[ 60%] Built target absl_statusor
[ 60%] Built target routing_guidelines-static
[ 60%] Built target routing_guidelines
[ 60%] Built target absl_flags_usage_internal
[ 60%] Built target absl_log_flags
[ 60%] Built target http_auth_backend_lib
[ 60%] Built target http_client
[ 60%] Built target absl_hashtable_profiler
[ 60%] Built target libprotobuf-lite
[ 60%] Built target http_auth_realm_lib
[ 60%] Built target absl_flags_usage
[ 60%] Built target router_cluster
[ 61%] Built target mysqlrouter_passwd
[ 61%] Built target mock_server_rest_client
[ 61%] Built target rest_cli
[ 61%] Built target http_auth_realm
[ 61%] Built target absl_flags_parse
[ 61%] Built target router_lib
[ 61%] Built target http_server_lib
[ 63%] Built target libprotobuf
[ 63%] Built target rest_api_lib
[ 63%] Built target destination_status
[ 63%] Built target mysql_rest_service_json
[ 63%] Built target router_frontend_lib
[ 64%] Built target mysql_rest_service_helper
[ 64%] Built target http_server
[ 64%] Built target router_protobuf
[ 64%] Built target destination_status_plugin
[ 64%] Built target mysqlrouter
[ 64%] Built target rest_api
[ 64%] Built target mysqlrouter_mrs_client
[ 65%] Built target mysql_rest_service_db
[ 66%] Built target libprotoc
[ 66%] Built target rest_router
[ 66%] Built target rest_connection_pool
[ 66%] Built target rest_host_cache
[ 66%] Built target mysqlrouter_bootstrap
[ 66%] Built target protoc
[ 66%] Built target rpl_protobuf_lite
[ 66%] Built target gr_protobuf_lite
[ 66%] Built target opentelemetry_proto
[ 66%] Built target mysqlxmessages_lite
[ 66%] Built target mysqlxmessages
[ 67%] Built target mysql_rest_service_impl
[ 67%] Built target opentelemetry_exporter_otlp_http_client
[ 67%] Built target opentelemetry_otlp_recordable
[ 67%] Built target xprotocol_plugin
[ 68%] Built target mysqlxclient_lite
[ 69%] Built target router_mysqlxmessages
[ 69%] Built target mysqlxclient
[ 69%] Built target xprotocol_tags
[ 69%] Built target opentelemetry_exporter_otlp_http_log
[ 69%] Built target opentelemetry_exporter_otlp_http_metric
[ 69%] Built target opentelemetry_exporter_otlp_http
[ 69%] Built target router_mysqlxclient
[ 69%] Built target telemetry_client
[ 70%] Built target mysqlxtest
[ 71%] Built target component_telemetry
[ 72%] Built target metadata_cache
[ 72%] Built target http_auth_backend
[ 72%] Built target metadata_cache_plugin
[ 72%] Built target rest_metadata_cache
[ 74%] Built target group_replication
[ 77%] Built target mysqlx
[ 79%] Built target routing
[ 79%] Built target routing_plugin
[ 79%] Built target mysql_rest_service
[ 80%] Built target rest_routing
[ 81%] Built target rpl_replica
[ 81%] Built target rpl_source
[ 81%] Built target rpl
[ 82%] Built target binlog
[ 85%] Built target sql_dd
[ 86%] Built target sql_gis
[ 94%] Built target sql_main
[ 94%] Building CXX object storage/innobase/CMakeFiles/innobase.dir/handler/i_s.cc.o
[ 94%] Linking CXX static library libinnobase.a
[100%] Built target innobase
[100%] Linking CXX executable ../runtime_output_directory/mysqld
[100%] Built target mysqld
[100%] Built target INFO_BIN
